[4.733s] Invoking command in '/home/aditi/amr_ws/src/robot_bringup': PYTHONPATH=/home/aditi/amr_ws/build/robot_bringup/prefix_override:/usr/lib/python3/dist-packages/colcon_core/task/python/colcon_distutils_commands:/home/aditi/amr_ws/install/robot_bringup/lib/python3.14/site-packages:${PYTHONPATH} /usr/bin/python3 -W ignore:setup.py install is deprecated -W ignore:easy_install command is deprecated setup.py egg_info --egg-base ../../build/robot_bringup build --build-base /home/aditi/amr_ws/build/robot_bringup/build install --record /home/aditi/amr_ws/build/robot_bringup/install.log --single-version-externally-managed install_data
[5.438s] running egg_info
[5.491s] writing ../../build/robot_bringup/robot_bringup.egg-info/PKG-INFO
[5.493s] writing dependency_links to ../../build/robot_bringup/robot_bringup.egg-info/dependency_links.txt
[5.494s] writing requirements to ../../build/robot_bringup/robot_bringup.egg-info/requires.txt
[5.494s] writing top-level names to ../../build/robot_bringup/robot_bringup.egg-info/top_level.txt
[5.596s] reading manifest file '../../build/robot_bringup/robot_bringup.egg-info/SOURCES.txt'
[5.598s] writing manifest file '../../build/robot_bringup/robot_bringup.egg-info/SOURCES.txt'
[5.598s] running build
[5.599s] running build_py
[5.599s] copying robot_bringup/__init__.py -> /home/aditi/amr_ws/build/robot_bringup/build/lib/robot_bringup
[5.600s] running install
[5.611s] running install_lib
[5.667s] running install_data
[5.668s] copying resource/robot_bringup -> /home/aditi/amr_ws/install/robot_bringup/share/ament_index/resource_index/packages
[5.670s] copying package.xml -> /home/aditi/amr_ws/install/robot_bringup/share/robot_bringup
[5.671s] copying launch/bringup.launch.py -> /home/aditi/amr_ws/install/robot_bringup/share/robot_bringup/launch
[5.671s] running install_egg_info
[5.717s] removing '/home/aditi/amr_ws/install/robot_bringup/lib/python3.14/site-packages/robot_bringup-0.0.0-py3.14.egg-info' (and everything under it)
[5.719s] Copying ../../build/robot_bringup/robot_bringup.egg-info to /home/aditi/amr_ws/install/robot_bringup/lib/python3.14/site-packages/robot_bringup-0.0.0-py3.14.egg-info
[5.723s] running install_scripts
[5.947s] writing list of installed files to '/home/aditi/amr_ws/build/robot_bringup/install.log'
[6.046s] Invoked command in '/home/aditi/amr_ws/src/robot_bringup' returned '0': PYTHONPATH=/home/aditi/amr_ws/build/robot_bringup/prefix_override:/usr/lib/python3/dist-packages/colcon_core/task/python/colcon_distutils_commands:/home/aditi/amr_ws/install/robot_bringup/lib/python3.14/site-packages:${PYTHONPATH} /usr/bin/python3 -W ignore:setup.py install is deprecated -W ignore:easy_install command is deprecated setup.py egg_info --egg-base ../../build/robot_bringup build --build-base /home/aditi/amr_ws/build/robot_bringup/build install --record /home/aditi/amr_ws/build/robot_bringup/install.log --single-version-externally-managed install_data
