[2.023s] Invoking command in '/home/aditi/amr_ws/src/fleet_coordination': PYTHONPATH=/home/aditi/amr_ws/build/fleet_coordination/prefix_override:/usr/lib/python3/dist-packages/colcon_core/task/python/colcon_distutils_commands:/home/aditi/amr_ws/install/fleet_coordination/lib/python3.14/site-packages:/home/aditi/amr_ws/install/fleet_msgs/lib/python3.14/site-packages:/home/aditi/amr_ws/install/task_allocator/lib/python3.14/site-packages:/home/aditi/amr_ws/install/robot_bringup/lib/python3.14/site-packages:/home/aditi/amr_ws/install/fleet_coordination/lib/python3.14/site-packages:/home/aditi/amr_ws/install/dashboard_bridge/lib/python3.14/site-packages:/opt/ros/lyrical/opt/gz_math_vendor/lib/python:/opt/ros/lyrical/lib/python3.14/site-packages /usr/bin/python3 -W ignore:setup.py install is deprecated -W ignore:easy_install command is deprecated setup.py egg_info --egg-base ../../build/fleet_coordination build --build-base /home/aditi/amr_ws/build/fleet_coordination/build install --record /home/aditi/amr_ws/build/fleet_coordination/install.log --install-scripts $base/lib/fleet_coordination --single-version-externally-managed install_data
[2.771s] running egg_info
[2.835s] writing ../../build/fleet_coordination/fleet_coordination.egg-info/PKG-INFO
[2.836s] writing dependency_links to ../../build/fleet_coordination/fleet_coordination.egg-info/dependency_links.txt
[2.837s] writing entry points to ../../build/fleet_coordination/fleet_coordination.egg-info/entry_points.txt
[2.837s] writing requirements to ../../build/fleet_coordination/fleet_coordination.egg-info/requires.txt
[2.838s] writing top-level names to ../../build/fleet_coordination/fleet_coordination.egg-info/top_level.txt
[2.969s] reading manifest file '../../build/fleet_coordination/fleet_coordination.egg-info/SOURCES.txt'
[2.973s] writing manifest file '../../build/fleet_coordination/fleet_coordination.egg-info/SOURCES.txt'
[2.974s] running build
[2.974s] running build_py
[2.975s] copying fleet_coordination/fleet_agent_node.py -> /home/aditi/amr_ws/build/fleet_coordination/build/lib/fleet_coordination
[2.976s] copying fleet_coordination/__init__.py -> /home/aditi/amr_ws/build/fleet_coordination/build/lib/fleet_coordination
[2.977s] running install
[2.992s] running install_lib
[3.059s] copying /home/aditi/amr_ws/build/fleet_coordination/build/lib/fleet_coordination/fleet_agent_node.py -> /home/aditi/amr_ws/install/fleet_coordination/lib/python3.14/site-packages/fleet_coordination
[3.061s] byte-compiling /home/aditi/amr_ws/install/fleet_coordination/lib/python3.14/site-packages/fleet_coordination/fleet_agent_node.py to fleet_agent_node.cpython-314.pyc
[3.073s] running install_data
[3.074s] copying resource/fleet_coordination -> /home/aditi/amr_ws/install/fleet_coordination/share/ament_index/resource_index/packages
[3.076s] copying package.xml -> /home/aditi/amr_ws/install/fleet_coordination/share/fleet_coordination
[3.077s] running install_egg_info
[3.165s] removing '/home/aditi/amr_ws/install/fleet_coordination/lib/python3.14/site-packages/fleet_coordination-0.0.0-py3.14.egg-info' (and everything under it)
[3.166s] Copying ../../build/fleet_coordination/fleet_coordination.egg-info to /home/aditi/amr_ws/install/fleet_coordination/lib/python3.14/site-packages/fleet_coordination-0.0.0-py3.14.egg-info
[3.170s] running install_scripts
[3.419s] Installing fleet_agent_node script to /home/aditi/amr_ws/install/fleet_coordination/lib/fleet_coordination
[3.420s] writing list of installed files to '/home/aditi/amr_ws/build/fleet_coordination/install.log'
[3.480s] Invoked command in '/home/aditi/amr_ws/src/fleet_coordination' returned '0': PYTHONPATH=/home/aditi/amr_ws/build/fleet_coordination/prefix_override:/usr/lib/python3/dist-packages/colcon_core/task/python/colcon_distutils_commands:/home/aditi/amr_ws/install/fleet_coordination/lib/python3.14/site-packages:/home/aditi/amr_ws/install/fleet_msgs/lib/python3.14/site-packages:/home/aditi/amr_ws/install/task_allocator/lib/python3.14/site-packages:/home/aditi/amr_ws/install/robot_bringup/lib/python3.14/site-packages:/home/aditi/amr_ws/install/fleet_coordination/lib/python3.14/site-packages:/home/aditi/amr_ws/install/dashboard_bridge/lib/python3.14/site-packages:/opt/ros/lyrical/opt/gz_math_vendor/lib/python:/opt/ros/lyrical/lib/python3.14/site-packages /usr/bin/python3 -W ignore:setup.py install is deprecated -W ignore:easy_install command is deprecated setup.py egg_info --egg-base ../../build/fleet_coordination build --build-base /home/aditi/amr_ws/build/fleet_coordination/build install --record /home/aditi/amr_ws/build/fleet_coordination/install.log --install-scripts $base/lib/fleet_coordination --single-version-externally-managed install_data
