[1.715s] Invoking command in '/home/aditi/amr_ws/src/robot_bringup': PYTHONPATH=/home/aditi/amr_ws/build/robot_bringup/prefix_override:/usr/lib/python3/dist-packages/colcon_core/task/python/colcon_distutils_commands:/home/aditi/amr_ws/install/robot_bringup/lib/python3.14/site-packages:${PYTHONPATH} /usr/bin/python3 -W ignore:setup.py install is deprecated -W ignore:easy_install command is deprecated setup.py egg_info --egg-base ../../build/robot_bringup build --build-base /home/aditi/amr_ws/build/robot_bringup/build install --record /home/aditi/amr_ws/build/robot_bringup/install.log --single-version-externally-managed install_data
[2.288s] running egg_info
[2.318s] writing ../../build/robot_bringup/robot_bringup.egg-info/PKG-INFO
[2.319s] writing dependency_links to ../../build/robot_bringup/robot_bringup.egg-info/dependency_links.txt
[2.319s] writing requirements to ../../build/robot_bringup/robot_bringup.egg-info/requires.txt
[2.319s] writing top-level names to ../../build/robot_bringup/robot_bringup.egg-info/top_level.txt
[2.410s] reading manifest file '../../build/robot_bringup/robot_bringup.egg-info/SOURCES.txt'
[2.412s] writing manifest file '../../build/robot_bringup/robot_bringup.egg-info/SOURCES.txt'
[2.413s] running build
[2.414s] running build_py
[2.414s] copying robot_bringup/__init__.py -> /home/aditi/amr_ws/build/robot_bringup/build/lib/robot_bringup
[2.414s] running install
[2.426s] running install_lib
[2.490s] running install_data
[2.490s] copying resource/robot_bringup -> /home/aditi/amr_ws/install/robot_bringup/share/ament_index/resource_index/packages
[2.491s] copying package.xml -> /home/aditi/amr_ws/install/robot_bringup/share/robot_bringup
[2.492s] copying launch/bringup.launch.py -> /home/aditi/amr_ws/install/robot_bringup/share/robot_bringup/launch
[2.492s] running install_egg_info
[2.564s] removing '/home/aditi/amr_ws/install/robot_bringup/lib/python3.14/site-packages/robot_bringup-0.0.0-py3.14.egg-info' (and everything under it)
[2.565s] Copying ../../build/robot_bringup/robot_bringup.egg-info to /home/aditi/amr_ws/install/robot_bringup/lib/python3.14/site-packages/robot_bringup-0.0.0-py3.14.egg-info
[2.568s] running install_scripts
[2.800s] writing list of installed files to '/home/aditi/amr_ws/build/robot_bringup/install.log'
[2.857s] Invoked command in '/home/aditi/amr_ws/src/robot_bringup' returned '0': PYTHONPATH=/home/aditi/amr_ws/build/robot_bringup/prefix_override:/usr/lib/python3/dist-packages/colcon_core/task/python/colcon_distutils_commands:/home/aditi/amr_ws/install/robot_bringup/lib/python3.14/site-packages:${PYTHONPATH} /usr/bin/python3 -W ignore:setup.py install is deprecated -W ignore:easy_install command is deprecated setup.py egg_info --egg-base ../../build/robot_bringup build --build-base /home/aditi/amr_ws/build/robot_bringup/build install --record /home/aditi/amr_ws/build/robot_bringup/install.log --single-version-externally-managed install_data
