[0.027s] Invoking command in '/home/aditi/amr_ws/build/fleet_msgs': CMAKE_PREFIX_PATH=${CMAKE_PREFIX_PATH}:/home/aditi/amr_ws/install/task_allocator:/home/aditi/amr_ws/install/robot_bringup:/home/aditi/amr_ws/install/fleet_coordination:/home/aditi/amr_ws/install/dashboard_bridge:/opt/ros/lyrical /usr/bin/cmake /home/aditi/amr_ws/src/fleet_msgs -DCMAKE_INSTALL_PREFIX=/home/aditi/amr_ws/install/fleet_msgs
[0.054s] -- Found ament_cmake: 2.8.8 (/opt/ros/lyrical/share/ament_cmake/cmake)
[0.263s] -- Found rosidl_default_generators: 1.8.1 (/opt/ros/lyrical/share/rosidl_default_generators/cmake)
[0.268s] -- Using all available rosidl_typesupport_c: rosidl_typesupport_fastrtps_c;rosidl_typesupport_introspection_c
[0.314s] -- Using all available rosidl_typesupport_cpp: rosidl_typesupport_fastrtps_cpp;rosidl_typesupport_introspection_cpp
[0.367s] -- Found rosidl_adapter: 5.2.1 (/opt/ros/lyrical/share/rosidl_adapter/cmake)
[1.154s] -- Using all available rosidl_typesupport_c: rosidl_typesupport_fastrtps_c;rosidl_typesupport_introspection_c
[1.417s] -- Using all available rosidl_typesupport_cpp: rosidl_typesupport_fastrtps_cpp;rosidl_typesupport_introspection_cpp
[1.904s] -- Found Python3: /usr/bin/python3 (found version "3.14.4") found components: Interpreter Development NumPy Development.Module Development.Embed
[1.993s] -- Found Python3: /usr/bin/python3 (found version "3.14.4") found components: Interpreter
[2.035s] -- Configuring done (2.0s)
[2.353s] -- Generating done (0.3s)
[2.416s] -- Build files have been written to: /home/aditi/amr_ws/build/fleet_msgs
[2.433s] Invoked command in '/home/aditi/amr_ws/build/fleet_msgs' returned '0': CMAKE_PREFIX_PATH=${CMAKE_PREFIX_PATH}:/home/aditi/amr_ws/install/task_allocator:/home/aditi/amr_ws/install/robot_bringup:/home/aditi/amr_ws/install/fleet_coordination:/home/aditi/amr_ws/install/dashboard_bridge:/opt/ros/lyrical /usr/bin/cmake /home/aditi/amr_ws/src/fleet_msgs -DCMAKE_INSTALL_PREFIX=/home/aditi/amr_ws/install/fleet_msgs
[2.441s] Invoking command in '/home/aditi/amr_ws/build/fleet_msgs': CMAKE_PREFIX_PATH=${CMAKE_PREFIX_PATH}:/home/aditi/amr_ws/install/task_allocator:/home/aditi/amr_ws/install/robot_bringup:/home/aditi/amr_ws/install/fleet_coordination:/home/aditi/amr_ws/install/dashboard_bridge:/opt/ros/lyrical /usr/bin/cmake --build /home/aditi/amr_ws/build/fleet_msgs -- -j8 -l8
[2.591s] [  1%] Built target fleet_msgs__rosidl_generator_type_description
[2.595s] [  2%] Built target fleet_msgs__rs
[2.659s] [  3%] Built target fleet_msgs__cpp
[2.692s] [ 27%] Built target fleet_msgs__rosidl_generator_c
[2.787s] [ 38%] Built target fleet_msgs__rosidl_typesupport_c
[2.787s] [ 45%] Built target fleet_msgs__rosidl_typesupport_introspection_c
[2.796s] [ 55%] Built target fleet_msgs__rosidl_typesupport_cpp
[2.801s] [ 64%] Built target fleet_msgs__rosidl_typesupport_fastrtps_cpp
[2.803s] [ 81%] Built target fleet_msgs__rosidl_typesupport_introspection_cpp
[2.803s] [ 83%] Built target fleet_msgs__rosidl_typesupport_fastrtps_c
[2.834s] [ 83%] Built target fleet_msgs
[2.868s] [ 84%] Built target fleet_msgs__py
[2.920s] [ 84%] Built target ament_cmake_python_sync_fleet_msgs
[2.921s] [ 92%] Built target fleet_msgs__rosidl_generator_py
[2.967s] [ 95%] Built target fleet_msgs_s__rosidl_typesupport_c
[2.969s] [ 97%] Built target fleet_msgs_s__rosidl_typesupport_introspection_c
[2.971s] [100%] Built target fleet_msgs_s__rosidl_typesupport_fastrtps_c
[3.584s] running egg_info
[3.648s] writing fleet_msgs.egg-info/PKG-INFO
[3.650s] writing dependency_links to fleet_msgs.egg-info/dependency_links.txt
[3.650s] writing top-level names to fleet_msgs.egg-info/top_level.txt
[3.821s] reading manifest file 'fleet_msgs.egg-info/SOURCES.txt'
[3.825s] writing manifest file 'fleet_msgs.egg-info/SOURCES.txt'
[4.018s] [100%] Built target ament_cmake_python_build_fleet_msgs_egg
[4.044s] Invoked command in '/home/aditi/amr_ws/build/fleet_msgs' returned '0': CMAKE_PREFIX_PATH=${CMAKE_PREFIX_PATH}:/home/aditi/amr_ws/install/task_allocator:/home/aditi/amr_ws/install/robot_bringup:/home/aditi/amr_ws/install/fleet_coordination:/home/aditi/amr_ws/install/dashboard_bridge:/opt/ros/lyrical /usr/bin/cmake --build /home/aditi/amr_ws/build/fleet_msgs -- -j8 -l8
[4.064s] Invoking command in '/home/aditi/amr_ws/build/fleet_msgs': CMAKE_PREFIX_PATH=${CMAKE_PREFIX_PATH}:/home/aditi/amr_ws/install/task_allocator:/home/aditi/amr_ws/install/robot_bringup:/home/aditi/amr_ws/install/fleet_coordination:/home/aditi/amr_ws/install/dashboard_bridge:/opt/ros/lyrical /usr/bin/cmake --install /home/aditi/amr_ws/build/fleet_msgs
[4.080s] -- Install configuration: ""
[4.081s] -- Up-to-date: /home/aditi/amr_ws/install/fleet_msgs/share/ament_index/resource_index/rosidl_interfaces/fleet_msgs
[4.082s] -- Up-to-date: /home/aditi/amr_ws/install/fleet_msgs/share/fleet_msgs/msg/RobotState.json
[4.082s] -- Up-to-date: /home/aditi/amr_ws/install/fleet_msgs/share/fleet_msgs/msg/RobotIntent.json
[4.083s] -- Up-to-date: /home/aditi/amr_ws/install/fleet_msgs/share/fleet_msgs/msg/ResourceClaim.json
[4.083s] -- Up-to-date: /home/aditi/amr_ws/install/fleet_msgs/share/fleet_msgs/msg/TaskAnnouncement.json
[4.084s] -- Up-to-date: /home/aditi/amr_ws/install/fleet_msgs/share/fleet_msgs/msg/TaskBid.json
[4.084s] -- Up-to-date: /home/aditi/amr_ws/install/fleet_msgs/share/fleet_msgs/msg/Heartbeat.json
[4.085s] -- Up-to-date: /home/aditi/amr_ws/install/fleet_msgs/include/fleet_msgs/fleet_msgs
[4.086s] -- Up-to-date: /home/aditi/amr_ws/install/fleet_msgs/include/fleet_msgs/fleet_msgs/msg
[4.086s] -- Up-to-date: /home/aditi/amr_ws/install/fleet_msgs/include/fleet_msgs/fleet_msgs/msg/rosidl_generator_c__visibility_control.h
[4.087s] -- Up-to-date: /home/aditi/amr_ws/install/fleet_msgs/include/fleet_msgs/fleet_msgs/msg/task_announcement.h
[4.088s] -- Up-to-date: /home/aditi/amr_ws/install/fleet_msgs/include/fleet_msgs/fleet_msgs/msg/task_bid.h
[4.088s] -- Up-to-date: /home/aditi/amr_ws/install/fleet_msgs/include/fleet_msgs/fleet_msgs/msg/resource_claim.h
[4.089s] -- Up-to-date: /home/aditi/amr_ws/install/fleet_msgs/include/fleet_msgs/fleet_msgs/msg/robot_intent.h
[4.090s] -- Up-to-date: /home/aditi/amr_ws/install/fleet_msgs/include/fleet_msgs/fleet_msgs/msg/robot_state.h
[4.090s] -- Up-to-date: /home/aditi/amr_ws/install/fleet_msgs/include/fleet_msgs/fleet_msgs/msg/heartbeat.h
[4.091s] -- Up-to-date: /home/aditi/amr_ws/install/fleet_msgs/include/fleet_msgs/fleet_msgs/msg/detail
[4.091s] -- Up-to-date: /home/aditi/amr_ws/install/fleet_msgs/include/fleet_msgs/fleet_msgs/msg/detail/task_announcement__functions.h
[4.092s] -- Up-to-date: /home/aditi/amr_ws/install/fleet_msgs/include/fleet_msgs/fleet_msgs/msg/detail/robot_intent__functions.c
[4.093s] -- Up-to-date: /home/aditi/amr_ws/install/fleet_msgs/include/fleet_msgs/fleet_msgs/msg/detail/task_bid__struct.h
[4.093s] -- Installing: /home/aditi/amr_ws/install/fleet_msgs/include/fleet_msgs/fleet_msgs/msg/detail/resource_claim__type_support.c
[4.093s] -- Up-to-date: /home/aditi/amr_ws/install/fleet_msgs/include/fleet_msgs/fleet_msgs/msg/detail/robot_state__functions.c
[4.094s] -- Up-to-date: /home/aditi/amr_ws/install/fleet_msgs/include/fleet_msgs/fleet_msgs/msg/detail/heartbeat__description.c
[4.094s] -- Installing: /home/aditi/amr_ws/install/fleet_msgs/include/fleet_msgs/fleet_msgs/msg/detail/robot_state__type_support.c
[4.095s] -- Up-to-date: /home/aditi/amr_ws/install/fleet_msgs/include/fleet_msgs/fleet_msgs/msg/detail/resource_claim__functions.h
[4.095s] -- Up-to-date: /home/aditi/amr_ws/install/fleet_msgs/include/fleet_msgs/fleet_msgs/msg/detail/robot_intent__struct.h
[4.096s] -- Up-to-date: /home/aditi/amr_ws/install/fleet_msgs/include/fleet_msgs/fleet_msgs/msg/detail/task_announcement__struct.h
[4.096s] -- Up-to-date: /home/aditi/amr_ws/install/fleet_msgs/include/fleet_msgs/fleet_msgs/msg/detail/robot_intent__type_support.h
[4.097s] -- Installing: /home/aditi/amr_ws/install/fleet_msgs/include/fleet_msgs/fleet_msgs/msg/detail/heartbeat__type_support.c
[4.098s] -- Up-to-date: /home/aditi/amr_ws/install/fleet_msgs/include/fleet_msgs/fleet_msgs/msg/detail/robot_state__type_support.h
[4.099s] -- Up-to-date: /home/aditi/amr_ws/install/fleet_msgs/include/fleet_msgs/fleet_msgs/msg/detail/task_announcement__description.c
[4.099s] -- Installing: /home/aditi/amr_ws/install/fleet_msgs/include/fleet_msgs/fleet_msgs/msg/detail/robot_intent__type_support.c
[4.100s] -- Installing: /home/aditi/amr_ws/install/fleet_msgs/include/fleet_msgs/fleet_msgs/msg/detail/task_bid__type_support.c
[4.100s] -- Up-to-date: /home/aditi/amr_ws/install/fleet_msgs/include/fleet_msgs/fleet_msgs/msg/detail/task_bid__type_support.h
[4.101s] -- Up-to-date: /home/aditi/amr_ws/install/fleet_msgs/include/fleet_msgs/fleet_msgs/msg/detail/task_bid__description.c
[4.101s] -- Up-to-date: /home/aditi/amr_ws/install/fleet_msgs/include/fleet_msgs/fleet_msgs/msg/detail/robot_state__description.c
[4.102s] -- Up-to-date: /home/aditi/amr_ws/install/fleet_msgs/include/fleet_msgs/fleet_msgs/msg/detail/heartbeat__type_support.h
[4.103s] -- Up-to-date: /home/aditi/amr_ws/install/fleet_msgs/include/fleet_msgs/fleet_msgs/msg/detail/task_bid__functions.h
[4.103s] -- Up-to-date: /home/aditi/amr_ws/install/fleet_msgs/include/fleet_msgs/fleet_msgs/msg/detail/robot_intent__description.c
[4.104s] -- Up-to-date: /home/aditi/amr_ws/install/fleet_msgs/include/fleet_msgs/fleet_msgs/msg/detail/robot_state__struct.h
[4.104s] -- Up-to-date: /home/aditi/amr_ws/install/fleet_msgs/include/fleet_msgs/fleet_msgs/msg/detail/resource_claim__description.c
[4.104s] -- Up-to-date: /home/aditi/amr_ws/install/fleet_msgs/include/fleet_msgs/fleet_msgs/msg/detail/resource_claim__functions.c
[4.104s] -- Installing: /home/aditi/amr_ws/install/fleet_msgs/include/fleet_msgs/fleet_msgs/msg/detail/task_announcement__type_support.c
[4.104s] -- Up-to-date: /home/aditi/amr_ws/install/fleet_msgs/include/fleet_msgs/fleet_msgs/msg/detail/task_announcement__functions.c
[4.105s] -- Up-to-date: /home/aditi/amr_ws/install/fleet_msgs/include/fleet_msgs/fleet_msgs/msg/detail/resource_claim__type_support.h
[4.105s] -- Up-to-date: /home/aditi/amr_ws/install/fleet_msgs/include/fleet_msgs/fleet_msgs/msg/detail/robot_state__functions.h
[4.106s] -- Up-to-date: /home/aditi/amr_ws/install/fleet_msgs/include/fleet_msgs/fleet_msgs/msg/detail/task_announcement__type_support.h
[4.106s] -- Up-to-date: /home/aditi/amr_ws/install/fleet_msgs/include/fleet_msgs/fleet_msgs/msg/detail/heartbeat__functions.c
[4.106s] -- Up-to-date: /home/aditi/amr_ws/install/fleet_msgs/include/fleet_msgs/fleet_msgs/msg/detail/heartbeat__functions.h
[4.106s] -- Up-to-date: /home/aditi/amr_ws/install/fleet_msgs/include/fleet_msgs/fleet_msgs/msg/detail/task_bid__functions.c
[4.106s] -- Up-to-date: /home/aditi/amr_ws/install/fleet_msgs/include/fleet_msgs/fleet_msgs/msg/detail/resource_claim__struct.h
[4.107s] -- Up-to-date: /home/aditi/amr_ws/install/fleet_msgs/include/fleet_msgs/fleet_msgs/msg/detail/robot_intent__functions.h
[4.107s] -- Up-to-date: /home/aditi/amr_ws/install/fleet_msgs/include/fleet_msgs/fleet_msgs/msg/detail/heartbeat__struct.h
[4.107s] -- Up-to-date: /home/aditi/amr_ws/install/fleet_msgs/share/fleet_msgs/environment/library_path.sh
[4.108s] -- Up-to-date: /home/aditi/amr_ws/install/fleet_msgs/share/fleet_msgs/environment/library_path.dsv
[4.108s] -- Up-to-date: /home/aditi/amr_ws/install/fleet_msgs/lib/libfleet_msgs__rosidl_generator_c.so
[4.109s] -- Up-to-date: /home/aditi/amr_ws/install/fleet_msgs/include/fleet_msgs/fleet_msgs
[4.109s] -- Up-to-date: /home/aditi/amr_ws/install/fleet_msgs/include/fleet_msgs/fleet_msgs/msg
[4.110s] -- Up-to-date: /home/aditi/amr_ws/install/fleet_msgs/include/fleet_msgs/fleet_msgs/msg/rosidl_typesupport_fastrtps_c__visibility_control.h
[4.111s] -- Up-to-date: /home/aditi/amr_ws/install/fleet_msgs/include/fleet_msgs/fleet_msgs/msg/detail
[4.111s] -- Up-to-date: /home/aditi/amr_ws/install/fleet_msgs/include/fleet_msgs/fleet_msgs/msg/detail/robot_state__rosidl_typesupport_fastrtps_c.h
[4.112s] -- Up-to-date: /home/aditi/amr_ws/install/fleet_msgs/include/fleet_msgs/fleet_msgs/msg/detail/robot_intent__rosidl_typesupport_fastrtps_c.h
[4.112s] -- Up-to-date: /home/aditi/amr_ws/install/fleet_msgs/include/fleet_msgs/fleet_msgs/msg/detail/heartbeat__rosidl_typesupport_fastrtps_c.h
[4.113s] -- Up-to-date: /home/aditi/amr_ws/install/fleet_msgs/include/fleet_msgs/fleet_msgs/msg/detail/task_announcement__rosidl_typesupport_fastrtps_c.h
[4.113s] -- Up-to-date: /home/aditi/amr_ws/install/fleet_msgs/include/fleet_msgs/fleet_msgs/msg/detail/task_bid__rosidl_typesupport_fastrtps_c.h
[4.113s] -- Up-to-date: /home/aditi/amr_ws/install/fleet_msgs/include/fleet_msgs/fleet_msgs/msg/detail/resource_claim__rosidl_typesupport_fastrtps_c.h
[4.113s] -- Up-to-date: /home/aditi/amr_ws/install/fleet_msgs/lib/libfleet_msgs__rosidl_typesupport_fastrtps_c.so
[4.114s] -- Up-to-date: /home/aditi/amr_ws/install/fleet_msgs/include/fleet_msgs/fleet_msgs
[4.114s] -- Up-to-date: /home/aditi/amr_ws/install/fleet_msgs/include/fleet_msgs/fleet_msgs/msg
[4.115s] -- Up-to-date: /home/aditi/amr_ws/install/fleet_msgs/include/fleet_msgs/fleet_msgs/msg/rosidl_typesupport_introspection_c__visibility_control.h
[4.115s] -- Up-to-date: /home/aditi/amr_ws/install/fleet_msgs/include/fleet_msgs/fleet_msgs/msg/detail
[4.116s] -- Up-to-date: /home/aditi/amr_ws/install/fleet_msgs/include/fleet_msgs/fleet_msgs/msg/detail/resource_claim__rosidl_typesupport_introspection_c.h
[4.117s] -- Installing: /home/aditi/amr_ws/install/fleet_msgs/include/fleet_msgs/fleet_msgs/msg/detail/resource_claim__type_support.c
[4.117s] -- Installing: /home/aditi/amr_ws/install/fleet_msgs/include/fleet_msgs/fleet_msgs/msg/detail/robot_state__type_support.c
[4.117s] -- Up-to-date: /home/aditi/amr_ws/install/fleet_msgs/include/fleet_msgs/fleet_msgs/msg/detail/robot_intent__rosidl_typesupport_introspection_c.h
[4.118s] -- Up-to-date: /home/aditi/amr_ws/install/fleet_msgs/include/fleet_msgs/fleet_msgs/msg/detail/task_bid__rosidl_typesupport_introspection_c.h
[4.118s] -- Up-to-date: /home/aditi/amr_ws/install/fleet_msgs/include/fleet_msgs/fleet_msgs/msg/detail/robot_state__rosidl_typesupport_introspection_c.h
[4.118s] -- Up-to-date: /home/aditi/amr_ws/install/fleet_msgs/include/fleet_msgs/fleet_msgs/msg/detail/task_announcement__rosidl_typesupport_introspection_c.h
[4.118s] -- Installing: /home/aditi/amr_ws/install/fleet_msgs/include/fleet_msgs/fleet_msgs/msg/detail/heartbeat__type_support.c
[4.118s] -- Installing: /home/aditi/amr_ws/install/fleet_msgs/include/fleet_msgs/fleet_msgs/msg/detail/robot_intent__type_support.c
[4.119s] -- Installing: /home/aditi/amr_ws/install/fleet_msgs/include/fleet_msgs/fleet_msgs/msg/detail/task_bid__type_support.c
[4.119s] -- Up-to-date: /home/aditi/amr_ws/install/fleet_msgs/include/fleet_msgs/fleet_msgs/msg/detail/heartbeat__rosidl_typesupport_introspection_c.h
[4.120s] -- Installing: /home/aditi/amr_ws/install/fleet_msgs/include/fleet_msgs/fleet_msgs/msg/detail/task_announcement__type_support.c
[4.120s] -- Up-to-date: /home/aditi/amr_ws/install/fleet_msgs/lib/libfleet_msgs__rosidl_typesupport_introspection_c.so
[4.121s] -- Up-to-date: /home/aditi/amr_ws/install/fleet_msgs/lib/libfleet_msgs__rosidl_typesupport_c.so
[4.121s] -- Up-to-date: /home/aditi/amr_ws/install/fleet_msgs/include/fleet_msgs/fleet_msgs
[4.122s] -- Up-to-date: /home/aditi/amr_ws/install/fleet_msgs/include/fleet_msgs/fleet_msgs/msg
[4.122s] -- Up-to-date: /home/aditi/amr_ws/install/fleet_msgs/include/fleet_msgs/fleet_msgs/msg/robot_intent.hpp
[4.123s] -- Up-to-date: /home/aditi/amr_ws/install/fleet_msgs/include/fleet_msgs/fleet_msgs/msg/task_bid.hpp
[4.123s] -- Up-to-date: /home/aditi/amr_ws/install/fleet_msgs/include/fleet_msgs/fleet_msgs/msg/rosidl_generator_cpp__visibility_control.hpp
[4.123s] -- Up-to-date: /home/aditi/amr_ws/install/fleet_msgs/include/fleet_msgs/fleet_msgs/msg/robot_state.hpp
[4.123s] -- Up-to-date: /home/aditi/amr_ws/install/fleet_msgs/include/fleet_msgs/fleet_msgs/msg/resource_claim.hpp
[4.124s] -- Up-to-date: /home/aditi/amr_ws/install/fleet_msgs/include/fleet_msgs/fleet_msgs/msg/task_announcement.hpp
[4.124s] -- Up-to-date: /home/aditi/amr_ws/install/fleet_msgs/include/fleet_msgs/fleet_msgs/msg/heartbeat.hpp
[4.125s] -- Up-to-date: /home/aditi/amr_ws/install/fleet_msgs/include/fleet_msgs/fleet_msgs/msg/detail
[4.125s] -- Up-to-date: /home/aditi/amr_ws/install/fleet_msgs/include/fleet_msgs/fleet_msgs/msg/detail/task_announcement__struct.hpp
[4.125s] -- Up-to-date: /home/aditi/amr_ws/install/fleet_msgs/include/fleet_msgs/fleet_msgs/msg/detail/robot_state__type_support.hpp
[4.126s] -- Up-to-date: /home/aditi/amr_ws/install/fleet_msgs/include/fleet_msgs/fleet_msgs/msg/detail/task_announcement__traits.hpp
[4.126s] -- Up-to-date: /home/aditi/amr_ws/install/fleet_msgs/include/fleet_msgs/fleet_msgs/msg/detail/task_announcement__builder.hpp
[4.126s] -- Up-to-date: /home/aditi/amr_ws/install/fleet_msgs/include/fleet_msgs/fleet_msgs/msg/detail/resource_claim__type_support.hpp
[4.126s] -- Up-to-date: /home/aditi/amr_ws/install/fleet_msgs/include/fleet_msgs/fleet_msgs/msg/detail/robot_intent__traits.hpp
[4.126s] -- Up-to-date: /home/aditi/amr_ws/install/fleet_msgs/include/fleet_msgs/fleet_msgs/msg/detail/heartbeat__struct.hpp
[4.127s] -- Up-to-date: /home/aditi/amr_ws/install/fleet_msgs/include/fleet_msgs/fleet_msgs/msg/detail/resource_claim__struct.hpp
[4.127s] -- Up-to-date: /home/aditi/amr_ws/install/fleet_msgs/include/fleet_msgs/fleet_msgs/msg/detail/robot_intent__builder.hpp
[4.127s] -- Up-to-date: /home/aditi/amr_ws/install/fleet_msgs/include/fleet_msgs/fleet_msgs/msg/detail/heartbeat__type_support.hpp
[4.127s] -- Up-to-date: /home/aditi/amr_ws/install/fleet_msgs/include/fleet_msgs/fleet_msgs/msg/detail/resource_claim__builder.hpp
[4.127s] -- Up-to-date: /home/aditi/amr_ws/install/fleet_msgs/include/fleet_msgs/fleet_msgs/msg/detail/robot_state__struct.hpp
[4.128s] -- Up-to-date: /home/aditi/amr_ws/install/fleet_msgs/include/fleet_msgs/fleet_msgs/msg/detail/robot_intent__struct.hpp
[4.128s] -- Up-to-date: /home/aditi/amr_ws/install/fleet_msgs/include/fleet_msgs/fleet_msgs/msg/detail/task_bid__builder.hpp
[4.128s] -- Up-to-date: /home/aditi/amr_ws/install/fleet_msgs/include/fleet_msgs/fleet_msgs/msg/detail/resource_claim__traits.hpp
[4.129s] -- Up-to-date: /home/aditi/amr_ws/install/fleet_msgs/include/fleet_msgs/fleet_msgs/msg/detail/robot_state__builder.hpp
[4.129s] -- Up-to-date: /home/aditi/amr_ws/install/fleet_msgs/include/fleet_msgs/fleet_msgs/msg/detail/robot_intent__type_support.hpp
[4.129s] -- Up-to-date: /home/aditi/amr_ws/install/fleet_msgs/include/fleet_msgs/fleet_msgs/msg/detail/task_bid__struct.hpp
[4.129s] -- Up-to-date: /home/aditi/amr_ws/install/fleet_msgs/include/fleet_msgs/fleet_msgs/msg/detail/task_announcement__type_support.hpp
[4.129s] -- Up-to-date: /home/aditi/amr_ws/install/fleet_msgs/include/fleet_msgs/fleet_msgs/msg/detail/task_bid__type_support.hpp
[4.129s] -- Up-to-date: /home/aditi/amr_ws/install/fleet_msgs/include/fleet_msgs/fleet_msgs/msg/detail/heartbeat__traits.hpp
[4.130s] -- Up-to-date: /home/aditi/amr_ws/install/fleet_msgs/include/fleet_msgs/fleet_msgs/msg/detail/robot_state__traits.hpp
[4.130s] -- Up-to-date: /home/aditi/amr_ws/install/fleet_msgs/include/fleet_msgs/fleet_msgs/msg/detail/heartbeat__builder.hpp
[4.130s] -- Up-to-date: /home/aditi/amr_ws/install/fleet_msgs/include/fleet_msgs/fleet_msgs/msg/detail/task_bid__traits.hpp
[4.130s] -- Up-to-date: /home/aditi/amr_ws/install/fleet_msgs/include/fleet_msgs/fleet_msgs
[4.130s] -- Up-to-date: /home/aditi/amr_ws/install/fleet_msgs/include/fleet_msgs/fleet_msgs/msg
[4.130s] -- Up-to-date: /home/aditi/amr_ws/install/fleet_msgs/include/fleet_msgs/fleet_msgs/msg/rosidl_typesupport_fastrtps_cpp__visibility_control.h
[4.131s] -- Up-to-date: /home/aditi/amr_ws/install/fleet_msgs/include/fleet_msgs/fleet_msgs/msg/detail
[4.131s] -- Up-to-date: /home/aditi/amr_ws/install/fleet_msgs/include/fleet_msgs/fleet_msgs/msg/detail/dds_fastrtps
[4.131s] -- Up-to-date: /home/aditi/amr_ws/install/fleet_msgs/include/fleet_msgs/fleet_msgs/msg/detail/resource_claim__rosidl_typesupport_fastrtps_cpp.hpp
[4.131s] -- Up-to-date: /home/aditi/amr_ws/install/fleet_msgs/include/fleet_msgs/fleet_msgs/msg/detail/task_announcement__rosidl_typesupport_fastrtps_cpp.hpp
[4.131s] -- Up-to-date: /home/aditi/amr_ws/install/fleet_msgs/include/fleet_msgs/fleet_msgs/msg/detail/robot_intent__rosidl_typesupport_fastrtps_cpp.hpp
[4.132s] -- Up-to-date: /home/aditi/amr_ws/install/fleet_msgs/include/fleet_msgs/fleet_msgs/msg/detail/heartbeat__rosidl_typesupport_fastrtps_cpp.hpp
[4.132s] -- Up-to-date: /home/aditi/amr_ws/install/fleet_msgs/include/fleet_msgs/fleet_msgs/msg/detail/robot_state__rosidl_typesupport_fastrtps_cpp.hpp
[4.132s] -- Up-to-date: /home/aditi/amr_ws/install/fleet_msgs/include/fleet_msgs/fleet_msgs/msg/detail/task_bid__rosidl_typesupport_fastrtps_cpp.hpp
[4.132s] -- Up-to-date: /home/aditi/amr_ws/install/fleet_msgs/lib/libfleet_msgs__rosidl_typesupport_fastrtps_cpp.so
[4.132s] -- Up-to-date: /home/aditi/amr_ws/install/fleet_msgs/include/fleet_msgs/fleet_msgs
[4.133s] -- Up-to-date: /home/aditi/amr_ws/install/fleet_msgs/include/fleet_msgs/fleet_msgs/msg
[4.133s] -- Up-to-date: /home/aditi/amr_ws/install/fleet_msgs/include/fleet_msgs/fleet_msgs/msg/detail
[4.133s] -- Up-to-date: /home/aditi/amr_ws/install/fleet_msgs/include/fleet_msgs/fleet_msgs/msg/detail/resource_claim__type_support.cpp
[4.133s] -- Up-to-date: /home/aditi/amr_ws/install/fleet_msgs/include/fleet_msgs/fleet_msgs/msg/detail/robot_state__type_support.cpp
[4.133s] -- Up-to-date: /home/aditi/amr_ws/install/fleet_msgs/include/fleet_msgs/fleet_msgs/msg/detail/task_bid__type_support.cpp
[4.133s] -- Up-to-date: /home/aditi/amr_ws/install/fleet_msgs/include/fleet_msgs/fleet_msgs/msg/detail/task_bid__rosidl_typesupport_introspection_cpp.hpp
[4.134s] -- Up-to-date: /home/aditi/amr_ws/install/fleet_msgs/include/fleet_msgs/fleet_msgs/msg/detail/robot_state__rosidl_typesupport_introspection_cpp.hpp
[4.134s] -- Up-to-date: /home/aditi/amr_ws/install/fleet_msgs/include/fleet_msgs/fleet_msgs/msg/detail/task_announcement__type_support.cpp
[4.134s] -- Up-to-date: /home/aditi/amr_ws/install/fleet_msgs/include/fleet_msgs/fleet_msgs/msg/detail/heartbeat__rosidl_typesupport_introspection_cpp.hpp
[4.134s] -- Up-to-date: /home/aditi/amr_ws/install/fleet_msgs/include/fleet_msgs/fleet_msgs/msg/detail/heartbeat__type_support.cpp
[4.134s] -- Up-to-date: /home/aditi/amr_ws/install/fleet_msgs/include/fleet_msgs/fleet_msgs/msg/detail/robot_intent__rosidl_typesupport_introspection_cpp.hpp
[4.134s] -- Up-to-date: /home/aditi/amr_ws/install/fleet_msgs/include/fleet_msgs/fleet_msgs/msg/detail/resource_claim__rosidl_typesupport_introspection_cpp.hpp
[4.135s] -- Up-to-date: /home/aditi/amr_ws/install/fleet_msgs/include/fleet_msgs/fleet_msgs/msg/detail/task_announcement__rosidl_typesupport_introspection_cpp.hpp
[4.135s] -- Up-to-date: /home/aditi/amr_ws/install/fleet_msgs/include/fleet_msgs/fleet_msgs/msg/detail/robot_intent__type_support.cpp
[4.135s] -- Up-to-date: /home/aditi/amr_ws/install/fleet_msgs/lib/libfleet_msgs__rosidl_typesupport_introspection_cpp.so
[4.135s] -- Up-to-date: /home/aditi/amr_ws/install/fleet_msgs/lib/libfleet_msgs__rosidl_typesupport_cpp.so
[4.135s] -- Up-to-date: /home/aditi/amr_ws/install/fleet_msgs/share/fleet_msgs/environment/pythonpath.sh
[4.136s] -- Up-to-date: /home/aditi/amr_ws/install/fleet_msgs/share/fleet_msgs/environment/pythonpath.dsv
[4.136s] -- Up-to-date: /home/aditi/amr_ws/install/fleet_msgs/lib/python3.14/site-packages/fleet_msgs/fleet_msgs_s__rosidl_typesupport_fastrtps_c.so
[4.136s] -- Up-to-date: /home/aditi/amr_ws/install/fleet_msgs/lib/python3.14/site-packages/fleet_msgs/fleet_msgs_s__rosidl_typesupport_introspection_c.so
[4.136s] -- Up-to-date: /home/aditi/amr_ws/install/fleet_msgs/lib/python3.14/site-packages/fleet_msgs/fleet_msgs_s__rosidl_typesupport_c.so
[4.136s] -- Up-to-date: /home/aditi/amr_ws/install/fleet_msgs/lib/libfleet_msgs__rosidl_generator_py.so
[4.147s] -- Up-to-date: /home/aditi/amr_ws/install/fleet_msgs/share/fleet_msgs/rust
[4.147s] -- Up-to-date: /home/aditi/amr_ws/install/fleet_msgs/share/fleet_msgs/rust/src
[4.147s] -- Up-to-date: /home/aditi/amr_ws/install/fleet_msgs/share/fleet_msgs/rust/src/lib.rs
[4.148s] -- Up-to-date: /home/aditi/amr_ws/install/fleet_msgs/share/fleet_msgs/rust/src/msg.rs
[4.148s] -- Up-to-date: /home/aditi/amr_ws/install/fleet_msgs/share/fleet_msgs/rust/src/msg
[4.148s] -- Up-to-date: /home/aditi/amr_ws/install/fleet_msgs/share/fleet_msgs/rust/src/msg/rmw.rs
[4.148s] -- Up-to-date: /home/aditi/amr_ws/install/fleet_msgs/share/fleet_msgs/rust/Cargo.toml
[4.148s] -- Up-to-date: /home/aditi/amr_ws/install/fleet_msgs/share/fleet_msgs/rust/build.rs
[4.149s] -- Up-to-date: /home/aditi/amr_ws/install/fleet_msgs/share/fleet_msgs/msg/RobotState.idl
[4.149s] -- Up-to-date: /home/aditi/amr_ws/install/fleet_msgs/share/fleet_msgs/msg/RobotIntent.idl
[4.149s] -- Up-to-date: /home/aditi/amr_ws/install/fleet_msgs/share/fleet_msgs/msg/ResourceClaim.idl
[4.149s] -- Up-to-date: /home/aditi/amr_ws/install/fleet_msgs/share/fleet_msgs/msg/TaskAnnouncement.idl
[4.149s] -- Up-to-date: /home/aditi/amr_ws/install/fleet_msgs/share/fleet_msgs/msg/TaskBid.idl
[4.149s] -- Up-to-date: /home/aditi/amr_ws/install/fleet_msgs/share/fleet_msgs/msg/Heartbeat.idl
[4.150s] -- Up-to-date: /home/aditi/amr_ws/install/fleet_msgs/share/fleet_msgs/msg/RobotState.msg
[4.150s] -- Up-to-date: /home/aditi/amr_ws/install/fleet_msgs/share/fleet_msgs/msg/RobotIntent.msg
[4.150s] -- Up-to-date: /home/aditi/amr_ws/install/fleet_msgs/share/fleet_msgs/msg/ResourceClaim.msg
[4.150s] -- Up-to-date: /home/aditi/amr_ws/install/fleet_msgs/share/fleet_msgs/msg/TaskAnnouncement.msg
[4.150s] -- Up-to-date: /home/aditi/amr_ws/install/fleet_msgs/share/fleet_msgs/msg/TaskBid.msg
[4.150s] -- Up-to-date: /home/aditi/amr_ws/install/fleet_msgs/share/fleet_msgs/msg/Heartbeat.msg
[4.151s] -- Up-to-date: /home/aditi/amr_ws/install/fleet_msgs/share/ament_index/resource_index/package_run_dependencies/fleet_msgs
[4.151s] -- Up-to-date: /home/aditi/amr_ws/install/fleet_msgs/share/ament_index/resource_index/parent_prefix_path/fleet_msgs
[4.151s] -- Up-to-date: /home/aditi/amr_ws/install/fleet_msgs/share/fleet_msgs/environment/ament_prefix_path.sh
[4.151s] -- Up-to-date: /home/aditi/amr_ws/install/fleet_msgs/share/fleet_msgs/environment/ament_prefix_path.dsv
[4.151s] -- Up-to-date: /home/aditi/amr_ws/install/fleet_msgs/share/fleet_msgs/environment/path.sh
[4.152s] -- Up-to-date: /home/aditi/amr_ws/install/fleet_msgs/share/fleet_msgs/environment/path.dsv
[4.152s] -- Up-to-date: /home/aditi/amr_ws/install/fleet_msgs/share/fleet_msgs/local_setup.bash
[4.152s] -- Up-to-date: /home/aditi/amr_ws/install/fleet_msgs/share/fleet_msgs/local_setup.fish
[4.163s] -- Up-to-date: /home/aditi/amr_ws/install/fleet_msgs/share/fleet_msgs/local_setup.sh
[4.163s] -- Up-to-date: /home/aditi/amr_ws/install/fleet_msgs/share/fleet_msgs/local_setup.zsh
[4.164s] -- Up-to-date: /home/aditi/amr_ws/install/fleet_msgs/share/fleet_msgs/local_setup.dsv
[4.164s] -- Installing: /home/aditi/amr_ws/install/fleet_msgs/share/fleet_msgs/package.dsv
[4.164s] -- Up-to-date: /home/aditi/amr_ws/install/fleet_msgs/share/ament_index/resource_index/packages/fleet_msgs
[4.164s] -- Up-to-date: /home/aditi/amr_ws/install/fleet_msgs/share/fleet_msgs/cmake/export_fleet_msgs__rosidl_generator_cExport.cmake
[4.164s] -- Up-to-date: /home/aditi/amr_ws/install/fleet_msgs/share/fleet_msgs/cmake/export_fleet_msgs__rosidl_generator_cExport-noconfig.cmake
[4.165s] -- Up-to-date: /home/aditi/amr_ws/install/fleet_msgs/share/fleet_msgs/cmake/export_fleet_msgs__rosidl_typesupport_fastrtps_cExport.cmake
[4.165s] -- Up-to-date: /home/aditi/amr_ws/install/fleet_msgs/share/fleet_msgs/cmake/export_fleet_msgs__rosidl_typesupport_fastrtps_cExport-noconfig.cmake
[4.165s] -- Up-to-date: /home/aditi/amr_ws/install/fleet_msgs/share/fleet_msgs/cmake/fleet_msgs__rosidl_typesupport_introspection_cExport.cmake
[4.165s] -- Up-to-date: /home/aditi/amr_ws/install/fleet_msgs/share/fleet_msgs/cmake/fleet_msgs__rosidl_typesupport_introspection_cExport-noconfig.cmake
[4.165s] -- Up-to-date: /home/aditi/amr_ws/install/fleet_msgs/share/fleet_msgs/cmake/fleet_msgs__rosidl_typesupport_cExport.cmake
[4.166s] -- Up-to-date: /home/aditi/amr_ws/install/fleet_msgs/share/fleet_msgs/cmake/fleet_msgs__rosidl_typesupport_cExport-noconfig.cmake
[4.166s] -- Up-to-date: /home/aditi/amr_ws/install/fleet_msgs/share/fleet_msgs/cmake/export_fleet_msgs__rosidl_generator_cppExport.cmake
[4.166s] -- Up-to-date: /home/aditi/amr_ws/install/fleet_msgs/share/fleet_msgs/cmake/export_fleet_msgs__rosidl_typesupport_fastrtps_cppExport.cmake
[4.166s] -- Up-to-date: /home/aditi/amr_ws/install/fleet_msgs/share/fleet_msgs/cmake/export_fleet_msgs__rosidl_typesupport_fastrtps_cppExport-noconfig.cmake
[4.166s] -- Up-to-date: /home/aditi/amr_ws/install/fleet_msgs/share/fleet_msgs/cmake/fleet_msgs__rosidl_typesupport_introspection_cppExport.cmake
[4.167s] -- Up-to-date: /home/aditi/amr_ws/install/fleet_msgs/share/fleet_msgs/cmake/fleet_msgs__rosidl_typesupport_introspection_cppExport-noconfig.cmake
[4.167s] -- Up-to-date: /home/aditi/amr_ws/install/fleet_msgs/share/fleet_msgs/cmake/fleet_msgs__rosidl_typesupport_cppExport.cmake
[4.167s] -- Up-to-date: /home/aditi/amr_ws/install/fleet_msgs/share/fleet_msgs/cmake/fleet_msgs__rosidl_typesupport_cppExport-noconfig.cmake
[4.167s] -- Up-to-date: /home/aditi/amr_ws/install/fleet_msgs/share/fleet_msgs/cmake/export_fleet_msgs__rosidl_generator_pyExport.cmake
[4.168s] -- Up-to-date: /home/aditi/amr_ws/install/fleet_msgs/share/fleet_msgs/cmake/export_fleet_msgs__rosidl_generator_pyExport-noconfig.cmake
[4.168s] -- Up-to-date: /home/aditi/amr_ws/install/fleet_msgs/lib/python3.14/site-packages/fleet_msgs-0.0.0-py3.14.egg-info
[4.168s] -- Installing: /home/aditi/amr_ws/install/fleet_msgs/lib/python3.14/site-packages/fleet_msgs-0.0.0-py3.14.egg-info/top_level.txt
[4.168s] -- Installing: /home/aditi/amr_ws/install/fleet_msgs/lib/python3.14/site-packages/fleet_msgs-0.0.0-py3.14.egg-info/dependency_links.txt
[4.168s] -- Installing: /home/aditi/amr_ws/install/fleet_msgs/lib/python3.14/site-packages/fleet_msgs-0.0.0-py3.14.egg-info/PKG-INFO
[4.169s] -- Installing: /home/aditi/amr_ws/install/fleet_msgs/lib/python3.14/site-packages/fleet_msgs-0.0.0-py3.14.egg-info/SOURCES.txt
[4.169s] -- Up-to-date: /home/aditi/amr_ws/install/fleet_msgs/lib/python3.14/site-packages/fleet_msgs
[4.169s] -- Up-to-date: /home/aditi/amr_ws/install/fleet_msgs/lib/python3.14/site-packages/fleet_msgs/fleet_msgs_s__rosidl_typesupport_introspection_c.so
[4.169s] -- Up-to-date: /home/aditi/amr_ws/install/fleet_msgs/lib/python3.14/site-packages/fleet_msgs/fleet_msgs_s__rosidl_typesupport_c.so
[4.179s] -- Installing: /home/aditi/amr_ws/install/fleet_msgs/lib/python3.14/site-packages/fleet_msgs/__init__.py
[4.179s] -- Up-to-date: /home/aditi/amr_ws/install/fleet_msgs/lib/python3.14/site-packages/fleet_msgs/py.typed
[4.180s] -- Up-to-date: /home/aditi/amr_ws/install/fleet_msgs/lib/python3.14/site-packages/fleet_msgs/fleet_msgs_s__rosidl_typesupport_fastrtps_c.so
[4.180s] -- Up-to-date: /home/aditi/amr_ws/install/fleet_msgs/lib/python3.14/site-packages/fleet_msgs/_fleet_msgs_s.ep.rosidl_typesupport_fastrtps_c.c
[4.180s] -- Up-to-date: /home/aditi/amr_ws/install/fleet_msgs/lib/python3.14/site-packages/fleet_msgs/_fleet_msgs_s.ep.rosidl_typesupport_introspection_c.c
[4.180s] -- Up-to-date: /home/aditi/amr_ws/install/fleet_msgs/lib/python3.14/site-packages/fleet_msgs/msg
[4.180s] -- Up-to-date: /home/aditi/amr_ws/install/fleet_msgs/lib/python3.14/site-packages/fleet_msgs/msg/_robot_state_s.c
[4.181s] -- Up-to-date: /home/aditi/amr_ws/install/fleet_msgs/lib/python3.14/site-packages/fleet_msgs/msg/_task_bid.py
[4.181s] -- Up-to-date: /home/aditi/amr_ws/install/fleet_msgs/lib/python3.14/site-packages/fleet_msgs/msg/_robot_state.py
[4.181s] -- Up-to-date: /home/aditi/amr_ws/install/fleet_msgs/lib/python3.14/site-packages/fleet_msgs/msg/_robot_intent.py
[4.181s] -- Up-to-date: /home/aditi/amr_ws/install/fleet_msgs/lib/python3.14/site-packages/fleet_msgs/msg/__init__.py
[4.181s] -- Up-to-date: /home/aditi/amr_ws/install/fleet_msgs/lib/python3.14/site-packages/fleet_msgs/msg/_heartbeat_s.c
[4.182s] -- Up-to-date: /home/aditi/amr_ws/install/fleet_msgs/lib/python3.14/site-packages/fleet_msgs/msg/_resource_claim_s.c
[4.182s] -- Up-to-date: /home/aditi/amr_ws/install/fleet_msgs/lib/python3.14/site-packages/fleet_msgs/msg/_task_announcement.py
[4.182s] -- Up-to-date: /home/aditi/amr_ws/install/fleet_msgs/lib/python3.14/site-packages/fleet_msgs/msg/_task_announcement_s.c
[4.182s] -- Up-to-date: /home/aditi/amr_ws/install/fleet_msgs/lib/python3.14/site-packages/fleet_msgs/msg/_robot_intent_s.c
[4.182s] -- Up-to-date: /home/aditi/amr_ws/install/fleet_msgs/lib/python3.14/site-packages/fleet_msgs/msg/_task_bid_s.c
[4.183s] -- Up-to-date: /home/aditi/amr_ws/install/fleet_msgs/lib/python3.14/site-packages/fleet_msgs/msg/_resource_claim.py
[4.183s] -- Up-to-date: /home/aditi/amr_ws/install/fleet_msgs/lib/python3.14/site-packages/fleet_msgs/msg/_heartbeat.py
[4.183s] -- Up-to-date: /home/aditi/amr_ws/install/fleet_msgs/lib/python3.14/site-packages/fleet_msgs/_fleet_msgs_s.ep.rosidl_typesupport_c.c
[4.369s] Listing '/home/aditi/amr_ws/install/fleet_msgs/lib/python3.14/site-packages/fleet_msgs'...
[4.370s] Compiling '/home/aditi/amr_ws/install/fleet_msgs/lib/python3.14/site-packages/fleet_msgs/__init__.py'...
[4.370s] Listing '/home/aditi/amr_ws/install/fleet_msgs/lib/python3.14/site-packages/fleet_msgs/msg'...
[4.386s] -- Up-to-date: /home/aditi/amr_ws/install/fleet_msgs/share/fleet_msgs/cmake/rosidl_cmake-extras.cmake
[4.388s] -- Up-to-date: /home/aditi/amr_ws/install/fleet_msgs/share/fleet_msgs/cmake/ament_cmake_export_include_directories-extras.cmake
[4.388s] -- Up-to-date: /home/aditi/amr_ws/install/fleet_msgs/share/fleet_msgs/cmake/ament_cmake_export_libraries-extras.cmake
[4.389s] -- Up-to-date: /home/aditi/amr_ws/install/fleet_msgs/share/fleet_msgs/cmake/ament_cmake_export_targets-extras.cmake
[4.389s] -- Up-to-date: /home/aditi/amr_ws/install/fleet_msgs/share/fleet_msgs/cmake/rosidl_cmake_export_typesupport_targets-extras.cmake
[4.389s] -- Up-to-date: /home/aditi/amr_ws/install/fleet_msgs/share/fleet_msgs/cmake/ament_cmake_export_dependencies-extras.cmake
[4.389s] -- Up-to-date: /home/aditi/amr_ws/install/fleet_msgs/share/fleet_msgs/cmake/rosidl_cmake_export_typesupport_libraries-extras.cmake
[4.390s] -- Up-to-date: /home/aditi/amr_ws/install/fleet_msgs/share/fleet_msgs/cmake/rosidl_cmake_aggregate_target-extras.cmake
[4.390s] -- Up-to-date: /home/aditi/amr_ws/install/fleet_msgs/share/fleet_msgs/cmake/fleet_msgsConfig.cmake
[4.390s] -- Up-to-date: /home/aditi/amr_ws/install/fleet_msgs/share/fleet_msgs/cmake/fleet_msgsConfig-version.cmake
[4.390s] -- Up-to-date: /home/aditi/amr_ws/install/fleet_msgs/share/fleet_msgs/package.xml
[4.393s] Invoked command in '/home/aditi/amr_ws/build/fleet_msgs' returned '0': CMAKE_PREFIX_PATH=${CMAKE_PREFIX_PATH}:/home/aditi/amr_ws/install/task_allocator:/home/aditi/amr_ws/install/robot_bringup:/home/aditi/amr_ws/install/fleet_coordination:/home/aditi/amr_ws/install/dashboard_bridge:/opt/ros/lyrical /usr/bin/cmake --install /home/aditi/amr_ws/build/fleet_msgs
