running egg_info
writing ../../build/task_allocator/task_allocator.egg-info/PKG-INFO
writing dependency_links to ../../build/task_allocator/task_allocator.egg-info/dependency_links.txt
writing entry points to ../../build/task_allocator/task_allocator.egg-info/entry_points.txt
writing requirements to ../../build/task_allocator/task_allocator.egg-info/requires.txt
writing top-level names to ../../build/task_allocator/task_allocator.egg-info/top_level.txt
reading manifest file '../../build/task_allocator/task_allocator.egg-info/SOURCES.txt'
writing manifest file '../../build/task_allocator/task_allocator.egg-info/SOURCES.txt'
running build
running build_py
copying task_allocator/__init__.py -> /home/aditi/amr_ws/build/task_allocator/build/lib/task_allocator
copying task_allocator/task_allocator_node.py -> /home/aditi/amr_ws/build/task_allocator/build/lib/task_allocator
running install
running install_lib
copying /home/aditi/amr_ws/build/task_allocator/build/lib/task_allocator/task_allocator_node.py -> /home/aditi/amr_ws/install/task_allocator/lib/python3.14/site-packages/task_allocator
byte-compiling /home/aditi/amr_ws/install/task_allocator/lib/python3.14/site-packages/task_allocator/task_allocator_node.py to task_allocator_node.cpython-314.pyc
running install_data
copying resource/task_allocator -> /home/aditi/amr_ws/install/task_allocator/share/ament_index/resource_index/packages
copying package.xml -> /home/aditi/amr_ws/install/task_allocator/share/task_allocator
running install_egg_info
removing '/home/aditi/amr_ws/install/task_allocator/lib/python3.14/site-packages/task_allocator-0.0.0-py3.14.egg-info' (and everything under it)
Copying ../../build/task_allocator/task_allocator.egg-info to /home/aditi/amr_ws/install/task_allocator/lib/python3.14/site-packages/task_allocator-0.0.0-py3.14.egg-info
running install_scripts
Installing task_allocator_node script to /home/aditi/amr_ws/install/task_allocator/lib/task_allocator
writing list of installed files to '/home/aditi/amr_ws/build/task_allocator/install.log'
