running egg_info
creating ../../build/fleet_coordination/fleet_coordination.egg-info
writing ../../build/fleet_coordination/fleet_coordination.egg-info/PKG-INFO
writing dependency_links to ../../build/fleet_coordination/fleet_coordination.egg-info/dependency_links.txt
writing entry points to ../../build/fleet_coordination/fleet_coordination.egg-info/entry_points.txt
writing requirements to ../../build/fleet_coordination/fleet_coordination.egg-info/requires.txt
writing top-level names to ../../build/fleet_coordination/fleet_coordination.egg-info/top_level.txt
writing manifest file '../../build/fleet_coordination/fleet_coordination.egg-info/SOURCES.txt'
reading manifest file '../../build/fleet_coordination/fleet_coordination.egg-info/SOURCES.txt'
writing manifest file '../../build/fleet_coordination/fleet_coordination.egg-info/SOURCES.txt'
running build
running build_py
creating /home/aditi/amr_ws/build/fleet_coordination/build/lib/fleet_coordination
copying fleet_coordination/fleet_agent_node.py -> /home/aditi/amr_ws/build/fleet_coordination/build/lib/fleet_coordination
copying fleet_coordination/__init__.py -> /home/aditi/amr_ws/build/fleet_coordination/build/lib/fleet_coordination
running install
running install_lib
creating /home/aditi/amr_ws/install/fleet_coordination/lib/python3.14/site-packages/fleet_coordination
copying /home/aditi/amr_ws/build/fleet_coordination/build/lib/fleet_coordination/fleet_agent_node.py -> /home/aditi/amr_ws/install/fleet_coordination/lib/python3.14/site-packages/fleet_coordination
copying /home/aditi/amr_ws/build/fleet_coordination/build/lib/fleet_coordination/__init__.py -> /home/aditi/amr_ws/install/fleet_coordination/lib/python3.14/site-packages/fleet_coordination
byte-compiling /home/aditi/amr_ws/install/fleet_coordination/lib/python3.14/site-packages/fleet_coordination/fleet_agent_node.py to fleet_agent_node.cpython-314.pyc
byte-compiling /home/aditi/amr_ws/install/fleet_coordination/lib/python3.14/site-packages/fleet_coordination/__init__.py to __init__.cpython-314.pyc
running install_data
creating /home/aditi/amr_ws/install/fleet_coordination/share/ament_index/resource_index/packages
copying resource/fleet_coordination -> /home/aditi/amr_ws/install/fleet_coordination/share/ament_index/resource_index/packages
copying package.xml -> /home/aditi/amr_ws/install/fleet_coordination/share/fleet_coordination
running install_egg_info
Copying ../../build/fleet_coordination/fleet_coordination.egg-info to /home/aditi/amr_ws/install/fleet_coordination/lib/python3.14/site-packages/fleet_coordination-0.0.0-py3.14.egg-info
running install_scripts
Installing fleet_agent_node script to /home/aditi/amr_ws/install/fleet_coordination/bin
writing list of installed files to '/home/aditi/amr_ws/build/fleet_coordination/install.log'
