-- Found ament_cmake: 2.8.8 (/opt/ros/lyrical/share/ament_cmake/cmake)
-- Found rosidl_default_generators: 1.8.1 (/opt/ros/lyrical/share/rosidl_default_generators/cmake)
-- Using all available rosidl_typesupport_c: rosidl_typesupport_fastrtps_c;rosidl_typesupport_introspection_c
-- Using all available rosidl_typesupport_cpp: rosidl_typesupport_fastrtps_cpp;rosidl_typesupport_introspection_cpp
-- Found rosidl_adapter: 5.2.1 (/opt/ros/lyrical/share/rosidl_adapter/cmake)
-- Using all available rosidl_typesupport_c: rosidl_typesupport_fastrtps_c;rosidl_typesupport_introspection_c
-- Using all available rosidl_typesupport_cpp: rosidl_typesupport_fastrtps_cpp;rosidl_typesupport_introspection_cpp
-- Found Python3: /usr/bin/python3 (found version "3.14.4") found components: Interpreter Development NumPy Development.Module Development.Embed
-- Found Python3: /usr/bin/python3 (found version "3.14.4") found components: Interpreter
-- Configuring done (2.9s)
-- Generating done (0.2s)
-- Build files have been written to: /home/aditi/amr_ws/build/fleet_msgs
[  1%] [1m[34mGenerating type hashes for ROS interfaces[0m
[  2%] [1m[34mGenerating Rust code for ROS interfaces[0m
[  2%] Built target fleet_msgs__rosidl_generator_type_description
[  3%] [1m[34mGenerating C code for ROS interfaces[0m
[  4%] [1m[34mGenerating C++ code for ROS interfaces[0m
[  4%] Built target fleet_msgs__rs
[  4%] Built target fleet_msgs__cpp
[  5%] [32mBuilding C object CMakeFiles/fleet_msgs__rosidl_generator_c.dir/rosidl_generator_c/fleet_msgs/msg/detail/heartbeat__description.c.o[0m
[  7%] [32mBuilding C object CMakeFiles/fleet_msgs__rosidl_generator_c.dir/rosidl_generator_c/fleet_msgs/msg/detail/heartbeat__functions.c.o[0m
[  9%] [32mBuilding C object CMakeFiles/fleet_msgs__rosidl_generator_c.dir/rosidl_generator_c/fleet_msgs/msg/detail/resource_claim__type_support.c.o[0m
[  9%] [32mBuilding C object CMakeFiles/fleet_msgs__rosidl_generator_c.dir/rosidl_generator_c/fleet_msgs/msg/detail/robot_intent__description.c.o[0m
[ 11%] [32mBuilding C object CMakeFiles/fleet_msgs__rosidl_generator_c.dir/rosidl_generator_c/fleet_msgs/msg/detail/resource_claim__description.c.o[0m
[ 11%] [32mBuilding C object CMakeFiles/fleet_msgs__rosidl_generator_c.dir/rosidl_generator_c/fleet_msgs/msg/detail/heartbeat__type_support.c.o[0m
[ 12%] [32mBuilding C object CMakeFiles/fleet_msgs__rosidl_generator_c.dir/rosidl_generator_c/fleet_msgs/msg/detail/resource_claim__functions.c.o[0m
[ 14%] [32mBuilding C object CMakeFiles/fleet_msgs__rosidl_generator_c.dir/rosidl_generator_c/fleet_msgs/msg/detail/robot_intent__type_support.c.o[0m
[ 15%] [32mBuilding C object CMakeFiles/fleet_msgs__rosidl_generator_c.dir/rosidl_generator_c/fleet_msgs/msg/detail/robot_intent__functions.c.o[0m
[ 17%] [32mBuilding C object CMakeFiles/fleet_msgs__rosidl_generator_c.dir/rosidl_generator_c/fleet_msgs/msg/detail/robot_state__type_support.c.o[0m
[ 17%] [32mBuilding C object CMakeFiles/fleet_msgs__rosidl_generator_c.dir/rosidl_generator_c/fleet_msgs/msg/detail/robot_state__functions.c.o[0m
[ 18%] [32mBuilding C object CMakeFiles/fleet_msgs__rosidl_generator_c.dir/rosidl_generator_c/fleet_msgs/msg/detail/robot_state__description.c.o[0m
[ 20%] [32mBuilding C object CMakeFiles/fleet_msgs__rosidl_generator_c.dir/rosidl_generator_c/fleet_msgs/msg/detail/task_announcement__functions.c.o[0m
[ 21%] [32mBuilding C object CMakeFiles/fleet_msgs__rosidl_generator_c.dir/rosidl_generator_c/fleet_msgs/msg/detail/task_announcement__type_support.c.o[0m
[ 22%] [32mBuilding C object CMakeFiles/fleet_msgs__rosidl_generator_c.dir/rosidl_generator_c/fleet_msgs/msg/detail/task_announcement__description.c.o[0m
[ 23%] [32mBuilding C object CMakeFiles/fleet_msgs__rosidl_generator_c.dir/rosidl_generator_c/fleet_msgs/msg/detail/task_bid__description.c.o[0m
[ 24%] [32mBuilding C object CMakeFiles/fleet_msgs__rosidl_generator_c.dir/rosidl_generator_c/fleet_msgs/msg/detail/task_bid__functions.c.o[0m
[ 25%] [32mBuilding C object CMakeFiles/fleet_msgs__rosidl_generator_c.dir/rosidl_generator_c/fleet_msgs/msg/detail/task_bid__type_support.c.o[0m
[ 27%] [1m[32mLinking C shared library libfleet_msgs__rosidl_generator_c.so[0m
[ 27%] Built target fleet_msgs__rosidl_generator_c
[ 28%] [1m[34mGenerating C type support for eProsima Fast-RTPS[0m
[ 29%] [1m[34mGenerating C++ type support for eProsima Fast-RTPS[0m
[ 30%] [1m[34mGenerating C introspection for ROS interfaces[0m
[ 31%] [1m[34mGenerating C++ introspection for ROS interfaces[0m
[ 32%] [1m[34mGenerating C type support dispatch for ROS interfaces[0m
[ 34%] [1m[34mGenerating C++ type support dispatch for ROS interfaces[0m
[ 35%] [32mBuilding CXX object CMakeFiles/fleet_msgs__rosidl_typesupport_c.dir/rosidl_typesupport_c/fleet_msgs/msg/heartbeat__type_support.cpp.o[0m
[ 36%] [32mBuilding CXX object CMakeFiles/fleet_msgs__rosidl_typesupport_c.dir/rosidl_typesupport_c/fleet_msgs/msg/resource_claim__type_support.cpp.o[0m
[ 37%] [32mBuilding CXX object CMakeFiles/fleet_msgs__rosidl_typesupport_c.dir/rosidl_typesupport_c/fleet_msgs/msg/robot_intent__type_support.cpp.o[0m
[ 38%] [32mBuilding CXX object CMakeFiles/fleet_msgs__rosidl_typesupport_cpp.dir/rosidl_typesupport_cpp/fleet_msgs/msg/heartbeat__type_support.cpp.o[0m
[ 40%] [32mBuilding CXX object CMakeFiles/fleet_msgs__rosidl_typesupport_c.dir/rosidl_typesupport_c/fleet_msgs/msg/robot_state__type_support.cpp.o[0m
[ 41%] [32mBuilding CXX object CMakeFiles/fleet_msgs__rosidl_typesupport_c.dir/rosidl_typesupport_c/fleet_msgs/msg/task_announcement__type_support.cpp.o[0m
[ 42%] [32mBuilding CXX object CMakeFiles/fleet_msgs__rosidl_typesupport_c.dir/rosidl_typesupport_c/fleet_msgs/msg/task_bid__type_support.cpp.o[0m
[ 43%] [32mBuilding CXX object CMakeFiles/fleet_msgs__rosidl_typesupport_introspection_cpp.dir/rosidl_typesupport_introspection_cpp/fleet_msgs/msg/detail/heartbeat__type_support.cpp.o[0m
[ 45%] [32mBuilding C object CMakeFiles/fleet_msgs__rosidl_typesupport_introspection_c.dir/rosidl_typesupport_introspection_c/fleet_msgs/msg/detail/heartbeat__type_support.c.o[0m
[ 45%] [1m[32mLinking CXX shared library libfleet_msgs__rosidl_typesupport_c.so[0m
[ 47%] [32mBuilding C object CMakeFiles/fleet_msgs__rosidl_typesupport_introspection_c.dir/rosidl_typesupport_introspection_c/fleet_msgs/msg/detail/resource_claim__type_support.c.o[0m
[ 47%] Built target fleet_msgs__rosidl_typesupport_c
[ 48%] [32mBuilding C object CMakeFiles/fleet_msgs__rosidl_typesupport_introspection_c.dir/rosidl_typesupport_introspection_c/fleet_msgs/msg/detail/robot_intent__type_support.c.o[0m
[ 49%] [32mBuilding C object CMakeFiles/fleet_msgs__rosidl_typesupport_introspection_c.dir/rosidl_typesupport_introspection_c/fleet_msgs/msg/detail/robot_state__type_support.c.o[0m
[ 50%] [32mBuilding C object CMakeFiles/fleet_msgs__rosidl_typesupport_introspection_c.dir/rosidl_typesupport_introspection_c/fleet_msgs/msg/detail/task_announcement__type_support.c.o[0m
[ 51%] [32mBuilding CXX object CMakeFiles/fleet_msgs__rosidl_typesupport_fastrtps_cpp.dir/rosidl_typesupport_fastrtps_cpp/fleet_msgs/msg/detail/dds_fastrtps/heartbeat__type_support.cpp.o[0m
[ 52%] [32mBuilding CXX object CMakeFiles/fleet_msgs__rosidl_typesupport_fastrtps_c.dir/rosidl_typesupport_fastrtps_c/fleet_msgs/msg/detail/heartbeat__type_support_c.cpp.o[0m
[ 54%] [32mBuilding C object CMakeFiles/fleet_msgs__rosidl_typesupport_introspection_c.dir/rosidl_typesupport_introspection_c/fleet_msgs/msg/detail/task_bid__type_support.c.o[0m
[ 55%] [1m[32mLinking C shared library libfleet_msgs__rosidl_typesupport_introspection_c.so[0m
[ 55%] Built target fleet_msgs__rosidl_typesupport_introspection_c
[ 57%] [32mBuilding CXX object CMakeFiles/fleet_msgs__rosidl_typesupport_cpp.dir/rosidl_typesupport_cpp/fleet_msgs/msg/resource_claim__type_support.cpp.o[0m
[ 57%] [32mBuilding CXX object CMakeFiles/fleet_msgs__rosidl_typesupport_introspection_cpp.dir/rosidl_typesupport_introspection_cpp/fleet_msgs/msg/detail/resource_claim__type_support.cpp.o[0m
[ 58%] [32mBuilding CXX object CMakeFiles/fleet_msgs__rosidl_typesupport_cpp.dir/rosidl_typesupport_cpp/fleet_msgs/msg/robot_intent__type_support.cpp.o[0m
[ 60%] [32mBuilding CXX object CMakeFiles/fleet_msgs__rosidl_typesupport_introspection_cpp.dir/rosidl_typesupport_introspection_cpp/fleet_msgs/msg/detail/robot_intent__type_support.cpp.o[0m
[ 61%] [32mBuilding CXX object CMakeFiles/fleet_msgs__rosidl_typesupport_introspection_cpp.dir/rosidl_typesupport_introspection_cpp/fleet_msgs/msg/detail/robot_state__type_support.cpp.o[0m
[ 62%] [32mBuilding CXX object CMakeFiles/fleet_msgs__rosidl_typesupport_fastrtps_c.dir/rosidl_typesupport_fastrtps_c/fleet_msgs/msg/detail/robot_intent__type_support_c.cpp.o[0m
[ 63%] [32mBuilding CXX object CMakeFiles/fleet_msgs__rosidl_typesupport_cpp.dir/rosidl_typesupport_cpp/fleet_msgs/msg/robot_state__type_support.cpp.o[0m
[ 64%] [32mBuilding CXX object CMakeFiles/fleet_msgs__rosidl_typesupport_fastrtps_c.dir/rosidl_typesupport_fastrtps_c/fleet_msgs/msg/detail/resource_claim__type_support_c.cpp.o[0m
[ 65%] [32mBuilding CXX object CMakeFiles/fleet_msgs__rosidl_typesupport_fastrtps_cpp.dir/rosidl_typesupport_fastrtps_cpp/fleet_msgs/msg/detail/dds_fastrtps/resource_claim__type_support.cpp.o[0m
[ 67%] [32mBuilding CXX object CMakeFiles/fleet_msgs__rosidl_typesupport_introspection_cpp.dir/rosidl_typesupport_introspection_cpp/fleet_msgs/msg/detail/task_announcement__type_support.cpp.o[0m
[ 68%] [32mBuilding CXX object CMakeFiles/fleet_msgs__rosidl_typesupport_fastrtps_cpp.dir/rosidl_typesupport_fastrtps_cpp/fleet_msgs/msg/detail/dds_fastrtps/robot_intent__type_support.cpp.o[0m
[ 69%] [32mBuilding CXX object CMakeFiles/fleet_msgs__rosidl_typesupport_cpp.dir/rosidl_typesupport_cpp/fleet_msgs/msg/task_announcement__type_support.cpp.o[0m
[ 70%] [32mBuilding CXX object CMakeFiles/fleet_msgs__rosidl_typesupport_fastrtps_c.dir/rosidl_typesupport_fastrtps_c/fleet_msgs/msg/detail/robot_state__type_support_c.cpp.o[0m
[ 71%] [32mBuilding CXX object CMakeFiles/fleet_msgs__rosidl_typesupport_cpp.dir/rosidl_typesupport_cpp/fleet_msgs/msg/task_bid__type_support.cpp.o[0m
[ 72%] [32mBuilding CXX object CMakeFiles/fleet_msgs__rosidl_typesupport_introspection_cpp.dir/rosidl_typesupport_introspection_cpp/fleet_msgs/msg/detail/task_bid__type_support.cpp.o[0m
[ 74%] [32mBuilding CXX object CMakeFiles/fleet_msgs__rosidl_typesupport_fastrtps_cpp.dir/rosidl_typesupport_fastrtps_cpp/fleet_msgs/msg/detail/dds_fastrtps/robot_state__type_support.cpp.o[0m
[ 75%] [32mBuilding CXX object CMakeFiles/fleet_msgs__rosidl_typesupport_fastrtps_cpp.dir/rosidl_typesupport_fastrtps_cpp/fleet_msgs/msg/detail/dds_fastrtps/task_announcement__type_support.cpp.o[0m
[ 76%] [32mBuilding CXX object CMakeFiles/fleet_msgs__rosidl_typesupport_fastrtps_c.dir/rosidl_typesupport_fastrtps_c/fleet_msgs/msg/detail/task_bid__type_support_c.cpp.o[0m
[ 77%] [1m[32mLinking CXX shared library libfleet_msgs__rosidl_typesupport_cpp.so[0m
[ 77%] Built target fleet_msgs__rosidl_typesupport_cpp
[ 78%] [1m[32mLinking CXX shared library libfleet_msgs__rosidl_typesupport_introspection_cpp.so[0m
[ 78%] Built target fleet_msgs__rosidl_typesupport_introspection_cpp
[ 80%] [32mBuilding CXX object CMakeFiles/fleet_msgs__rosidl_typesupport_fastrtps_c.dir/rosidl_typesupport_fastrtps_c/fleet_msgs/msg/detail/task_announcement__type_support_c.cpp.o[0m
[ 81%] [32mBuilding CXX object CMakeFiles/fleet_msgs__rosidl_typesupport_fastrtps_cpp.dir/rosidl_typesupport_fastrtps_cpp/fleet_msgs/msg/detail/dds_fastrtps/task_bid__type_support.cpp.o[0m
[ 82%] [1m[32mLinking CXX shared library libfleet_msgs__rosidl_typesupport_fastrtps_c.so[0m
[ 82%] Built target fleet_msgs__rosidl_typesupport_fastrtps_c
[ 83%] [1m[32mLinking CXX shared library libfleet_msgs__rosidl_typesupport_fastrtps_cpp.so[0m
[ 83%] Built target fleet_msgs__rosidl_typesupport_fastrtps_cpp
[ 83%] Built target fleet_msgs
[ 84%] [1m[34mGenerating Python code for ROS interfaces[0m
[ 84%] Built target fleet_msgs__py
[ 87%] [32mBuilding C object CMakeFiles/fleet_msgs__rosidl_generator_py.dir/rosidl_generator_py/fleet_msgs/msg/_resource_claim_s.c.o[0m
[ 87%] [32mBuilding C object CMakeFiles/fleet_msgs__rosidl_generator_py.dir/rosidl_generator_py/fleet_msgs/msg/_robot_state_s.c.o[0m
[ 89%] [32mBuilding C object CMakeFiles/fleet_msgs__rosidl_generator_py.dir/rosidl_generator_py/fleet_msgs/msg/_heartbeat_s.c.o[0m
[ 89%] [32mBuilding C object CMakeFiles/fleet_msgs__rosidl_generator_py.dir/rosidl_generator_py/fleet_msgs/msg/_robot_intent_s.c.o[0m
[ 89%] Built target ament_cmake_python_sync_fleet_msgs
[ 90%] [32mBuilding C object CMakeFiles/fleet_msgs__rosidl_generator_py.dir/rosidl_generator_py/fleet_msgs/msg/_task_announcement_s.c.o[0m
[ 91%] [32mBuilding C object CMakeFiles/fleet_msgs__rosidl_generator_py.dir/rosidl_generator_py/fleet_msgs/msg/_task_bid_s.c.o[0m
running egg_info
[ 92%] [1m[32mLinking C shared library libfleet_msgs__rosidl_generator_py.so[0m
writing fleet_msgs.egg-info/PKG-INFO
writing dependency_links to fleet_msgs.egg-info/dependency_links.txt
writing top-level names to fleet_msgs.egg-info/top_level.txt
[ 92%] Built target fleet_msgs__rosidl_generator_py
[ 94%] [32mBuilding C object CMakeFiles/fleet_msgs_s__rosidl_typesupport_introspection_c.dir/rosidl_generator_py/fleet_msgs/_fleet_msgs_s.ep.rosidl_typesupport_introspection_c.c.o[0m
[ 95%] [32mBuilding C object CMakeFiles/fleet_msgs_s__rosidl_typesupport_c.dir/rosidl_generator_py/fleet_msgs/_fleet_msgs_s.ep.rosidl_typesupport_c.c.o[0m
[ 96%] [32mBuilding C object CMakeFiles/fleet_msgs_s__rosidl_typesupport_fastrtps_c.dir/rosidl_generator_py/fleet_msgs/_fleet_msgs_s.ep.rosidl_typesupport_fastrtps_c.c.o[0m
reading manifest file 'fleet_msgs.egg-info/SOURCES.txt'
writing manifest file 'fleet_msgs.egg-info/SOURCES.txt'
[ 96%] Built target ament_cmake_python_build_fleet_msgs_egg
[ 97%] [1m[32mLinking C shared module rosidl_generator_py/fleet_msgs/fleet_msgs_s__rosidl_typesupport_c.so[0m
[ 98%] [1m[32mLinking C shared module rosidl_generator_py/fleet_msgs/fleet_msgs_s__rosidl_typesupport_introspection_c.so[0m
[100%] [1m[32mLinking C shared module rosidl_generator_py/fleet_msgs/fleet_msgs_s__rosidl_typesupport_fastrtps_c.so[0m
[100%] Built target fleet_msgs_s__rosidl_typesupport_c
[100%] Built target fleet_msgs_s__rosidl_typesupport_introspection_c
[100%] Built target fleet_msgs_s__rosidl_typesupport_fastrtps_c
-- Install configuration: ""
-- Up-to-date: /home/aditi/amr_ws/install/fleet_msgs/share/ament_index/resource_index/rosidl_interfaces/fleet_msgs
-- Installing: /home/aditi/amr_ws/install/fleet_msgs/share/fleet_msgs/msg/RobotState.json
-- Installing: /home/aditi/amr_ws/install/fleet_msgs/share/fleet_msgs/msg/RobotIntent.json
-- Installing: /home/aditi/amr_ws/install/fleet_msgs/share/fleet_msgs/msg/ResourceClaim.json
-- Installing: /home/aditi/amr_ws/install/fleet_msgs/share/fleet_msgs/msg/TaskAnnouncement.json
-- Installing: /home/aditi/amr_ws/install/fleet_msgs/share/fleet_msgs/msg/TaskBid.json
-- Installing: /home/aditi/amr_ws/install/fleet_msgs/share/fleet_msgs/msg/Heartbeat.json
-- Up-to-date: /home/aditi/amr_ws/install/fleet_msgs/include/fleet_msgs/fleet_msgs
-- Up-to-date: /home/aditi/amr_ws/install/fleet_msgs/include/fleet_msgs/fleet_msgs/msg
-- Up-to-date: /home/aditi/amr_ws/install/fleet_msgs/include/fleet_msgs/fleet_msgs/msg/rosidl_generator_c__visibility_control.h
-- Installing: /home/aditi/amr_ws/install/fleet_msgs/include/fleet_msgs/fleet_msgs/msg/task_announcement.h
-- Installing: /home/aditi/amr_ws/install/fleet_msgs/include/fleet_msgs/fleet_msgs/msg/task_bid.h
-- Installing: /home/aditi/amr_ws/install/fleet_msgs/include/fleet_msgs/fleet_msgs/msg/resource_claim.h
-- Installing: /home/aditi/amr_ws/install/fleet_msgs/include/fleet_msgs/fleet_msgs/msg/robot_intent.h
-- Installing: /home/aditi/amr_ws/install/fleet_msgs/include/fleet_msgs/fleet_msgs/msg/robot_state.h
-- Installing: /home/aditi/amr_ws/install/fleet_msgs/include/fleet_msgs/fleet_msgs/msg/heartbeat.h
-- Up-to-date: /home/aditi/amr_ws/install/fleet_msgs/include/fleet_msgs/fleet_msgs/msg/detail
-- Installing: /home/aditi/amr_ws/install/fleet_msgs/include/fleet_msgs/fleet_msgs/msg/detail/task_announcement__functions.h
-- Installing: /home/aditi/amr_ws/install/fleet_msgs/include/fleet_msgs/fleet_msgs/msg/detail/robot_intent__functions.c
-- Installing: /home/aditi/amr_ws/install/fleet_msgs/include/fleet_msgs/fleet_msgs/msg/detail/task_bid__struct.h
-- Installing: /home/aditi/amr_ws/install/fleet_msgs/include/fleet_msgs/fleet_msgs/msg/detail/resource_claim__type_support.c
-- Installing: /home/aditi/amr_ws/install/fleet_msgs/include/fleet_msgs/fleet_msgs/msg/detail/robot_state__functions.c
-- Installing: /home/aditi/amr_ws/install/fleet_msgs/include/fleet_msgs/fleet_msgs/msg/detail/heartbeat__description.c
-- Installing: /home/aditi/amr_ws/install/fleet_msgs/include/fleet_msgs/fleet_msgs/msg/detail/robot_state__type_support.c
-- Installing: /home/aditi/amr_ws/install/fleet_msgs/include/fleet_msgs/fleet_msgs/msg/detail/resource_claim__functions.h
-- Installing: /home/aditi/amr_ws/install/fleet_msgs/include/fleet_msgs/fleet_msgs/msg/detail/robot_intent__struct.h
-- Installing: /home/aditi/amr_ws/install/fleet_msgs/include/fleet_msgs/fleet_msgs/msg/detail/task_announcement__struct.h
-- Installing: /home/aditi/amr_ws/install/fleet_msgs/include/fleet_msgs/fleet_msgs/msg/detail/robot_intent__type_support.h
-- Installing: /home/aditi/amr_ws/install/fleet_msgs/include/fleet_msgs/fleet_msgs/msg/detail/heartbeat__type_support.c
-- Installing: /home/aditi/amr_ws/install/fleet_msgs/include/fleet_msgs/fleet_msgs/msg/detail/robot_state__type_support.h
-- Installing: /home/aditi/amr_ws/install/fleet_msgs/include/fleet_msgs/fleet_msgs/msg/detail/task_announcement__description.c
-- Installing: /home/aditi/amr_ws/install/fleet_msgs/include/fleet_msgs/fleet_msgs/msg/detail/robot_intent__type_support.c
-- Installing: /home/aditi/amr_ws/install/fleet_msgs/include/fleet_msgs/fleet_msgs/msg/detail/task_bid__type_support.c
-- Installing: /home/aditi/amr_ws/install/fleet_msgs/include/fleet_msgs/fleet_msgs/msg/detail/task_bid__type_support.h
-- Installing: /home/aditi/amr_ws/install/fleet_msgs/include/fleet_msgs/fleet_msgs/msg/detail/task_bid__description.c
-- Installing: /home/aditi/amr_ws/install/fleet_msgs/include/fleet_msgs/fleet_msgs/msg/detail/robot_state__description.c
-- Installing: /home/aditi/amr_ws/install/fleet_msgs/include/fleet_msgs/fleet_msgs/msg/detail/heartbeat__type_support.h
-- Installing: /home/aditi/amr_ws/install/fleet_msgs/include/fleet_msgs/fleet_msgs/msg/detail/task_bid__functions.h
-- Installing: /home/aditi/amr_ws/install/fleet_msgs/include/fleet_msgs/fleet_msgs/msg/detail/robot_intent__description.c
-- Installing: /home/aditi/amr_ws/install/fleet_msgs/include/fleet_msgs/fleet_msgs/msg/detail/robot_state__struct.h
-- Installing: /home/aditi/amr_ws/install/fleet_msgs/include/fleet_msgs/fleet_msgs/msg/detail/resource_claim__description.c
-- Installing: /home/aditi/amr_ws/install/fleet_msgs/include/fleet_msgs/fleet_msgs/msg/detail/resource_claim__functions.c
-- Installing: /home/aditi/amr_ws/install/fleet_msgs/include/fleet_msgs/fleet_msgs/msg/detail/task_announcement__type_support.c
-- Installing: /home/aditi/amr_ws/install/fleet_msgs/include/fleet_msgs/fleet_msgs/msg/detail/task_announcement__functions.c
-- Installing: /home/aditi/amr_ws/install/fleet_msgs/include/fleet_msgs/fleet_msgs/msg/detail/resource_claim__type_support.h
-- Installing: /home/aditi/amr_ws/install/fleet_msgs/include/fleet_msgs/fleet_msgs/msg/detail/robot_state__functions.h
-- Installing: /home/aditi/amr_ws/install/fleet_msgs/include/fleet_msgs/fleet_msgs/msg/detail/task_announcement__type_support.h
-- Installing: /home/aditi/amr_ws/install/fleet_msgs/include/fleet_msgs/fleet_msgs/msg/detail/heartbeat__functions.c
-- Installing: /home/aditi/amr_ws/install/fleet_msgs/include/fleet_msgs/fleet_msgs/msg/detail/heartbeat__functions.h
-- Installing: /home/aditi/amr_ws/install/fleet_msgs/include/fleet_msgs/fleet_msgs/msg/detail/task_bid__functions.c
-- Installing: /home/aditi/amr_ws/install/fleet_msgs/include/fleet_msgs/fleet_msgs/msg/detail/resource_claim__struct.h
-- Installing: /home/aditi/amr_ws/install/fleet_msgs/include/fleet_msgs/fleet_msgs/msg/detail/robot_intent__functions.h
-- Installing: /home/aditi/amr_ws/install/fleet_msgs/include/fleet_msgs/fleet_msgs/msg/detail/heartbeat__struct.h
-- Up-to-date: /home/aditi/amr_ws/install/fleet_msgs/share/fleet_msgs/environment/library_path.sh
-- Up-to-date: /home/aditi/amr_ws/install/fleet_msgs/share/fleet_msgs/environment/library_path.dsv
-- Installing: /home/aditi/amr_ws/install/fleet_msgs/lib/libfleet_msgs__rosidl_generator_c.so
-- Set non-toolchain portion of runtime path of "/home/aditi/amr_ws/install/fleet_msgs/lib/libfleet_msgs__rosidl_generator_c.so" to ""
-- Up-to-date: /home/aditi/amr_ws/install/fleet_msgs/include/fleet_msgs/fleet_msgs
-- Up-to-date: /home/aditi/amr_ws/install/fleet_msgs/include/fleet_msgs/fleet_msgs/msg
-- Up-to-date: /home/aditi/amr_ws/install/fleet_msgs/include/fleet_msgs/fleet_msgs/msg/rosidl_typesupport_fastrtps_c__visibility_control.h
-- Up-to-date: /home/aditi/amr_ws/install/fleet_msgs/include/fleet_msgs/fleet_msgs/msg/detail
-- Installing: /home/aditi/amr_ws/install/fleet_msgs/include/fleet_msgs/fleet_msgs/msg/detail/robot_state__rosidl_typesupport_fastrtps_c.h
-- Installing: /home/aditi/amr_ws/install/fleet_msgs/include/fleet_msgs/fleet_msgs/msg/detail/robot_intent__rosidl_typesupport_fastrtps_c.h
-- Installing: /home/aditi/amr_ws/install/fleet_msgs/include/fleet_msgs/fleet_msgs/msg/detail/heartbeat__rosidl_typesupport_fastrtps_c.h
-- Installing: /home/aditi/amr_ws/install/fleet_msgs/include/fleet_msgs/fleet_msgs/msg/detail/task_announcement__rosidl_typesupport_fastrtps_c.h
-- Installing: /home/aditi/amr_ws/install/fleet_msgs/include/fleet_msgs/fleet_msgs/msg/detail/task_bid__rosidl_typesupport_fastrtps_c.h
-- Installing: /home/aditi/amr_ws/install/fleet_msgs/include/fleet_msgs/fleet_msgs/msg/detail/resource_claim__rosidl_typesupport_fastrtps_c.h
-- Installing: /home/aditi/amr_ws/install/fleet_msgs/lib/libfleet_msgs__rosidl_typesupport_fastrtps_c.so
-- Set non-toolchain portion of runtime path of "/home/aditi/amr_ws/install/fleet_msgs/lib/libfleet_msgs__rosidl_typesupport_fastrtps_c.so" to ""
-- Up-to-date: /home/aditi/amr_ws/install/fleet_msgs/include/fleet_msgs/fleet_msgs
-- Up-to-date: /home/aditi/amr_ws/install/fleet_msgs/include/fleet_msgs/fleet_msgs/msg
-- Up-to-date: /home/aditi/amr_ws/install/fleet_msgs/include/fleet_msgs/fleet_msgs/msg/rosidl_typesupport_introspection_c__visibility_control.h
-- Up-to-date: /home/aditi/amr_ws/install/fleet_msgs/include/fleet_msgs/fleet_msgs/msg/detail
-- Installing: /home/aditi/amr_ws/install/fleet_msgs/include/fleet_msgs/fleet_msgs/msg/detail/resource_claim__rosidl_typesupport_introspection_c.h
-- Installing: /home/aditi/amr_ws/install/fleet_msgs/include/fleet_msgs/fleet_msgs/msg/detail/resource_claim__type_support.c
-- Installing: /home/aditi/amr_ws/install/fleet_msgs/include/fleet_msgs/fleet_msgs/msg/detail/robot_state__type_support.c
-- Installing: /home/aditi/amr_ws/install/fleet_msgs/include/fleet_msgs/fleet_msgs/msg/detail/robot_intent__rosidl_typesupport_introspection_c.h
-- Installing: /home/aditi/amr_ws/install/fleet_msgs/include/fleet_msgs/fleet_msgs/msg/detail/task_bid__rosidl_typesupport_introspection_c.h
-- Installing: /home/aditi/amr_ws/install/fleet_msgs/include/fleet_msgs/fleet_msgs/msg/detail/robot_state__rosidl_typesupport_introspection_c.h
-- Installing: /home/aditi/amr_ws/install/fleet_msgs/include/fleet_msgs/fleet_msgs/msg/detail/task_announcement__rosidl_typesupport_introspection_c.h
-- Installing: /home/aditi/amr_ws/install/fleet_msgs/include/fleet_msgs/fleet_msgs/msg/detail/heartbeat__type_support.c
-- Installing: /home/aditi/amr_ws/install/fleet_msgs/include/fleet_msgs/fleet_msgs/msg/detail/robot_intent__type_support.c
-- Installing: /home/aditi/amr_ws/install/fleet_msgs/include/fleet_msgs/fleet_msgs/msg/detail/task_bid__type_support.c
-- Installing: /home/aditi/amr_ws/install/fleet_msgs/include/fleet_msgs/fleet_msgs/msg/detail/heartbeat__rosidl_typesupport_introspection_c.h
-- Installing: /home/aditi/amr_ws/install/fleet_msgs/include/fleet_msgs/fleet_msgs/msg/detail/task_announcement__type_support.c
-- Installing: /home/aditi/amr_ws/install/fleet_msgs/lib/libfleet_msgs__rosidl_typesupport_introspection_c.so
-- Set non-toolchain portion of runtime path of "/home/aditi/amr_ws/install/fleet_msgs/lib/libfleet_msgs__rosidl_typesupport_introspection_c.so" to ""
-- Installing: /home/aditi/amr_ws/install/fleet_msgs/lib/libfleet_msgs__rosidl_typesupport_c.so
-- Set non-toolchain portion of runtime path of "/home/aditi/amr_ws/install/fleet_msgs/lib/libfleet_msgs__rosidl_typesupport_c.so" to ""
-- Up-to-date: /home/aditi/amr_ws/install/fleet_msgs/include/fleet_msgs/fleet_msgs
-- Up-to-date: /home/aditi/amr_ws/install/fleet_msgs/include/fleet_msgs/fleet_msgs/msg
-- Installing: /home/aditi/amr_ws/install/fleet_msgs/include/fleet_msgs/fleet_msgs/msg/robot_intent.hpp
-- Installing: /home/aditi/amr_ws/install/fleet_msgs/include/fleet_msgs/fleet_msgs/msg/task_bid.hpp
-- Installing: /home/aditi/amr_ws/install/fleet_msgs/include/fleet_msgs/fleet_msgs/msg/rosidl_generator_cpp__visibility_control.hpp
-- Installing: /home/aditi/amr_ws/install/fleet_msgs/include/fleet_msgs/fleet_msgs/msg/robot_state.hpp
-- Installing: /home/aditi/amr_ws/install/fleet_msgs/include/fleet_msgs/fleet_msgs/msg/resource_claim.hpp
-- Installing: /home/aditi/amr_ws/install/fleet_msgs/include/fleet_msgs/fleet_msgs/msg/task_announcement.hpp
-- Installing: /home/aditi/amr_ws/install/fleet_msgs/include/fleet_msgs/fleet_msgs/msg/heartbeat.hpp
-- Up-to-date: /home/aditi/amr_ws/install/fleet_msgs/include/fleet_msgs/fleet_msgs/msg/detail
-- Installing: /home/aditi/amr_ws/install/fleet_msgs/include/fleet_msgs/fleet_msgs/msg/detail/task_announcement__struct.hpp
-- Installing: /home/aditi/amr_ws/install/fleet_msgs/include/fleet_msgs/fleet_msgs/msg/detail/robot_state__type_support.hpp
-- Installing: /home/aditi/amr_ws/install/fleet_msgs/include/fleet_msgs/fleet_msgs/msg/detail/task_announcement__traits.hpp
-- Installing: /home/aditi/amr_ws/install/fleet_msgs/include/fleet_msgs/fleet_msgs/msg/detail/task_announcement__builder.hpp
-- Installing: /home/aditi/amr_ws/install/fleet_msgs/include/fleet_msgs/fleet_msgs/msg/detail/resource_claim__type_support.hpp
-- Installing: /home/aditi/amr_ws/install/fleet_msgs/include/fleet_msgs/fleet_msgs/msg/detail/robot_intent__traits.hpp
-- Installing: /home/aditi/amr_ws/install/fleet_msgs/include/fleet_msgs/fleet_msgs/msg/detail/heartbeat__struct.hpp
-- Installing: /home/aditi/amr_ws/install/fleet_msgs/include/fleet_msgs/fleet_msgs/msg/detail/resource_claim__struct.hpp
-- Installing: /home/aditi/amr_ws/install/fleet_msgs/include/fleet_msgs/fleet_msgs/msg/detail/robot_intent__builder.hpp
-- Installing: /home/aditi/amr_ws/install/fleet_msgs/include/fleet_msgs/fleet_msgs/msg/detail/heartbeat__type_support.hpp
-- Installing: /home/aditi/amr_ws/install/fleet_msgs/include/fleet_msgs/fleet_msgs/msg/detail/resource_claim__builder.hpp
-- Installing: /home/aditi/amr_ws/install/fleet_msgs/include/fleet_msgs/fleet_msgs/msg/detail/robot_state__struct.hpp
-- Installing: /home/aditi/amr_ws/install/fleet_msgs/include/fleet_msgs/fleet_msgs/msg/detail/robot_intent__struct.hpp
-- Installing: /home/aditi/amr_ws/install/fleet_msgs/include/fleet_msgs/fleet_msgs/msg/detail/task_bid__builder.hpp
-- Installing: /home/aditi/amr_ws/install/fleet_msgs/include/fleet_msgs/fleet_msgs/msg/detail/resource_claim__traits.hpp
-- Installing: /home/aditi/amr_ws/install/fleet_msgs/include/fleet_msgs/fleet_msgs/msg/detail/robot_state__builder.hpp
-- Installing: /home/aditi/amr_ws/install/fleet_msgs/include/fleet_msgs/fleet_msgs/msg/detail/robot_intent__type_support.hpp
-- Installing: /home/aditi/amr_ws/install/fleet_msgs/include/fleet_msgs/fleet_msgs/msg/detail/task_bid__struct.hpp
-- Installing: /home/aditi/amr_ws/install/fleet_msgs/include/fleet_msgs/fleet_msgs/msg/detail/task_announcement__type_support.hpp
-- Installing: /home/aditi/amr_ws/install/fleet_msgs/include/fleet_msgs/fleet_msgs/msg/detail/task_bid__type_support.hpp
-- Installing: /home/aditi/amr_ws/install/fleet_msgs/include/fleet_msgs/fleet_msgs/msg/detail/heartbeat__traits.hpp
-- Installing: /home/aditi/amr_ws/install/fleet_msgs/include/fleet_msgs/fleet_msgs/msg/detail/robot_state__traits.hpp
-- Installing: /home/aditi/amr_ws/install/fleet_msgs/include/fleet_msgs/fleet_msgs/msg/detail/heartbeat__builder.hpp
-- Installing: /home/aditi/amr_ws/install/fleet_msgs/include/fleet_msgs/fleet_msgs/msg/detail/task_bid__traits.hpp
-- Up-to-date: /home/aditi/amr_ws/install/fleet_msgs/include/fleet_msgs/fleet_msgs
-- Up-to-date: /home/aditi/amr_ws/install/fleet_msgs/include/fleet_msgs/fleet_msgs/msg
-- Up-to-date: /home/aditi/amr_ws/install/fleet_msgs/include/fleet_msgs/fleet_msgs/msg/rosidl_typesupport_fastrtps_cpp__visibility_control.h
-- Up-to-date: /home/aditi/amr_ws/install/fleet_msgs/include/fleet_msgs/fleet_msgs/msg/detail
-- Up-to-date: /home/aditi/amr_ws/install/fleet_msgs/include/fleet_msgs/fleet_msgs/msg/detail/dds_fastrtps
-- Installing: /home/aditi/amr_ws/install/fleet_msgs/include/fleet_msgs/fleet_msgs/msg/detail/resource_claim__rosidl_typesupport_fastrtps_cpp.hpp
-- Installing: /home/aditi/amr_ws/install/fleet_msgs/include/fleet_msgs/fleet_msgs/msg/detail/task_announcement__rosidl_typesupport_fastrtps_cpp.hpp
-- Installing: /home/aditi/amr_ws/install/fleet_msgs/include/fleet_msgs/fleet_msgs/msg/detail/robot_intent__rosidl_typesupport_fastrtps_cpp.hpp
-- Installing: /home/aditi/amr_ws/install/fleet_msgs/include/fleet_msgs/fleet_msgs/msg/detail/heartbeat__rosidl_typesupport_fastrtps_cpp.hpp
-- Installing: /home/aditi/amr_ws/install/fleet_msgs/include/fleet_msgs/fleet_msgs/msg/detail/robot_state__rosidl_typesupport_fastrtps_cpp.hpp
-- Installing: /home/aditi/amr_ws/install/fleet_msgs/include/fleet_msgs/fleet_msgs/msg/detail/task_bid__rosidl_typesupport_fastrtps_cpp.hpp
-- Installing: /home/aditi/amr_ws/install/fleet_msgs/lib/libfleet_msgs__rosidl_typesupport_fastrtps_cpp.so
-- Set non-toolchain portion of runtime path of "/home/aditi/amr_ws/install/fleet_msgs/lib/libfleet_msgs__rosidl_typesupport_fastrtps_cpp.so" to ""
-- Up-to-date: /home/aditi/amr_ws/install/fleet_msgs/include/fleet_msgs/fleet_msgs
-- Up-to-date: /home/aditi/amr_ws/install/fleet_msgs/include/fleet_msgs/fleet_msgs/msg
-- Up-to-date: /home/aditi/amr_ws/install/fleet_msgs/include/fleet_msgs/fleet_msgs/msg/detail
-- Installing: /home/aditi/amr_ws/install/fleet_msgs/include/fleet_msgs/fleet_msgs/msg/detail/resource_claim__type_support.cpp
-- Installing: /home/aditi/amr_ws/install/fleet_msgs/include/fleet_msgs/fleet_msgs/msg/detail/robot_state__type_support.cpp
-- Installing: /home/aditi/amr_ws/install/fleet_msgs/include/fleet_msgs/fleet_msgs/msg/detail/task_bid__type_support.cpp
-- Installing: /home/aditi/amr_ws/install/fleet_msgs/include/fleet_msgs/fleet_msgs/msg/detail/task_bid__rosidl_typesupport_introspection_cpp.hpp
-- Installing: /home/aditi/amr_ws/install/fleet_msgs/include/fleet_msgs/fleet_msgs/msg/detail/robot_state__rosidl_typesupport_introspection_cpp.hpp
-- Installing: /home/aditi/amr_ws/install/fleet_msgs/include/fleet_msgs/fleet_msgs/msg/detail/task_announcement__type_support.cpp
-- Installing: /home/aditi/amr_ws/install/fleet_msgs/include/fleet_msgs/fleet_msgs/msg/detail/heartbeat__rosidl_typesupport_introspection_cpp.hpp
-- Installing: /home/aditi/amr_ws/install/fleet_msgs/include/fleet_msgs/fleet_msgs/msg/detail/heartbeat__type_support.cpp
-- Installing: /home/aditi/amr_ws/install/fleet_msgs/include/fleet_msgs/fleet_msgs/msg/detail/robot_intent__rosidl_typesupport_introspection_cpp.hpp
-- Installing: /home/aditi/amr_ws/install/fleet_msgs/include/fleet_msgs/fleet_msgs/msg/detail/resource_claim__rosidl_typesupport_introspection_cpp.hpp
-- Installing: /home/aditi/amr_ws/install/fleet_msgs/include/fleet_msgs/fleet_msgs/msg/detail/task_announcement__rosidl_typesupport_introspection_cpp.hpp
-- Installing: /home/aditi/amr_ws/install/fleet_msgs/include/fleet_msgs/fleet_msgs/msg/detail/robot_intent__type_support.cpp
-- Installing: /home/aditi/amr_ws/install/fleet_msgs/lib/libfleet_msgs__rosidl_typesupport_introspection_cpp.so
-- Set non-toolchain portion of runtime path of "/home/aditi/amr_ws/install/fleet_msgs/lib/libfleet_msgs__rosidl_typesupport_introspection_cpp.so" to ""
-- Installing: /home/aditi/amr_ws/install/fleet_msgs/lib/libfleet_msgs__rosidl_typesupport_cpp.so
-- Set non-toolchain portion of runtime path of "/home/aditi/amr_ws/install/fleet_msgs/lib/libfleet_msgs__rosidl_typesupport_cpp.so" to ""
-- Up-to-date: /home/aditi/amr_ws/install/fleet_msgs/share/fleet_msgs/environment/pythonpath.sh
-- Up-to-date: /home/aditi/amr_ws/install/fleet_msgs/share/fleet_msgs/environment/pythonpath.dsv
-- Installing: /home/aditi/amr_ws/install/fleet_msgs/lib/python3.14/site-packages/fleet_msgs/fleet_msgs_s__rosidl_typesupport_fastrtps_c.so
-- Set non-toolchain portion of runtime path of "/home/aditi/amr_ws/install/fleet_msgs/lib/python3.14/site-packages/fleet_msgs/fleet_msgs_s__rosidl_typesupport_fastrtps_c.so" to ""
-- Installing: /home/aditi/amr_ws/install/fleet_msgs/lib/python3.14/site-packages/fleet_msgs/fleet_msgs_s__rosidl_typesupport_introspection_c.so
-- Set non-toolchain portion of runtime path of "/home/aditi/amr_ws/install/fleet_msgs/lib/python3.14/site-packages/fleet_msgs/fleet_msgs_s__rosidl_typesupport_introspection_c.so" to ""
-- Installing: /home/aditi/amr_ws/install/fleet_msgs/lib/python3.14/site-packages/fleet_msgs/fleet_msgs_s__rosidl_typesupport_c.so
-- Set non-toolchain portion of runtime path of "/home/aditi/amr_ws/install/fleet_msgs/lib/python3.14/site-packages/fleet_msgs/fleet_msgs_s__rosidl_typesupport_c.so" to ""
-- Installing: /home/aditi/amr_ws/install/fleet_msgs/lib/libfleet_msgs__rosidl_generator_py.so
-- Set non-toolchain portion of runtime path of "/home/aditi/amr_ws/install/fleet_msgs/lib/libfleet_msgs__rosidl_generator_py.so" to ""
-- Up-to-date: /home/aditi/amr_ws/install/fleet_msgs/share/fleet_msgs/rust
-- Up-to-date: /home/aditi/amr_ws/install/fleet_msgs/share/fleet_msgs/rust/src
-- Installing: /home/aditi/amr_ws/install/fleet_msgs/share/fleet_msgs/rust/src/lib.rs
-- Installing: /home/aditi/amr_ws/install/fleet_msgs/share/fleet_msgs/rust/src/msg.rs
-- Up-to-date: /home/aditi/amr_ws/install/fleet_msgs/share/fleet_msgs/rust/src/msg
-- Installing: /home/aditi/amr_ws/install/fleet_msgs/share/fleet_msgs/rust/src/msg/rmw.rs
-- Installing: /home/aditi/amr_ws/install/fleet_msgs/share/fleet_msgs/rust/Cargo.toml
-- Installing: /home/aditi/amr_ws/install/fleet_msgs/share/fleet_msgs/rust/build.rs
-- Up-to-date: /home/aditi/amr_ws/install/fleet_msgs/share/fleet_msgs/msg/RobotState.idl
-- Up-to-date: /home/aditi/amr_ws/install/fleet_msgs/share/fleet_msgs/msg/RobotIntent.idl
-- Installing: /home/aditi/amr_ws/install/fleet_msgs/share/fleet_msgs/msg/ResourceClaim.idl
-- Up-to-date: /home/aditi/amr_ws/install/fleet_msgs/share/fleet_msgs/msg/TaskAnnouncement.idl
-- Up-to-date: /home/aditi/amr_ws/install/fleet_msgs/share/fleet_msgs/msg/TaskBid.idl
-- Up-to-date: /home/aditi/amr_ws/install/fleet_msgs/share/fleet_msgs/msg/Heartbeat.idl
-- Up-to-date: /home/aditi/amr_ws/install/fleet_msgs/share/fleet_msgs/msg/RobotState.msg
-- Up-to-date: /home/aditi/amr_ws/install/fleet_msgs/share/fleet_msgs/msg/RobotIntent.msg
-- Installing: /home/aditi/amr_ws/install/fleet_msgs/share/fleet_msgs/msg/ResourceClaim.msg
-- Up-to-date: /home/aditi/amr_ws/install/fleet_msgs/share/fleet_msgs/msg/TaskAnnouncement.msg
-- Up-to-date: /home/aditi/amr_ws/install/fleet_msgs/share/fleet_msgs/msg/TaskBid.msg
-- Up-to-date: /home/aditi/amr_ws/install/fleet_msgs/share/fleet_msgs/msg/Heartbeat.msg
-- Up-to-date: /home/aditi/amr_ws/install/fleet_msgs/share/ament_index/resource_index/package_run_dependencies/fleet_msgs
-- Up-to-date: /home/aditi/amr_ws/install/fleet_msgs/share/ament_index/resource_index/parent_prefix_path/fleet_msgs
-- Up-to-date: /home/aditi/amr_ws/install/fleet_msgs/share/fleet_msgs/environment/ament_prefix_path.sh
-- Up-to-date: /home/aditi/amr_ws/install/fleet_msgs/share/fleet_msgs/environment/ament_prefix_path.dsv
-- Up-to-date: /home/aditi/amr_ws/install/fleet_msgs/share/fleet_msgs/environment/path.sh
-- Up-to-date: /home/aditi/amr_ws/install/fleet_msgs/share/fleet_msgs/environment/path.dsv
-- Up-to-date: /home/aditi/amr_ws/install/fleet_msgs/share/fleet_msgs/local_setup.bash
-- Up-to-date: /home/aditi/amr_ws/install/fleet_msgs/share/fleet_msgs/local_setup.fish
-- Up-to-date: /home/aditi/amr_ws/install/fleet_msgs/share/fleet_msgs/local_setup.sh
-- Up-to-date: /home/aditi/amr_ws/install/fleet_msgs/share/fleet_msgs/local_setup.zsh
-- Up-to-date: /home/aditi/amr_ws/install/fleet_msgs/share/fleet_msgs/local_setup.dsv
-- Installing: /home/aditi/amr_ws/install/fleet_msgs/share/fleet_msgs/package.dsv
-- Up-to-date: /home/aditi/amr_ws/install/fleet_msgs/share/ament_index/resource_index/packages/fleet_msgs
-- Up-to-date: /home/aditi/amr_ws/install/fleet_msgs/share/fleet_msgs/cmake/export_fleet_msgs__rosidl_generator_cExport.cmake
-- Up-to-date: /home/aditi/amr_ws/install/fleet_msgs/share/fleet_msgs/cmake/export_fleet_msgs__rosidl_generator_cExport-noconfig.cmake
-- Up-to-date: /home/aditi/amr_ws/install/fleet_msgs/share/fleet_msgs/cmake/export_fleet_msgs__rosidl_typesupport_fastrtps_cExport.cmake
-- Up-to-date: /home/aditi/amr_ws/install/fleet_msgs/share/fleet_msgs/cmake/export_fleet_msgs__rosidl_typesupport_fastrtps_cExport-noconfig.cmake
-- Up-to-date: /home/aditi/amr_ws/install/fleet_msgs/share/fleet_msgs/cmake/fleet_msgs__rosidl_typesupport_introspection_cExport.cmake
-- Up-to-date: /home/aditi/amr_ws/install/fleet_msgs/share/fleet_msgs/cmake/fleet_msgs__rosidl_typesupport_introspection_cExport-noconfig.cmake
-- Up-to-date: /home/aditi/amr_ws/install/fleet_msgs/share/fleet_msgs/cmake/fleet_msgs__rosidl_typesupport_cExport.cmake
-- Up-to-date: /home/aditi/amr_ws/install/fleet_msgs/share/fleet_msgs/cmake/fleet_msgs__rosidl_typesupport_cExport-noconfig.cmake
-- Up-to-date: /home/aditi/amr_ws/install/fleet_msgs/share/fleet_msgs/cmake/export_fleet_msgs__rosidl_generator_cppExport.cmake
-- Up-to-date: /home/aditi/amr_ws/install/fleet_msgs/share/fleet_msgs/cmake/export_fleet_msgs__rosidl_typesupport_fastrtps_cppExport.cmake
-- Up-to-date: /home/aditi/amr_ws/install/fleet_msgs/share/fleet_msgs/cmake/export_fleet_msgs__rosidl_typesupport_fastrtps_cppExport-noconfig.cmake
-- Up-to-date: /home/aditi/amr_ws/install/fleet_msgs/share/fleet_msgs/cmake/fleet_msgs__rosidl_typesupport_introspection_cppExport.cmake
-- Up-to-date: /home/aditi/amr_ws/install/fleet_msgs/share/fleet_msgs/cmake/fleet_msgs__rosidl_typesupport_introspection_cppExport-noconfig.cmake
-- Up-to-date: /home/aditi/amr_ws/install/fleet_msgs/share/fleet_msgs/cmake/fleet_msgs__rosidl_typesupport_cppExport.cmake
-- Up-to-date: /home/aditi/amr_ws/install/fleet_msgs/share/fleet_msgs/cmake/fleet_msgs__rosidl_typesupport_cppExport-noconfig.cmake
-- Up-to-date: /home/aditi/amr_ws/install/fleet_msgs/share/fleet_msgs/cmake/export_fleet_msgs__rosidl_generator_pyExport.cmake
-- Up-to-date: /home/aditi/amr_ws/install/fleet_msgs/share/fleet_msgs/cmake/export_fleet_msgs__rosidl_generator_pyExport-noconfig.cmake
-- Up-to-date: /home/aditi/amr_ws/install/fleet_msgs/lib/python3.14/site-packages/fleet_msgs-0.0.0-py3.14.egg-info
-- Installing: /home/aditi/amr_ws/install/fleet_msgs/lib/python3.14/site-packages/fleet_msgs-0.0.0-py3.14.egg-info/top_level.txt
-- Installing: /home/aditi/amr_ws/install/fleet_msgs/lib/python3.14/site-packages/fleet_msgs-0.0.0-py3.14.egg-info/dependency_links.txt
-- Installing: /home/aditi/amr_ws/install/fleet_msgs/lib/python3.14/site-packages/fleet_msgs-0.0.0-py3.14.egg-info/PKG-INFO
-- Installing: /home/aditi/amr_ws/install/fleet_msgs/lib/python3.14/site-packages/fleet_msgs-0.0.0-py3.14.egg-info/SOURCES.txt
-- Up-to-date: /home/aditi/amr_ws/install/fleet_msgs/lib/python3.14/site-packages/fleet_msgs
-- Up-to-date: /home/aditi/amr_ws/install/fleet_msgs/lib/python3.14/site-packages/fleet_msgs/fleet_msgs_s__rosidl_typesupport_introspection_c.so
-- Up-to-date: /home/aditi/amr_ws/install/fleet_msgs/lib/python3.14/site-packages/fleet_msgs/fleet_msgs_s__rosidl_typesupport_c.so
-- Installing: /home/aditi/amr_ws/install/fleet_msgs/lib/python3.14/site-packages/fleet_msgs/__init__.py
-- Installing: /home/aditi/amr_ws/install/fleet_msgs/lib/python3.14/site-packages/fleet_msgs/py.typed
-- Up-to-date: /home/aditi/amr_ws/install/fleet_msgs/lib/python3.14/site-packages/fleet_msgs/fleet_msgs_s__rosidl_typesupport_fastrtps_c.so
-- Installing: /home/aditi/amr_ws/install/fleet_msgs/lib/python3.14/site-packages/fleet_msgs/_fleet_msgs_s.ep.rosidl_typesupport_fastrtps_c.c
-- Installing: /home/aditi/amr_ws/install/fleet_msgs/lib/python3.14/site-packages/fleet_msgs/_fleet_msgs_s.ep.rosidl_typesupport_introspection_c.c
-- Up-to-date: /home/aditi/amr_ws/install/fleet_msgs/lib/python3.14/site-packages/fleet_msgs/msg
-- Installing: /home/aditi/amr_ws/install/fleet_msgs/lib/python3.14/site-packages/fleet_msgs/msg/_robot_state_s.c
-- Installing: /home/aditi/amr_ws/install/fleet_msgs/lib/python3.14/site-packages/fleet_msgs/msg/_task_bid.py
-- Installing: /home/aditi/amr_ws/install/fleet_msgs/lib/python3.14/site-packages/fleet_msgs/msg/_robot_state.py
-- Installing: /home/aditi/amr_ws/install/fleet_msgs/lib/python3.14/site-packages/fleet_msgs/msg/_robot_intent.py
-- Installing: /home/aditi/amr_ws/install/fleet_msgs/lib/python3.14/site-packages/fleet_msgs/msg/__init__.py
-- Installing: /home/aditi/amr_ws/install/fleet_msgs/lib/python3.14/site-packages/fleet_msgs/msg/_heartbeat_s.c
-- Installing: /home/aditi/amr_ws/install/fleet_msgs/lib/python3.14/site-packages/fleet_msgs/msg/_resource_claim_s.c
-- Installing: /home/aditi/amr_ws/install/fleet_msgs/lib/python3.14/site-packages/fleet_msgs/msg/_task_announcement.py
-- Installing: /home/aditi/amr_ws/install/fleet_msgs/lib/python3.14/site-packages/fleet_msgs/msg/_task_announcement_s.c
-- Installing: /home/aditi/amr_ws/install/fleet_msgs/lib/python3.14/site-packages/fleet_msgs/msg/_robot_intent_s.c
-- Installing: /home/aditi/amr_ws/install/fleet_msgs/lib/python3.14/site-packages/fleet_msgs/msg/_task_bid_s.c
-- Installing: /home/aditi/amr_ws/install/fleet_msgs/lib/python3.14/site-packages/fleet_msgs/msg/_resource_claim.py
-- Installing: /home/aditi/amr_ws/install/fleet_msgs/lib/python3.14/site-packages/fleet_msgs/msg/_heartbeat.py
-- Installing: /home/aditi/amr_ws/install/fleet_msgs/lib/python3.14/site-packages/fleet_msgs/_fleet_msgs_s.ep.rosidl_typesupport_c.c
Listing '/home/aditi/amr_ws/install/fleet_msgs/lib/python3.14/site-packages/fleet_msgs'...
Compiling '/home/aditi/amr_ws/install/fleet_msgs/lib/python3.14/site-packages/fleet_msgs/__init__.py'...
Listing '/home/aditi/amr_ws/install/fleet_msgs/lib/python3.14/site-packages/fleet_msgs/msg'...
Compiling '/home/aditi/amr_ws/install/fleet_msgs/lib/python3.14/site-packages/fleet_msgs/msg/__init__.py'...
Compiling '/home/aditi/amr_ws/install/fleet_msgs/lib/python3.14/site-packages/fleet_msgs/msg/_heartbeat.py'...
Compiling '/home/aditi/amr_ws/install/fleet_msgs/lib/python3.14/site-packages/fleet_msgs/msg/_resource_claim.py'...
Compiling '/home/aditi/amr_ws/install/fleet_msgs/lib/python3.14/site-packages/fleet_msgs/msg/_robot_intent.py'...
Compiling '/home/aditi/amr_ws/install/fleet_msgs/lib/python3.14/site-packages/fleet_msgs/msg/_robot_state.py'...
Compiling '/home/aditi/amr_ws/install/fleet_msgs/lib/python3.14/site-packages/fleet_msgs/msg/_task_announcement.py'...
Compiling '/home/aditi/amr_ws/install/fleet_msgs/lib/python3.14/site-packages/fleet_msgs/msg/_task_bid.py'...
-- Up-to-date: /home/aditi/amr_ws/install/fleet_msgs/share/fleet_msgs/cmake/rosidl_cmake-extras.cmake
-- Up-to-date: /home/aditi/amr_ws/install/fleet_msgs/share/fleet_msgs/cmake/ament_cmake_export_include_directories-extras.cmake
-- Up-to-date: /home/aditi/amr_ws/install/fleet_msgs/share/fleet_msgs/cmake/ament_cmake_export_libraries-extras.cmake
-- Up-to-date: /home/aditi/amr_ws/install/fleet_msgs/share/fleet_msgs/cmake/ament_cmake_export_targets-extras.cmake
-- Up-to-date: /home/aditi/amr_ws/install/fleet_msgs/share/fleet_msgs/cmake/rosidl_cmake_export_typesupport_targets-extras.cmake
-- Up-to-date: /home/aditi/amr_ws/install/fleet_msgs/share/fleet_msgs/cmake/ament_cmake_export_dependencies-extras.cmake
-- Up-to-date: /home/aditi/amr_ws/install/fleet_msgs/share/fleet_msgs/cmake/rosidl_cmake_export_typesupport_libraries-extras.cmake
-- Up-to-date: /home/aditi/amr_ws/install/fleet_msgs/share/fleet_msgs/cmake/rosidl_cmake_aggregate_target-extras.cmake
-- Up-to-date: /home/aditi/amr_ws/install/fleet_msgs/share/fleet_msgs/cmake/fleet_msgsConfig.cmake
-- Up-to-date: /home/aditi/amr_ws/install/fleet_msgs/share/fleet_msgs/cmake/fleet_msgsConfig-version.cmake
-- Up-to-date: /home/aditi/amr_ws/install/fleet_msgs/share/fleet_msgs/package.xml
