[3.287s] Invoking command in '/home/aditi/amr_ws/src/task_allocator': PYTHONPATH=/home/aditi/amr_ws/build/task_allocator/prefix_override:/usr/lib/python3/dist-packages/colcon_core/task/python/colcon_distutils_commands:/home/aditi/amr_ws/install/task_allocator/lib/python3.14/site-packages:/home/aditi/amr_ws/install/fleet_msgs/lib/python3.14/site-packages:/home/aditi/amr_ws/install/task_allocator/lib/python3.14/site-packages:/home/aditi/amr_ws/install/robot_bringup/lib/python3.14/site-packages:/home/aditi/amr_ws/install/fleet_coordination/lib/python3.14/site-packages:/home/aditi/amr_ws/install/dashboard_bridge/lib/python3.14/site-packages:/opt/ros/lyrical/opt/gz_math_vendor/lib/python:/opt/ros/lyrical/lib/python3.14/site-packages /usr/bin/python3 -W ignore:setup.py install is deprecated -W ignore:easy_install command is deprecated setup.py egg_info --egg-base ../../build/task_allocator build --build-base /home/aditi/amr_ws/build/task_allocator/build install --record /home/aditi/amr_ws/build/task_allocator/install.log --single-version-externally-managed install_data
[4.259s] running egg_info
[4.295s] creating ../../build/task_allocator/task_allocator.egg-info
[4.296s] writing ../../build/task_allocator/task_allocator.egg-info/PKG-INFO
[4.297s] writing dependency_links to ../../build/task_allocator/task_allocator.egg-info/dependency_links.txt
[4.298s] writing entry points to ../../build/task_allocator/task_allocator.egg-info/entry_points.txt
[4.298s] writing requirements to ../../build/task_allocator/task_allocator.egg-info/requires.txt
[4.299s] writing top-level names to ../../build/task_allocator/task_allocator.egg-info/top_level.txt
[4.299s] writing manifest file '../../build/task_allocator/task_allocator.egg-info/SOURCES.txt'
[4.395s] reading manifest file '../../build/task_allocator/task_allocator.egg-info/SOURCES.txt'
[4.396s] writing manifest file '../../build/task_allocator/task_allocator.egg-info/SOURCES.txt'
[4.397s] running build
[4.397s] running build_py
[4.398s] creating /home/aditi/amr_ws/build/task_allocator/build/lib/task_allocator
[4.399s] copying task_allocator/__init__.py -> /home/aditi/amr_ws/build/task_allocator/build/lib/task_allocator
[4.399s] copying task_allocator/task_allocator_node.py -> /home/aditi/amr_ws/build/task_allocator/build/lib/task_allocator
[4.400s] running install
[4.409s] running install_lib
[4.447s] creating /home/aditi/amr_ws/install/task_allocator/lib/python3.14/site-packages/task_allocator
[4.448s] copying /home/aditi/amr_ws/build/task_allocator/build/lib/task_allocator/__init__.py -> /home/aditi/amr_ws/install/task_allocator/lib/python3.14/site-packages/task_allocator
[4.451s] copying /home/aditi/amr_ws/build/task_allocator/build/lib/task_allocator/task_allocator_node.py -> /home/aditi/amr_ws/install/task_allocator/lib/python3.14/site-packages/task_allocator
[4.452s] byte-compiling /home/aditi/amr_ws/install/task_allocator/lib/python3.14/site-packages/task_allocator/__init__.py to __init__.cpython-314.pyc
[4.452s] byte-compiling /home/aditi/amr_ws/install/task_allocator/lib/python3.14/site-packages/task_allocator/task_allocator_node.py to task_allocator_node.cpython-314.pyc
[4.455s] running install_data
[4.455s] creating /home/aditi/amr_ws/install/task_allocator/share/ament_index/resource_index/packages
[4.457s] copying resource/task_allocator -> /home/aditi/amr_ws/install/task_allocator/share/ament_index/resource_index/packages
[4.458s] copying package.xml -> /home/aditi/amr_ws/install/task_allocator/share/task_allocator
[4.458s] running install_egg_info
[4.509s] Copying ../../build/task_allocator/task_allocator.egg-info to /home/aditi/amr_ws/install/task_allocator/lib/python3.14/site-packages/task_allocator-0.0.0-py3.14.egg-info
[4.513s] running install_scripts
[4.828s] Installing task_allocator_node script to /home/aditi/amr_ws/install/task_allocator/bin
[4.830s] writing list of installed files to '/home/aditi/amr_ws/build/task_allocator/install.log'
[4.949s] Invoked command in '/home/aditi/amr_ws/src/task_allocator' returned '0': PYTHONPATH=/home/aditi/amr_ws/build/task_allocator/prefix_override:/usr/lib/python3/dist-packages/colcon_core/task/python/colcon_distutils_commands:/home/aditi/amr_ws/install/task_allocator/lib/python3.14/site-packages:/home/aditi/amr_ws/install/fleet_msgs/lib/python3.14/site-packages:/home/aditi/amr_ws/install/task_allocator/lib/python3.14/site-packages:/home/aditi/amr_ws/install/robot_bringup/lib/python3.14/site-packages:/home/aditi/amr_ws/install/fleet_coordination/lib/python3.14/site-packages:/home/aditi/amr_ws/install/dashboard_bridge/lib/python3.14/site-packages:/opt/ros/lyrical/opt/gz_math_vendor/lib/python:/opt/ros/lyrical/lib/python3.14/site-packages /usr/bin/python3 -W ignore:setup.py install is deprecated -W ignore:easy_install command is deprecated setup.py egg_info --egg-base ../../build/task_allocator build --build-base /home/aditi/amr_ws/build/task_allocator/build install --record /home/aditi/amr_ws/build/task_allocator/install.log --single-version-externally-managed install_data
