[3.449s] Invoking command in '/home/aditi/amr_ws/src/robot_bringup': PYTHONPATH=/home/aditi/amr_ws/build/robot_bringup/prefix_override:/usr/lib/python3/dist-packages/colcon_core/task/python/colcon_distutils_commands:/home/aditi/amr_ws/install/robot_bringup/lib/python3.14/site-packages:${PYTHONPATH} /usr/bin/python3 -W ignore:setup.py install is deprecated -W ignore:easy_install command is deprecated setup.py egg_info --egg-base ../../build/robot_bringup build --build-base /home/aditi/amr_ws/build/robot_bringup/build install --record /home/aditi/amr_ws/build/robot_bringup/install.log --single-version-externally-managed install_data
[4.128s] running egg_info
[4.176s] writing ../../build/robot_bringup/robot_bringup.egg-info/PKG-INFO
[4.178s] writing dependency_links to ../../build/robot_bringup/robot_bringup.egg-info/dependency_links.txt
[4.178s] writing requirements to ../../build/robot_bringup/robot_bringup.egg-info/requires.txt
[4.179s] writing top-level names to ../../build/robot_bringup/robot_bringup.egg-info/top_level.txt
[4.264s] reading manifest file '../../build/robot_bringup/robot_bringup.egg-info/SOURCES.txt'
[4.266s] writing manifest file '../../build/robot_bringup/robot_bringup.egg-info/SOURCES.txt'
[4.266s] running build
[4.266s] running build_py
[4.267s] copying robot_bringup/__init__.py -> /home/aditi/amr_ws/build/robot_bringup/build/lib/robot_bringup
[4.267s] running install
[4.277s] running install_lib
[4.320s] running install_data
[4.321s] copying resource/robot_bringup -> /home/aditi/amr_ws/install/robot_bringup/share/ament_index/resource_index/packages
[4.322s] copying package.xml -> /home/aditi/amr_ws/install/robot_bringup/share/robot_bringup
[4.323s] copying launch/bringup.launch.py -> /home/aditi/amr_ws/install/robot_bringup/share/robot_bringup/launch
[4.323s] running install_egg_info
[4.368s] removing '/home/aditi/amr_ws/install/robot_bringup/lib/python3.14/site-packages/robot_bringup-0.0.0-py3.14.egg-info' (and everything under it)
[4.369s] Copying ../../build/robot_bringup/robot_bringup.egg-info to /home/aditi/amr_ws/install/robot_bringup/lib/python3.14/site-packages/robot_bringup-0.0.0-py3.14.egg-info
[4.373s] running install_scripts
[4.600s] writing list of installed files to '/home/aditi/amr_ws/build/robot_bringup/install.log'
[4.702s] Invoked command in '/home/aditi/amr_ws/src/robot_bringup' returned '0': PYTHONPATH=/home/aditi/amr_ws/build/robot_bringup/prefix_override:/usr/lib/python3/dist-packages/colcon_core/task/python/colcon_distutils_commands:/home/aditi/amr_ws/install/robot_bringup/lib/python3.14/site-packages:${PYTHONPATH} /usr/bin/python3 -W ignore:setup.py install is deprecated -W ignore:easy_install command is deprecated setup.py egg_info --egg-base ../../build/robot_bringup build --build-base /home/aditi/amr_ws/build/robot_bringup/build install --record /home/aditi/amr_ws/build/robot_bringup/install.log --single-version-externally-managed install_data
