[2.780s] Invoking command in '/home/aditi/amr_ws/src/fleet_coordination': PYTHONPATH=/home/aditi/amr_ws/build/fleet_coordination/prefix_override:/usr/lib/python3/dist-packages/colcon_core/task/python/colcon_distutils_commands:/home/aditi/amr_ws/install/fleet_coordination/lib/python3.14/site-packages:/home/aditi/amr_ws/install/fleet_msgs/lib/python3.14/site-packages:/home/aditi/amr_ws/install/task_allocator/lib/python3.14/site-packages:/home/aditi/amr_ws/install/robot_bringup/lib/python3.14/site-packages:/home/aditi/amr_ws/install/fleet_coordination/lib/python3.14/site-packages:/home/aditi/amr_ws/install/dashboard_bridge/lib/python3.14/site-packages:/opt/ros/lyrical/opt/gz_math_vendor/lib/python:/opt/ros/lyrical/lib/python3.14/site-packages /usr/bin/python3 -W ignore:setup.py install is deprecated -W ignore:easy_install command is deprecated setup.py egg_info --egg-base ../../build/fleet_coordination build --build-base /home/aditi/amr_ws/build/fleet_coordination/build install --record /home/aditi/amr_ws/build/fleet_coordination/install.log --install-scripts $base/lib/fleet_coordination --single-version-externally-managed install_data
[3.722s] running egg_info
[3.767s] writing ../../build/fleet_coordination/fleet_coordination.egg-info/PKG-INFO
[3.769s] writing dependency_links to ../../build/fleet_coordination/fleet_coordination.egg-info/dependency_links.txt
[3.769s] writing entry points to ../../build/fleet_coordination/fleet_coordination.egg-info/entry_points.txt
[3.769s] writing requirements to ../../build/fleet_coordination/fleet_coordination.egg-info/requires.txt
[3.770s] writing top-level names to ../../build/fleet_coordination/fleet_coordination.egg-info/top_level.txt
[3.954s] reading manifest file '../../build/fleet_coordination/fleet_coordination.egg-info/SOURCES.txt'
[3.956s] writing manifest file '../../build/fleet_coordination/fleet_coordination.egg-info/SOURCES.txt'
[3.957s] running build
[3.957s] running build_py
[3.957s] copying fleet_coordination/fleet_agent_node.py -> /home/aditi/amr_ws/build/fleet_coordination/build/lib/fleet_coordination
[3.958s] copying fleet_coordination/__init__.py -> /home/aditi/amr_ws/build/fleet_coordination/build/lib/fleet_coordination
[3.959s] running install
[3.968s] running install_lib
[4.014s] copying /home/aditi/amr_ws/build/fleet_coordination/build/lib/fleet_coordination/fleet_agent_node.py -> /home/aditi/amr_ws/install/fleet_coordination/lib/python3.14/site-packages/fleet_coordination
[4.016s] byte-compiling /home/aditi/amr_ws/install/fleet_coordination/lib/python3.14/site-packages/fleet_coordination/fleet_agent_node.py to fleet_agent_node.cpython-314.pyc
[4.023s] running install_data
[4.024s] copying resource/fleet_coordination -> /home/aditi/amr_ws/install/fleet_coordination/share/ament_index/resource_index/packages
[4.024s] copying package.xml -> /home/aditi/amr_ws/install/fleet_coordination/share/fleet_coordination
[4.025s] running install_egg_info
[4.063s] removing '/home/aditi/amr_ws/install/fleet_coordination/lib/python3.14/site-packages/fleet_coordination-0.0.0-py3.14.egg-info' (and everything under it)
[4.064s] Copying ../../build/fleet_coordination/fleet_coordination.egg-info to /home/aditi/amr_ws/install/fleet_coordination/lib/python3.14/site-packages/fleet_coordination-0.0.0-py3.14.egg-info
[4.068s] running install_scripts
[4.417s] Installing fleet_agent_node script to /home/aditi/amr_ws/install/fleet_coordination/lib/fleet_coordination
[4.418s] writing list of installed files to '/home/aditi/amr_ws/build/fleet_coordination/install.log'
[4.547s] Invoked command in '/home/aditi/amr_ws/src/fleet_coordination' returned '0': PYTHONPATH=/home/aditi/amr_ws/build/fleet_coordination/prefix_override:/usr/lib/python3/dist-packages/colcon_core/task/python/colcon_distutils_commands:/home/aditi/amr_ws/install/fleet_coordination/lib/python3.14/site-packages:/home/aditi/amr_ws/install/fleet_msgs/lib/python3.14/site-packages:/home/aditi/amr_ws/install/task_allocator/lib/python3.14/site-packages:/home/aditi/amr_ws/install/robot_bringup/lib/python3.14/site-packages:/home/aditi/amr_ws/install/fleet_coordination/lib/python3.14/site-packages:/home/aditi/amr_ws/install/dashboard_bridge/lib/python3.14/site-packages:/opt/ros/lyrical/opt/gz_math_vendor/lib/python:/opt/ros/lyrical/lib/python3.14/site-packages /usr/bin/python3 -W ignore:setup.py install is deprecated -W ignore:easy_install command is deprecated setup.py egg_info --egg-base ../../build/fleet_coordination build --build-base /home/aditi/amr_ws/build/fleet_coordination/build install --record /home/aditi/amr_ws/build/fleet_coordination/install.log --install-scripts $base/lib/fleet_coordination --single-version-externally-managed install_data
