running egg_info
writing ../../build/robot_bringup/robot_bringup.egg-info/PKG-INFO
writing dependency_links to ../../build/robot_bringup/robot_bringup.egg-info/dependency_links.txt
writing requirements to ../../build/robot_bringup/robot_bringup.egg-info/requires.txt
writing top-level names to ../../build/robot_bringup/robot_bringup.egg-info/top_level.txt
reading manifest file '../../build/robot_bringup/robot_bringup.egg-info/SOURCES.txt'
writing manifest file '../../build/robot_bringup/robot_bringup.egg-info/SOURCES.txt'
running build
running build_py
copying robot_bringup/__init__.py -> /home/aditi/amr_ws/build/robot_bringup/build/lib/robot_bringup
running install
running install_lib
running install_data
copying resource/robot_bringup -> /home/aditi/amr_ws/install/robot_bringup/share/ament_index/resource_index/packages
copying package.xml -> /home/aditi/amr_ws/install/robot_bringup/share/robot_bringup
copying launch/bringup.launch.py -> /home/aditi/amr_ws/install/robot_bringup/share/robot_bringup/launch
running install_egg_info
removing '/home/aditi/amr_ws/install/robot_bringup/lib/python3.14/site-packages/robot_bringup-0.0.0-py3.14.egg-info' (and everything under it)
Copying ../../build/robot_bringup/robot_bringup.egg-info to /home/aditi/amr_ws/install/robot_bringup/lib/python3.14/site-packages/robot_bringup-0.0.0-py3.14.egg-info
running install_scripts
writing list of installed files to '/home/aditi/amr_ws/build/robot_bringup/install.log'
