[1.993s] Invoking command in '/home/aditi/amr_ws/src/robot_bringup': PYTHONPATH=/home/aditi/amr_ws/build/robot_bringup/prefix_override:/usr/lib/python3/dist-packages/colcon_core/task/python/colcon_distutils_commands:/home/aditi/amr_ws/install/robot_bringup/lib/python3.14/site-packages:${PYTHONPATH} /usr/bin/python3 -W ignore:setup.py install is deprecated -W ignore:easy_install command is deprecated setup.py egg_info --egg-base ../../build/robot_bringup build --build-base /home/aditi/amr_ws/build/robot_bringup/build install --record /home/aditi/amr_ws/build/robot_bringup/install.log --single-version-externally-managed install_data
[2.712s] running egg_info
[2.764s] writing ../../build/robot_bringup/robot_bringup.egg-info/PKG-INFO
[2.765s] writing dependency_links to ../../build/robot_bringup/robot_bringup.egg-info/dependency_links.txt
[2.766s] writing requirements to ../../build/robot_bringup/robot_bringup.egg-info/requires.txt
[2.766s] writing top-level names to ../../build/robot_bringup/robot_bringup.egg-info/top_level.txt
[2.849s] reading manifest file '../../build/robot_bringup/robot_bringup.egg-info/SOURCES.txt'
[2.851s] writing manifest file '../../build/robot_bringup/robot_bringup.egg-info/SOURCES.txt'
[2.852s] running build
[2.852s] running build_py
[2.852s] copying robot_bringup/__init__.py -> /home/aditi/amr_ws/build/robot_bringup/build/lib/robot_bringup
[2.853s] running install
[2.865s] running install_lib
[2.905s] running install_data
[2.906s] copying resource/robot_bringup -> /home/aditi/amr_ws/install/robot_bringup/share/ament_index/resource_index/packages
[2.906s] copying package.xml -> /home/aditi/amr_ws/install/robot_bringup/share/robot_bringup
[2.907s] copying launch/bringup.launch.py -> /home/aditi/amr_ws/install/robot_bringup/share/robot_bringup/launch
[2.907s] running install_egg_info
[2.970s] removing '/home/aditi/amr_ws/install/robot_bringup/lib/python3.14/site-packages/robot_bringup-0.0.0-py3.14.egg-info' (and everything under it)
[2.970s] Copying ../../build/robot_bringup/robot_bringup.egg-info to /home/aditi/amr_ws/install/robot_bringup/lib/python3.14/site-packages/robot_bringup-0.0.0-py3.14.egg-info
[2.974s] running install_scripts
[3.261s] writing list of installed files to '/home/aditi/amr_ws/build/robot_bringup/install.log'
[3.348s] Invoked command in '/home/aditi/amr_ws/src/robot_bringup' returned '0': PYTHONPATH=/home/aditi/amr_ws/build/robot_bringup/prefix_override:/usr/lib/python3/dist-packages/colcon_core/task/python/colcon_distutils_commands:/home/aditi/amr_ws/install/robot_bringup/lib/python3.14/site-packages:${PYTHONPATH} /usr/bin/python3 -W ignore:setup.py install is deprecated -W ignore:easy_install command is deprecated setup.py egg_info --egg-base ../../build/robot_bringup build --build-base /home/aditi/amr_ws/build/robot_bringup/build install --record /home/aditi/amr_ws/build/robot_bringup/install.log --single-version-externally-managed install_data
