running egg_info
writing ../../build/dashboard_bridge/dashboard_bridge.egg-info/PKG-INFO
writing dependency_links to ../../build/dashboard_bridge/dashboard_bridge.egg-info/dependency_links.txt
writing entry points to ../../build/dashboard_bridge/dashboard_bridge.egg-info/entry_points.txt
writing requirements to ../../build/dashboard_bridge/dashboard_bridge.egg-info/requires.txt
writing top-level names to ../../build/dashboard_bridge/dashboard_bridge.egg-info/top_level.txt
reading manifest file '../../build/dashboard_bridge/dashboard_bridge.egg-info/SOURCES.txt'
writing manifest file '../../build/dashboard_bridge/dashboard_bridge.egg-info/SOURCES.txt'
running build
running build_py
copying dashboard_bridge/__init__.py -> /home/aditi/amr_ws/build/dashboard_bridge/build/lib/dashboard_bridge
copying dashboard_bridge/dashboard_bridge_node.py -> /home/aditi/amr_ws/build/dashboard_bridge/build/lib/dashboard_bridge
running install
running install_lib
copying /home/aditi/amr_ws/build/dashboard_bridge/build/lib/dashboard_bridge/dashboard_bridge_node.py -> /home/aditi/amr_ws/install/dashboard_bridge/lib/python3.14/site-packages/dashboard_bridge
byte-compiling /home/aditi/amr_ws/install/dashboard_bridge/lib/python3.14/site-packages/dashboard_bridge/dashboard_bridge_node.py to dashboard_bridge_node.cpython-314.pyc
running install_data
copying resource/dashboard_bridge -> /home/aditi/amr_ws/install/dashboard_bridge/share/ament_index/resource_index/packages
copying package.xml -> /home/aditi/amr_ws/install/dashboard_bridge/share/dashboard_bridge
running install_egg_info
removing '/home/aditi/amr_ws/install/dashboard_bridge/lib/python3.14/site-packages/dashboard_bridge-0.0.0-py3.14.egg-info' (and everything under it)
Copying ../../build/dashboard_bridge/dashboard_bridge.egg-info to /home/aditi/amr_ws/install/dashboard_bridge/lib/python3.14/site-packages/dashboard_bridge-0.0.0-py3.14.egg-info
running install_scripts
Installing dashboard_bridge_node script to /home/aditi/amr_ws/install/dashboard_bridge/lib/dashboard_bridge
writing list of installed files to '/home/aditi/amr_ws/build/dashboard_bridge/install.log'
