[2.095s] Invoking command in '/home/aditi/amr_ws/src/dashboard_bridge': PYTHONPATH=/home/aditi/amr_ws/build/dashboard_bridge/prefix_override:/usr/lib/python3/dist-packages/colcon_core/task/python/colcon_distutils_commands:/home/aditi/amr_ws/install/dashboard_bridge/lib/python3.14/site-packages:/home/aditi/amr_ws/install/fleet_msgs/lib/python3.14/site-packages:/home/aditi/amr_ws/install/task_allocator/lib/python3.14/site-packages:/home/aditi/amr_ws/install/robot_bringup/lib/python3.14/site-packages:/home/aditi/amr_ws/install/fleet_coordination/lib/python3.14/site-packages:/home/aditi/amr_ws/install/dashboard_bridge/lib/python3.14/site-packages:/opt/ros/lyrical/opt/gz_math_vendor/lib/python:/opt/ros/lyrical/lib/python3.14/site-packages /usr/bin/python3 -W ignore:setup.py install is deprecated -W ignore:easy_install command is deprecated setup.py egg_info --egg-base ../../build/dashboard_bridge build --build-base /home/aditi/amr_ws/build/dashboard_bridge/build install --record /home/aditi/amr_ws/build/dashboard_bridge/install.log --install-scripts $base/lib/dashboard_bridge --single-version-externally-managed install_data
[3.110s] running egg_info
[3.189s] writing ../../build/dashboard_bridge/dashboard_bridge.egg-info/PKG-INFO
[3.193s] writing dependency_links to ../../build/dashboard_bridge/dashboard_bridge.egg-info/dependency_links.txt
[3.194s] writing entry points to ../../build/dashboard_bridge/dashboard_bridge.egg-info/entry_points.txt
[3.195s] writing requirements to ../../build/dashboard_bridge/dashboard_bridge.egg-info/requires.txt
[3.196s] writing top-level names to ../../build/dashboard_bridge/dashboard_bridge.egg-info/top_level.txt
[3.381s] reading manifest file '../../build/dashboard_bridge/dashboard_bridge.egg-info/SOURCES.txt'
[3.385s] writing manifest file '../../build/dashboard_bridge/dashboard_bridge.egg-info/SOURCES.txt'
[3.387s] running build
[3.388s] running build_py
[3.388s] copying dashboard_bridge/__init__.py -> /home/aditi/amr_ws/build/dashboard_bridge/build/lib/dashboard_bridge
[3.390s] copying dashboard_bridge/dashboard_bridge_node.py -> /home/aditi/amr_ws/build/dashboard_bridge/build/lib/dashboard_bridge
[3.393s] running install
[3.409s] running install_lib
[3.495s] copying /home/aditi/amr_ws/build/dashboard_bridge/build/lib/dashboard_bridge/dashboard_bridge_node.py -> /home/aditi/amr_ws/install/dashboard_bridge/lib/python3.14/site-packages/dashboard_bridge
[3.498s] byte-compiling /home/aditi/amr_ws/install/dashboard_bridge/lib/python3.14/site-packages/dashboard_bridge/dashboard_bridge_node.py to dashboard_bridge_node.cpython-314.pyc
[3.505s] running install_data
[3.506s] copying resource/dashboard_bridge -> /home/aditi/amr_ws/install/dashboard_bridge/share/ament_index/resource_index/packages
[3.508s] copying package.xml -> /home/aditi/amr_ws/install/dashboard_bridge/share/dashboard_bridge
[3.509s] running install_egg_info
[3.593s] removing '/home/aditi/amr_ws/install/dashboard_bridge/lib/python3.14/site-packages/dashboard_bridge-0.0.0-py3.14.egg-info' (and everything under it)
[3.596s] Copying ../../build/dashboard_bridge/dashboard_bridge.egg-info to /home/aditi/amr_ws/install/dashboard_bridge/lib/python3.14/site-packages/dashboard_bridge-0.0.0-py3.14.egg-info
[3.601s] running install_scripts
[3.929s] Installing dashboard_bridge_node script to /home/aditi/amr_ws/install/dashboard_bridge/lib/dashboard_bridge
[3.931s] writing list of installed files to '/home/aditi/amr_ws/build/dashboard_bridge/install.log'
[4.036s] Invoked command in '/home/aditi/amr_ws/src/dashboard_bridge' returned '0': PYTHONPATH=/home/aditi/amr_ws/build/dashboard_bridge/prefix_override:/usr/lib/python3/dist-packages/colcon_core/task/python/colcon_distutils_commands:/home/aditi/amr_ws/install/dashboard_bridge/lib/python3.14/site-packages:/home/aditi/amr_ws/install/fleet_msgs/lib/python3.14/site-packages:/home/aditi/amr_ws/install/task_allocator/lib/python3.14/site-packages:/home/aditi/amr_ws/install/robot_bringup/lib/python3.14/site-packages:/home/aditi/amr_ws/install/fleet_coordination/lib/python3.14/site-packages:/home/aditi/amr_ws/install/dashboard_bridge/lib/python3.14/site-packages:/opt/ros/lyrical/opt/gz_math_vendor/lib/python:/opt/ros/lyrical/lib/python3.14/site-packages /usr/bin/python3 -W ignore:setup.py install is deprecated -W ignore:easy_install command is deprecated setup.py egg_info --egg-base ../../build/dashboard_bridge build --build-base /home/aditi/amr_ws/build/dashboard_bridge/build install --record /home/aditi/amr_ws/build/dashboard_bridge/install.log --install-scripts $base/lib/dashboard_bridge --single-version-externally-managed install_data
