[2.287s] Invoking command in '/home/aditi/amr_ws/src/task_allocator': PYTHONPATH=/home/aditi/amr_ws/build/task_allocator/prefix_override:/usr/lib/python3/dist-packages/colcon_core/task/python/colcon_distutils_commands:/home/aditi/amr_ws/install/task_allocator/lib/python3.14/site-packages:/home/aditi/amr_ws/install/fleet_msgs/lib/python3.14/site-packages:/home/aditi/amr_ws/install/task_allocator/lib/python3.14/site-packages:/home/aditi/amr_ws/install/robot_bringup/lib/python3.14/site-packages:/home/aditi/amr_ws/install/fleet_coordination/lib/python3.14/site-packages:/home/aditi/amr_ws/install/dashboard_bridge/lib/python3.14/site-packages:/opt/ros/lyrical/opt/gz_math_vendor/lib/python:/opt/ros/lyrical/lib/python3.14/site-packages /usr/bin/python3 -W ignore:setup.py install is deprecated -W ignore:easy_install command is deprecated setup.py egg_info --egg-base ../../build/task_allocator build --build-base /home/aditi/amr_ws/build/task_allocator/build install --record /home/aditi/amr_ws/build/task_allocator/install.log --single-version-externally-managed install_data
[3.218s] running egg_info
[3.266s] writing ../../build/task_allocator/task_allocator.egg-info/PKG-INFO
[3.267s] writing dependency_links to ../../build/task_allocator/task_allocator.egg-info/dependency_links.txt
[3.268s] writing entry points to ../../build/task_allocator/task_allocator.egg-info/entry_points.txt
[3.269s] writing requirements to ../../build/task_allocator/task_allocator.egg-info/requires.txt
[3.269s] writing top-level names to ../../build/task_allocator/task_allocator.egg-info/top_level.txt
[3.360s] reading manifest file '../../build/task_allocator/task_allocator.egg-info/SOURCES.txt'
[3.362s] writing manifest file '../../build/task_allocator/task_allocator.egg-info/SOURCES.txt'
[3.363s] running build
[3.363s] running build_py
[3.363s] copying task_allocator/__init__.py -> /home/aditi/amr_ws/build/task_allocator/build/lib/task_allocator
[3.364s] copying task_allocator/task_allocator_node.py -> /home/aditi/amr_ws/build/task_allocator/build/lib/task_allocator
[3.365s] running install
[3.376s] running install_lib
[3.433s] copying /home/aditi/amr_ws/build/task_allocator/build/lib/task_allocator/task_allocator_node.py -> /home/aditi/amr_ws/install/task_allocator/lib/python3.14/site-packages/task_allocator
[3.434s] byte-compiling /home/aditi/amr_ws/install/task_allocator/lib/python3.14/site-packages/task_allocator/task_allocator_node.py to task_allocator_node.cpython-314.pyc
[3.443s] running install_data
[3.444s] copying resource/task_allocator -> /home/aditi/amr_ws/install/task_allocator/share/ament_index/resource_index/packages
[3.445s] copying package.xml -> /home/aditi/amr_ws/install/task_allocator/share/task_allocator
[3.446s] running install_egg_info
[3.493s] removing '/home/aditi/amr_ws/install/task_allocator/lib/python3.14/site-packages/task_allocator-0.0.0-py3.14.egg-info' (and everything under it)
[3.495s] Copying ../../build/task_allocator/task_allocator.egg-info to /home/aditi/amr_ws/install/task_allocator/lib/python3.14/site-packages/task_allocator-0.0.0-py3.14.egg-info
[3.499s] running install_scripts
[3.808s] Installing task_allocator_node script to /home/aditi/amr_ws/install/task_allocator/bin
[3.809s] writing list of installed files to '/home/aditi/amr_ws/build/task_allocator/install.log'
[3.907s] Invoked command in '/home/aditi/amr_ws/src/task_allocator' returned '0': PYTHONPATH=/home/aditi/amr_ws/build/task_allocator/prefix_override:/usr/lib/python3/dist-packages/colcon_core/task/python/colcon_distutils_commands:/home/aditi/amr_ws/install/task_allocator/lib/python3.14/site-packages:/home/aditi/amr_ws/install/fleet_msgs/lib/python3.14/site-packages:/home/aditi/amr_ws/install/task_allocator/lib/python3.14/site-packages:/home/aditi/amr_ws/install/robot_bringup/lib/python3.14/site-packages:/home/aditi/amr_ws/install/fleet_coordination/lib/python3.14/site-packages:/home/aditi/amr_ws/install/dashboard_bridge/lib/python3.14/site-packages:/opt/ros/lyrical/opt/gz_math_vendor/lib/python:/opt/ros/lyrical/lib/python3.14/site-packages /usr/bin/python3 -W ignore:setup.py install is deprecated -W ignore:easy_install command is deprecated setup.py egg_info --egg-base ../../build/task_allocator build --build-base /home/aditi/amr_ws/build/task_allocator/build install --record /home/aditi/amr_ws/build/task_allocator/install.log --single-version-externally-managed install_data
