[2.513s] Invoking command in '/home/aditi/amr_ws/src/task_allocator': AMENT_PREFIX_PATH=/home/aditi/amr_ws/install/fleet_msgs:${AMENT_PREFIX_PATH} CMAKE_PREFIX_PATH=/home/aditi/amr_ws/install/fleet_msgs:${CMAKE_PREFIX_PATH} LD_LIBRARY_PATH=/home/aditi/amr_ws/install/fleet_msgs/lib:${LD_LIBRARY_PATH} PYTHONPATH=/home/aditi/amr_ws/build/task_allocator/prefix_override:/usr/lib/python3/dist-packages/colcon_core/task/python/colcon_distutils_commands:/home/aditi/amr_ws/install/task_allocator/lib/python3.14/site-packages:/home/aditi/amr_ws/install/fleet_msgs/lib/python3.14/site-packages:${PYTHONPATH} /usr/bin/python3 -W ignore:setup.py install is deprecated -W ignore:easy_install command is deprecated setup.py egg_info --egg-base ../../build/task_allocator build --build-base /home/aditi/amr_ws/build/task_allocator/build install --record /home/aditi/amr_ws/build/task_allocator/install.log --install-scripts $base/lib/task_allocator --single-version-externally-managed install_data
[3.291s] running egg_info
[3.347s] writing ../../build/task_allocator/task_allocator.egg-info/PKG-INFO
[3.349s] writing dependency_links to ../../build/task_allocator/task_allocator.egg-info/dependency_links.txt
[3.350s] writing entry points to ../../build/task_allocator/task_allocator.egg-info/entry_points.txt
[3.351s] writing requirements to ../../build/task_allocator/task_allocator.egg-info/requires.txt
[3.352s] writing top-level names to ../../build/task_allocator/task_allocator.egg-info/top_level.txt
[3.440s] reading manifest file '../../build/task_allocator/task_allocator.egg-info/SOURCES.txt'
[3.445s] writing manifest file '../../build/task_allocator/task_allocator.egg-info/SOURCES.txt'
[3.446s] running build
[3.446s] running build_py
[3.447s] copying task_allocator/__init__.py -> /home/aditi/amr_ws/build/task_allocator/build/lib/task_allocator
[3.447s] copying task_allocator/task_allocator_node.py -> /home/aditi/amr_ws/build/task_allocator/build/lib/task_allocator
[3.449s] running install
[3.465s] running install_lib
[3.509s] copying /home/aditi/amr_ws/build/task_allocator/build/lib/task_allocator/task_allocator_node.py -> /home/aditi/amr_ws/install/task_allocator/lib/python3.14/site-packages/task_allocator
[3.510s] byte-compiling /home/aditi/amr_ws/install/task_allocator/lib/python3.14/site-packages/task_allocator/task_allocator_node.py to task_allocator_node.cpython-314.pyc
[3.514s] running install_data
[3.514s] copying resource/task_allocator -> /home/aditi/amr_ws/install/task_allocator/share/ament_index/resource_index/packages
[3.515s] copying package.xml -> /home/aditi/amr_ws/install/task_allocator/share/task_allocator
[3.516s] running install_egg_info
[3.578s] removing '/home/aditi/amr_ws/install/task_allocator/lib/python3.14/site-packages/task_allocator-0.0.0-py3.14.egg-info' (and everything under it)
[3.578s] Copying ../../build/task_allocator/task_allocator.egg-info to /home/aditi/amr_ws/install/task_allocator/lib/python3.14/site-packages/task_allocator-0.0.0-py3.14.egg-info
[3.582s] running install_scripts
[3.810s] Installing task_allocator_node script to /home/aditi/amr_ws/install/task_allocator/lib/task_allocator
[3.810s] writing list of installed files to '/home/aditi/amr_ws/build/task_allocator/install.log'
[3.875s] Invoked command in '/home/aditi/amr_ws/src/task_allocator' returned '0': AMENT_PREFIX_PATH=/home/aditi/amr_ws/install/fleet_msgs:${AMENT_PREFIX_PATH} CMAKE_PREFIX_PATH=/home/aditi/amr_ws/install/fleet_msgs:${CMAKE_PREFIX_PATH} LD_LIBRARY_PATH=/home/aditi/amr_ws/install/fleet_msgs/lib:${LD_LIBRARY_PATH} PYTHONPATH=/home/aditi/amr_ws/build/task_allocator/prefix_override:/usr/lib/python3/dist-packages/colcon_core/task/python/colcon_distutils_commands:/home/aditi/amr_ws/install/task_allocator/lib/python3.14/site-packages:/home/aditi/amr_ws/install/fleet_msgs/lib/python3.14/site-packages:${PYTHONPATH} /usr/bin/python3 -W ignore:setup.py install is deprecated -W ignore:easy_install command is deprecated setup.py egg_info --egg-base ../../build/task_allocator build --build-base /home/aditi/amr_ws/build/task_allocator/build install --record /home/aditi/amr_ws/build/task_allocator/install.log --install-scripts $base/lib/task_allocator --single-version-externally-managed install_data
