[2.171s] Invoking command in '/home/aditi/amr_ws/src/fleet_coordination': PYTHONPATH=/home/aditi/amr_ws/build/fleet_coordination/prefix_override:/usr/lib/python3/dist-packages/colcon_core/task/python/colcon_distutils_commands:/home/aditi/amr_ws/install/fleet_coordination/lib/python3.14/site-packages:/home/aditi/amr_ws/install/fleet_msgs/lib/python3.14/site-packages:/home/aditi/amr_ws/install/task_allocator/lib/python3.14/site-packages:/home/aditi/amr_ws/install/robot_bringup/lib/python3.14/site-packages:/home/aditi/amr_ws/install/fleet_coordination/lib/python3.14/site-packages:/home/aditi/amr_ws/install/dashboard_bridge/lib/python3.14/site-packages:/opt/ros/lyrical/opt/gz_math_vendor/lib/python:/opt/ros/lyrical/lib/python3.14/site-packages /usr/bin/python3 -W ignore:setup.py install is deprecated -W ignore:easy_install command is deprecated setup.py egg_info --egg-base ../../build/fleet_coordination build --build-base /home/aditi/amr_ws/build/fleet_coordination/build install --record /home/aditi/amr_ws/build/fleet_coordination/install.log --install-scripts $base/lib/fleet_coordination --single-version-externally-managed install_data
[2.867s] running egg_info
[2.900s] writing ../../build/fleet_coordination/fleet_coordination.egg-info/PKG-INFO
[2.901s] writing dependency_links to ../../build/fleet_coordination/fleet_coordination.egg-info/dependency_links.txt
[2.901s] writing entry points to ../../build/fleet_coordination/fleet_coordination.egg-info/entry_points.txt
[2.902s] writing requirements to ../../build/fleet_coordination/fleet_coordination.egg-info/requires.txt
[2.902s] writing top-level names to ../../build/fleet_coordination/fleet_coordination.egg-info/top_level.txt
[3.013s] reading manifest file '../../build/fleet_coordination/fleet_coordination.egg-info/SOURCES.txt'
[3.015s] writing manifest file '../../build/fleet_coordination/fleet_coordination.egg-info/SOURCES.txt'
[3.015s] running build
[3.016s] running build_py
[3.016s] copying fleet_coordination/fleet_agent_node.py -> /home/aditi/amr_ws/build/fleet_coordination/build/lib/fleet_coordination
[3.016s] copying fleet_coordination/__init__.py -> /home/aditi/amr_ws/build/fleet_coordination/build/lib/fleet_coordination
[3.017s] running install
[3.026s] running install_lib
[3.060s] running install_data
[3.061s] copying resource/fleet_coordination -> /home/aditi/amr_ws/install/fleet_coordination/share/ament_index/resource_index/packages
[3.061s] copying package.xml -> /home/aditi/amr_ws/install/fleet_coordination/share/fleet_coordination
[3.061s] running install_egg_info
[3.094s] removing '/home/aditi/amr_ws/install/fleet_coordination/lib/python3.14/site-packages/fleet_coordination-0.0.0-py3.14.egg-info' (and everything under it)
[3.094s] Copying ../../build/fleet_coordination/fleet_coordination.egg-info to /home/aditi/amr_ws/install/fleet_coordination/lib/python3.14/site-packages/fleet_coordination-0.0.0-py3.14.egg-info
[3.097s] running install_scripts
[3.304s] Installing fleet_agent_node script to /home/aditi/amr_ws/install/fleet_coordination/lib/fleet_coordination
[3.304s] writing list of installed files to '/home/aditi/amr_ws/build/fleet_coordination/install.log'
[3.368s] Invoked command in '/home/aditi/amr_ws/src/fleet_coordination' returned '0': PYTHONPATH=/home/aditi/amr_ws/build/fleet_coordination/prefix_override:/usr/lib/python3/dist-packages/colcon_core/task/python/colcon_distutils_commands:/home/aditi/amr_ws/install/fleet_coordination/lib/python3.14/site-packages:/home/aditi/amr_ws/install/fleet_msgs/lib/python3.14/site-packages:/home/aditi/amr_ws/install/task_allocator/lib/python3.14/site-packages:/home/aditi/amr_ws/install/robot_bringup/lib/python3.14/site-packages:/home/aditi/amr_ws/install/fleet_coordination/lib/python3.14/site-packages:/home/aditi/amr_ws/install/dashboard_bridge/lib/python3.14/site-packages:/opt/ros/lyrical/opt/gz_math_vendor/lib/python:/opt/ros/lyrical/lib/python3.14/site-packages /usr/bin/python3 -W ignore:setup.py install is deprecated -W ignore:easy_install command is deprecated setup.py egg_info --egg-base ../../build/fleet_coordination build --build-base /home/aditi/amr_ws/build/fleet_coordination/build install --record /home/aditi/amr_ws/build/fleet_coordination/install.log --install-scripts $base/lib/fleet_coordination --single-version-externally-managed install_data
