[0.027s] Invoking command in '/home/aditi/amr_ws/build/fleet_msgs': CMAKE_PREFIX_PATH=${CMAKE_PREFIX_PATH}:/home/aditi/amr_ws/install/task_allocator:/home/aditi/amr_ws/install/robot_bringup:/home/aditi/amr_ws/install/fleet_coordination:/home/aditi/amr_ws/install/dashboard_bridge:/opt/ros/lyrical /usr/bin/cmake --build /home/aditi/amr_ws/build/fleet_msgs -- -j8 -l8
[0.116s] [  2%] Built target fleet_msgs__rs
[0.116s] [  2%] Built target fleet_msgs__rosidl_generator_type_description
[0.157s] [  3%] Built target fleet_msgs__cpp
[0.163s] [ 27%] Built target fleet_msgs__rosidl_generator_c
[0.208s] [ 36%] Built target fleet_msgs__rosidl_typesupport_introspection_c
[0.213s] [ 45%] Built target fleet_msgs__rosidl_typesupport_c
[0.215s] [ 55%] Built target fleet_msgs__rosidl_typesupport_fastrtps_c
[0.221s] [ 76%] Built target fleet_msgs__rosidl_typesupport_cpp
[0.222s] [ 83%] Built target fleet_msgs__rosidl_typesupport_fastrtps_cpp
[0.222s] [ 83%] Built target fleet_msgs__rosidl_typesupport_introspection_cpp
[0.254s] [ 83%] Built target fleet_msgs
[0.289s] [ 84%] Built target fleet_msgs__py
[0.338s] [ 92%] Built target fleet_msgs__rosidl_generator_py
[0.353s] [ 92%] Built target ament_cmake_python_sync_fleet_msgs
[0.385s] [ 95%] Built target fleet_msgs_s__rosidl_typesupport_introspection_c
[0.388s] [ 97%] Built target fleet_msgs_s__rosidl_typesupport_fastrtps_c
[0.392s] [100%] Built target fleet_msgs_s__rosidl_typesupport_c
[0.890s] running egg_info
[0.929s] writing fleet_msgs.egg-info/PKG-INFO
[0.930s] writing dependency_links to fleet_msgs.egg-info/dependency_links.txt
[0.931s] writing top-level names to fleet_msgs.egg-info/top_level.txt
[1.048s] reading manifest file 'fleet_msgs.egg-info/SOURCES.txt'
[1.050s] writing manifest file 'fleet_msgs.egg-info/SOURCES.txt'
[1.134s] [100%] Built target ament_cmake_python_build_fleet_msgs_egg
[1.162s] Invoked command in '/home/aditi/amr_ws/build/fleet_msgs' returned '0': CMAKE_PREFIX_PATH=${CMAKE_PREFIX_PATH}:/home/aditi/amr_ws/install/task_allocator:/home/aditi/amr_ws/install/robot_bringup:/home/aditi/amr_ws/install/fleet_coordination:/home/aditi/amr_ws/install/dashboard_bridge:/opt/ros/lyrical /usr/bin/cmake --build /home/aditi/amr_ws/build/fleet_msgs -- -j8 -l8
[1.186s] Invoking command in '/home/aditi/amr_ws/build/fleet_msgs': CMAKE_PREFIX_PATH=${CMAKE_PREFIX_PATH}:/home/aditi/amr_ws/install/task_allocator:/home/aditi/amr_ws/install/robot_bringup:/home/aditi/amr_ws/install/fleet_coordination:/home/aditi/amr_ws/install/dashboard_bridge:/opt/ros/lyrical /usr/bin/cmake --install /home/aditi/amr_ws/build/fleet_msgs
[1.205s] -- Install configuration: ""
[1.205s] -- Up-to-date: /home/aditi/amr_ws/install/fleet_msgs/share/ament_index/resource_index/rosidl_interfaces/fleet_msgs
[1.206s] -- Up-to-date: /home/aditi/amr_ws/install/fleet_msgs/share/fleet_msgs/msg/RobotState.json
[1.207s] -- Up-to-date: /home/aditi/amr_ws/install/fleet_msgs/share/fleet_msgs/msg/RobotIntent.json
[1.208s] -- Up-to-date: /home/aditi/amr_ws/install/fleet_msgs/share/fleet_msgs/msg/ResourceClaim.json
[1.208s] -- Up-to-date: /home/aditi/amr_ws/install/fleet_msgs/share/fleet_msgs/msg/TaskAnnouncement.json
[1.209s] -- Up-to-date: /home/aditi/amr_ws/install/fleet_msgs/share/fleet_msgs/msg/TaskBid.json
[1.210s] -- Up-to-date: /home/aditi/amr_ws/install/fleet_msgs/share/fleet_msgs/msg/Heartbeat.json
[1.210s] -- Up-to-date: /home/aditi/amr_ws/install/fleet_msgs/include/fleet_msgs/fleet_msgs
[1.211s] -- Up-to-date: /home/aditi/amr_ws/install/fleet_msgs/include/fleet_msgs/fleet_msgs/msg
[1.211s] -- Up-to-date: /home/aditi/amr_ws/install/fleet_msgs/include/fleet_msgs/fleet_msgs/msg/rosidl_generator_c__visibility_control.h
[1.212s] -- Up-to-date: /home/aditi/amr_ws/install/fleet_msgs/include/fleet_msgs/fleet_msgs/msg/task_announcement.h
[1.214s] -- Up-to-date: /home/aditi/amr_ws/install/fleet_msgs/include/fleet_msgs/fleet_msgs/msg/task_bid.h
[1.214s] -- Up-to-date: /home/aditi/amr_ws/install/fleet_msgs/include/fleet_msgs/fleet_msgs/msg/resource_claim.h
[1.215s] -- Up-to-date: /home/aditi/amr_ws/install/fleet_msgs/include/fleet_msgs/fleet_msgs/msg/robot_intent.h
[1.216s] -- Up-to-date: /home/aditi/amr_ws/install/fleet_msgs/include/fleet_msgs/fleet_msgs/msg/robot_state.h
[1.217s] -- Up-to-date: /home/aditi/amr_ws/install/fleet_msgs/include/fleet_msgs/fleet_msgs/msg/heartbeat.h
[1.217s] -- Up-to-date: /home/aditi/amr_ws/install/fleet_msgs/include/fleet_msgs/fleet_msgs/msg/detail
[1.218s] -- Up-to-date: /home/aditi/amr_ws/install/fleet_msgs/include/fleet_msgs/fleet_msgs/msg/detail/task_announcement__functions.h
[1.219s] -- Up-to-date: /home/aditi/amr_ws/install/fleet_msgs/include/fleet_msgs/fleet_msgs/msg/detail/robot_intent__functions.c
[1.220s] -- Up-to-date: /home/aditi/amr_ws/install/fleet_msgs/include/fleet_msgs/fleet_msgs/msg/detail/task_bid__struct.h
[1.221s] -- Installing: /home/aditi/amr_ws/install/fleet_msgs/include/fleet_msgs/fleet_msgs/msg/detail/resource_claim__type_support.c
[1.221s] -- Up-to-date: /home/aditi/amr_ws/install/fleet_msgs/include/fleet_msgs/fleet_msgs/msg/detail/robot_state__functions.c
[1.222s] -- Up-to-date: /home/aditi/amr_ws/install/fleet_msgs/include/fleet_msgs/fleet_msgs/msg/detail/heartbeat__description.c
[1.222s] -- Installing: /home/aditi/amr_ws/install/fleet_msgs/include/fleet_msgs/fleet_msgs/msg/detail/robot_state__type_support.c
[1.223s] -- Up-to-date: /home/aditi/amr_ws/install/fleet_msgs/include/fleet_msgs/fleet_msgs/msg/detail/resource_claim__functions.h
[1.223s] -- Up-to-date: /home/aditi/amr_ws/install/fleet_msgs/include/fleet_msgs/fleet_msgs/msg/detail/robot_intent__struct.h
[1.224s] -- Up-to-date: /home/aditi/amr_ws/install/fleet_msgs/include/fleet_msgs/fleet_msgs/msg/detail/task_announcement__struct.h
[1.224s] -- Up-to-date: /home/aditi/amr_ws/install/fleet_msgs/include/fleet_msgs/fleet_msgs/msg/detail/robot_intent__type_support.h
[1.225s] -- Installing: /home/aditi/amr_ws/install/fleet_msgs/include/fleet_msgs/fleet_msgs/msg/detail/heartbeat__type_support.c
[1.226s] -- Up-to-date: /home/aditi/amr_ws/install/fleet_msgs/include/fleet_msgs/fleet_msgs/msg/detail/robot_state__type_support.h
[1.227s] -- Up-to-date: /home/aditi/amr_ws/install/fleet_msgs/include/fleet_msgs/fleet_msgs/msg/detail/task_announcement__description.c
[1.227s] -- Installing: /home/aditi/amr_ws/install/fleet_msgs/include/fleet_msgs/fleet_msgs/msg/detail/robot_intent__type_support.c
[1.228s] -- Installing: /home/aditi/amr_ws/install/fleet_msgs/include/fleet_msgs/fleet_msgs/msg/detail/task_bid__type_support.c
[1.229s] -- Up-to-date: /home/aditi/amr_ws/install/fleet_msgs/include/fleet_msgs/fleet_msgs/msg/detail/task_bid__type_support.h
[1.230s] -- Up-to-date: /home/aditi/amr_ws/install/fleet_msgs/include/fleet_msgs/fleet_msgs/msg/detail/task_bid__description.c
[1.230s] -- Up-to-date: /home/aditi/amr_ws/install/fleet_msgs/include/fleet_msgs/fleet_msgs/msg/detail/robot_state__description.c
[1.231s] -- Up-to-date: /home/aditi/amr_ws/install/fleet_msgs/include/fleet_msgs/fleet_msgs/msg/detail/heartbeat__type_support.h
[1.232s] -- Up-to-date: /home/aditi/amr_ws/install/fleet_msgs/include/fleet_msgs/fleet_msgs/msg/detail/task_bid__functions.h
[1.233s] -- Up-to-date: /home/aditi/amr_ws/install/fleet_msgs/include/fleet_msgs/fleet_msgs/msg/detail/robot_intent__description.c
[1.234s] -- Up-to-date: /home/aditi/amr_ws/install/fleet_msgs/include/fleet_msgs/fleet_msgs/msg/detail/robot_state__struct.h
[1.234s] -- Up-to-date: /home/aditi/amr_ws/install/fleet_msgs/include/fleet_msgs/fleet_msgs/msg/detail/resource_claim__description.c
[1.235s] -- Up-to-date: /home/aditi/amr_ws/install/fleet_msgs/include/fleet_msgs/fleet_msgs/msg/detail/resource_claim__functions.c
[1.236s] -- Installing: /home/aditi/amr_ws/install/fleet_msgs/include/fleet_msgs/fleet_msgs/msg/detail/task_announcement__type_support.c
[1.236s] -- Up-to-date: /home/aditi/amr_ws/install/fleet_msgs/include/fleet_msgs/fleet_msgs/msg/detail/task_announcement__functions.c
[1.237s] -- Up-to-date: /home/aditi/amr_ws/install/fleet_msgs/include/fleet_msgs/fleet_msgs/msg/detail/resource_claim__type_support.h
[1.238s] -- Up-to-date: /home/aditi/amr_ws/install/fleet_msgs/include/fleet_msgs/fleet_msgs/msg/detail/robot_state__functions.h
[1.238s] -- Up-to-date: /home/aditi/amr_ws/install/fleet_msgs/include/fleet_msgs/fleet_msgs/msg/detail/task_announcement__type_support.h
[1.239s] -- Up-to-date: /home/aditi/amr_ws/install/fleet_msgs/include/fleet_msgs/fleet_msgs/msg/detail/heartbeat__functions.c
[1.239s] -- Up-to-date: /home/aditi/amr_ws/install/fleet_msgs/include/fleet_msgs/fleet_msgs/msg/detail/heartbeat__functions.h
[1.239s] -- Up-to-date: /home/aditi/amr_ws/install/fleet_msgs/include/fleet_msgs/fleet_msgs/msg/detail/task_bid__functions.c
[1.240s] -- Up-to-date: /home/aditi/amr_ws/install/fleet_msgs/include/fleet_msgs/fleet_msgs/msg/detail/resource_claim__struct.h
[1.241s] -- Up-to-date: /home/aditi/amr_ws/install/fleet_msgs/include/fleet_msgs/fleet_msgs/msg/detail/robot_intent__functions.h
[1.241s] -- Up-to-date: /home/aditi/amr_ws/install/fleet_msgs/include/fleet_msgs/fleet_msgs/msg/detail/heartbeat__struct.h
[1.242s] -- Up-to-date: /home/aditi/amr_ws/install/fleet_msgs/share/fleet_msgs/environment/library_path.sh
[1.242s] -- Up-to-date: /home/aditi/amr_ws/install/fleet_msgs/share/fleet_msgs/environment/library_path.dsv
[1.243s] -- Up-to-date: /home/aditi/amr_ws/install/fleet_msgs/lib/libfleet_msgs__rosidl_generator_c.so
[1.244s] -- Up-to-date: /home/aditi/amr_ws/install/fleet_msgs/include/fleet_msgs/fleet_msgs
[1.244s] -- Up-to-date: /home/aditi/amr_ws/install/fleet_msgs/include/fleet_msgs/fleet_msgs/msg
[1.245s] -- Up-to-date: /home/aditi/amr_ws/install/fleet_msgs/include/fleet_msgs/fleet_msgs/msg/rosidl_typesupport_fastrtps_c__visibility_control.h
[1.245s] -- Up-to-date: /home/aditi/amr_ws/install/fleet_msgs/include/fleet_msgs/fleet_msgs/msg/detail
[1.247s] -- Up-to-date: /home/aditi/amr_ws/install/fleet_msgs/include/fleet_msgs/fleet_msgs/msg/detail/robot_state__rosidl_typesupport_fastrtps_c.h
[1.247s] -- Up-to-date: /home/aditi/amr_ws/install/fleet_msgs/include/fleet_msgs/fleet_msgs/msg/detail/robot_intent__rosidl_typesupport_fastrtps_c.h
[1.248s] -- Up-to-date: /home/aditi/amr_ws/install/fleet_msgs/include/fleet_msgs/fleet_msgs/msg/detail/heartbeat__rosidl_typesupport_fastrtps_c.h
[1.248s] -- Up-to-date: /home/aditi/amr_ws/install/fleet_msgs/include/fleet_msgs/fleet_msgs/msg/detail/task_announcement__rosidl_typesupport_fastrtps_c.h
[1.249s] -- Up-to-date: /home/aditi/amr_ws/install/fleet_msgs/include/fleet_msgs/fleet_msgs/msg/detail/task_bid__rosidl_typesupport_fastrtps_c.h
[1.250s] -- Up-to-date: /home/aditi/amr_ws/install/fleet_msgs/include/fleet_msgs/fleet_msgs/msg/detail/resource_claim__rosidl_typesupport_fastrtps_c.h
[1.251s] -- Up-to-date: /home/aditi/amr_ws/install/fleet_msgs/lib/libfleet_msgs__rosidl_typesupport_fastrtps_c.so
[1.251s] -- Up-to-date: /home/aditi/amr_ws/install/fleet_msgs/include/fleet_msgs/fleet_msgs
[1.252s] -- Up-to-date: /home/aditi/amr_ws/install/fleet_msgs/include/fleet_msgs/fleet_msgs/msg
[1.253s] -- Up-to-date: /home/aditi/amr_ws/install/fleet_msgs/include/fleet_msgs/fleet_msgs/msg/rosidl_typesupport_introspection_c__visibility_control.h
[1.254s] -- Up-to-date: /home/aditi/amr_ws/install/fleet_msgs/include/fleet_msgs/fleet_msgs/msg/detail
[1.254s] -- Up-to-date: /home/aditi/amr_ws/install/fleet_msgs/include/fleet_msgs/fleet_msgs/msg/detail/resource_claim__rosidl_typesupport_introspection_c.h
[1.255s] -- Installing: /home/aditi/amr_ws/install/fleet_msgs/include/fleet_msgs/fleet_msgs/msg/detail/resource_claim__type_support.c
[1.256s] -- Installing: /home/aditi/amr_ws/install/fleet_msgs/include/fleet_msgs/fleet_msgs/msg/detail/robot_state__type_support.c
[1.257s] -- Up-to-date: /home/aditi/amr_ws/install/fleet_msgs/include/fleet_msgs/fleet_msgs/msg/detail/robot_intent__rosidl_typesupport_introspection_c.h
[1.258s] -- Up-to-date: /home/aditi/amr_ws/install/fleet_msgs/include/fleet_msgs/fleet_msgs/msg/detail/task_bid__rosidl_typesupport_introspection_c.h
[1.259s] -- Up-to-date: /home/aditi/amr_ws/install/fleet_msgs/include/fleet_msgs/fleet_msgs/msg/detail/robot_state__rosidl_typesupport_introspection_c.h
[1.259s] -- Up-to-date: /home/aditi/amr_ws/install/fleet_msgs/include/fleet_msgs/fleet_msgs/msg/detail/task_announcement__rosidl_typesupport_introspection_c.h
[1.260s] -- Installing: /home/aditi/amr_ws/install/fleet_msgs/include/fleet_msgs/fleet_msgs/msg/detail/heartbeat__type_support.c
[1.261s] -- Installing: /home/aditi/amr_ws/install/fleet_msgs/include/fleet_msgs/fleet_msgs/msg/detail/robot_intent__type_support.c
[1.261s] -- Installing: /home/aditi/amr_ws/install/fleet_msgs/include/fleet_msgs/fleet_msgs/msg/detail/task_bid__type_support.c
[1.261s] -- Up-to-date: /home/aditi/amr_ws/install/fleet_msgs/include/fleet_msgs/fleet_msgs/msg/detail/heartbeat__rosidl_typesupport_introspection_c.h
[1.261s] -- Installing: /home/aditi/amr_ws/install/fleet_msgs/include/fleet_msgs/fleet_msgs/msg/detail/task_announcement__type_support.c
[1.262s] -- Up-to-date: /home/aditi/amr_ws/install/fleet_msgs/lib/libfleet_msgs__rosidl_typesupport_introspection_c.so
[1.262s] -- Up-to-date: /home/aditi/amr_ws/install/fleet_msgs/lib/libfleet_msgs__rosidl_typesupport_c.so
[1.263s] -- Up-to-date: /home/aditi/amr_ws/install/fleet_msgs/include/fleet_msgs/fleet_msgs
[1.263s] -- Up-to-date: /home/aditi/amr_ws/install/fleet_msgs/include/fleet_msgs/fleet_msgs/msg
[1.263s] -- Up-to-date: /home/aditi/amr_ws/install/fleet_msgs/include/fleet_msgs/fleet_msgs/msg/robot_intent.hpp
[1.264s] -- Up-to-date: /home/aditi/amr_ws/install/fleet_msgs/include/fleet_msgs/fleet_msgs/msg/task_bid.hpp
[1.264s] -- Up-to-date: /home/aditi/amr_ws/install/fleet_msgs/include/fleet_msgs/fleet_msgs/msg/rosidl_generator_cpp__visibility_control.hpp
[1.265s] -- Up-to-date: /home/aditi/amr_ws/install/fleet_msgs/include/fleet_msgs/fleet_msgs/msg/robot_state.hpp
[1.265s] -- Up-to-date: /home/aditi/amr_ws/install/fleet_msgs/include/fleet_msgs/fleet_msgs/msg/resource_claim.hpp
[1.266s] -- Up-to-date: /home/aditi/amr_ws/install/fleet_msgs/include/fleet_msgs/fleet_msgs/msg/task_announcement.hpp
[1.266s] -- Up-to-date: /home/aditi/amr_ws/install/fleet_msgs/include/fleet_msgs/fleet_msgs/msg/heartbeat.hpp
[1.266s] -- Up-to-date: /home/aditi/amr_ws/install/fleet_msgs/include/fleet_msgs/fleet_msgs/msg/detail
[1.267s] -- Up-to-date: /home/aditi/amr_ws/install/fleet_msgs/include/fleet_msgs/fleet_msgs/msg/detail/task_announcement__struct.hpp
[1.267s] -- Up-to-date: /home/aditi/amr_ws/install/fleet_msgs/include/fleet_msgs/fleet_msgs/msg/detail/robot_state__type_support.hpp
[1.268s] -- Up-to-date: /home/aditi/amr_ws/install/fleet_msgs/include/fleet_msgs/fleet_msgs/msg/detail/task_announcement__traits.hpp
[1.268s] -- Up-to-date: /home/aditi/amr_ws/install/fleet_msgs/include/fleet_msgs/fleet_msgs/msg/detail/task_announcement__builder.hpp
[1.268s] -- Up-to-date: /home/aditi/amr_ws/install/fleet_msgs/include/fleet_msgs/fleet_msgs/msg/detail/resource_claim__type_support.hpp
[1.269s] -- Up-to-date: /home/aditi/amr_ws/install/fleet_msgs/include/fleet_msgs/fleet_msgs/msg/detail/robot_intent__traits.hpp
[1.269s] -- Up-to-date: /home/aditi/amr_ws/install/fleet_msgs/include/fleet_msgs/fleet_msgs/msg/detail/heartbeat__struct.hpp
[1.270s] -- Up-to-date: /home/aditi/amr_ws/install/fleet_msgs/include/fleet_msgs/fleet_msgs/msg/detail/resource_claim__struct.hpp
[1.270s] -- Up-to-date: /home/aditi/amr_ws/install/fleet_msgs/include/fleet_msgs/fleet_msgs/msg/detail/robot_intent__builder.hpp
[1.271s] -- Up-to-date: /home/aditi/amr_ws/install/fleet_msgs/include/fleet_msgs/fleet_msgs/msg/detail/heartbeat__type_support.hpp
[1.271s] -- Up-to-date: /home/aditi/amr_ws/install/fleet_msgs/include/fleet_msgs/fleet_msgs/msg/detail/resource_claim__builder.hpp
[1.271s] -- Up-to-date: /home/aditi/amr_ws/install/fleet_msgs/include/fleet_msgs/fleet_msgs/msg/detail/robot_state__struct.hpp
[1.272s] -- Up-to-date: /home/aditi/amr_ws/install/fleet_msgs/include/fleet_msgs/fleet_msgs/msg/detail/robot_intent__struct.hpp
[1.272s] -- Up-to-date: /home/aditi/amr_ws/install/fleet_msgs/include/fleet_msgs/fleet_msgs/msg/detail/task_bid__builder.hpp
[1.273s] -- Up-to-date: /home/aditi/amr_ws/install/fleet_msgs/include/fleet_msgs/fleet_msgs/msg/detail/resource_claim__traits.hpp
[1.273s] -- Up-to-date: /home/aditi/amr_ws/install/fleet_msgs/include/fleet_msgs/fleet_msgs/msg/detail/robot_state__builder.hpp
[1.274s] -- Up-to-date: /home/aditi/amr_ws/install/fleet_msgs/include/fleet_msgs/fleet_msgs/msg/detail/robot_intent__type_support.hpp
[1.274s] -- Up-to-date: /home/aditi/amr_ws/install/fleet_msgs/include/fleet_msgs/fleet_msgs/msg/detail/task_bid__struct.hpp
[1.274s] -- Up-to-date: /home/aditi/amr_ws/install/fleet_msgs/include/fleet_msgs/fleet_msgs/msg/detail/task_announcement__type_support.hpp
[1.275s] -- Up-to-date: /home/aditi/amr_ws/install/fleet_msgs/include/fleet_msgs/fleet_msgs/msg/detail/task_bid__type_support.hpp
[1.276s] -- Up-to-date: /home/aditi/amr_ws/install/fleet_msgs/include/fleet_msgs/fleet_msgs/msg/detail/heartbeat__traits.hpp
[1.276s] -- Up-to-date: /home/aditi/amr_ws/install/fleet_msgs/include/fleet_msgs/fleet_msgs/msg/detail/robot_state__traits.hpp
[1.277s] -- Up-to-date: /home/aditi/amr_ws/install/fleet_msgs/include/fleet_msgs/fleet_msgs/msg/detail/heartbeat__builder.hpp
[1.277s] -- Up-to-date: /home/aditi/amr_ws/install/fleet_msgs/include/fleet_msgs/fleet_msgs/msg/detail/task_bid__traits.hpp
[1.278s] -- Up-to-date: /home/aditi/amr_ws/install/fleet_msgs/include/fleet_msgs/fleet_msgs
[1.278s] -- Up-to-date: /home/aditi/amr_ws/install/fleet_msgs/include/fleet_msgs/fleet_msgs/msg
[1.278s] -- Up-to-date: /home/aditi/amr_ws/install/fleet_msgs/include/fleet_msgs/fleet_msgs/msg/rosidl_typesupport_fastrtps_cpp__visibility_control.h
[1.278s] -- Up-to-date: /home/aditi/amr_ws/install/fleet_msgs/include/fleet_msgs/fleet_msgs/msg/detail
[1.278s] -- Up-to-date: /home/aditi/amr_ws/install/fleet_msgs/include/fleet_msgs/fleet_msgs/msg/detail/dds_fastrtps
[1.279s] -- Up-to-date: /home/aditi/amr_ws/install/fleet_msgs/include/fleet_msgs/fleet_msgs/msg/detail/resource_claim__rosidl_typesupport_fastrtps_cpp.hpp
[1.279s] -- Up-to-date: /home/aditi/amr_ws/install/fleet_msgs/include/fleet_msgs/fleet_msgs/msg/detail/task_announcement__rosidl_typesupport_fastrtps_cpp.hpp
[1.280s] -- Up-to-date: /home/aditi/amr_ws/install/fleet_msgs/include/fleet_msgs/fleet_msgs/msg/detail/robot_intent__rosidl_typesupport_fastrtps_cpp.hpp
[1.280s] -- Up-to-date: /home/aditi/amr_ws/install/fleet_msgs/include/fleet_msgs/fleet_msgs/msg/detail/heartbeat__rosidl_typesupport_fastrtps_cpp.hpp
[1.280s] -- Up-to-date: /home/aditi/amr_ws/install/fleet_msgs/include/fleet_msgs/fleet_msgs/msg/detail/robot_state__rosidl_typesupport_fastrtps_cpp.hpp
[1.280s] -- Up-to-date: /home/aditi/amr_ws/install/fleet_msgs/include/fleet_msgs/fleet_msgs/msg/detail/task_bid__rosidl_typesupport_fastrtps_cpp.hpp
[1.280s] -- Up-to-date: /home/aditi/amr_ws/install/fleet_msgs/lib/libfleet_msgs__rosidl_typesupport_fastrtps_cpp.so
[1.281s] -- Up-to-date: /home/aditi/amr_ws/install/fleet_msgs/include/fleet_msgs/fleet_msgs
[1.281s] -- Up-to-date: /home/aditi/amr_ws/install/fleet_msgs/include/fleet_msgs/fleet_msgs/msg
[1.281s] -- Up-to-date: /home/aditi/amr_ws/install/fleet_msgs/include/fleet_msgs/fleet_msgs/msg/detail
[1.282s] -- Up-to-date: /home/aditi/amr_ws/install/fleet_msgs/include/fleet_msgs/fleet_msgs/msg/detail/resource_claim__type_support.cpp
[1.282s] -- Up-to-date: /home/aditi/amr_ws/install/fleet_msgs/include/fleet_msgs/fleet_msgs/msg/detail/robot_state__type_support.cpp
[1.282s] -- Up-to-date: /home/aditi/amr_ws/install/fleet_msgs/include/fleet_msgs/fleet_msgs/msg/detail/task_bid__type_support.cpp
[1.282s] -- Up-to-date: /home/aditi/amr_ws/install/fleet_msgs/include/fleet_msgs/fleet_msgs/msg/detail/task_bid__rosidl_typesupport_introspection_cpp.hpp
[1.283s] -- Up-to-date: /home/aditi/amr_ws/install/fleet_msgs/include/fleet_msgs/fleet_msgs/msg/detail/robot_state__rosidl_typesupport_introspection_cpp.hpp
[1.283s] -- Up-to-date: /home/aditi/amr_ws/install/fleet_msgs/include/fleet_msgs/fleet_msgs/msg/detail/task_announcement__type_support.cpp
[1.283s] -- Up-to-date: /home/aditi/amr_ws/install/fleet_msgs/include/fleet_msgs/fleet_msgs/msg/detail/heartbeat__rosidl_typesupport_introspection_cpp.hpp
[1.283s] -- Up-to-date: /home/aditi/amr_ws/install/fleet_msgs/include/fleet_msgs/fleet_msgs/msg/detail/heartbeat__type_support.cpp
[1.283s] -- Up-to-date: /home/aditi/amr_ws/install/fleet_msgs/include/fleet_msgs/fleet_msgs/msg/detail/robot_intent__rosidl_typesupport_introspection_cpp.hpp
[1.284s] -- Up-to-date: /home/aditi/amr_ws/install/fleet_msgs/include/fleet_msgs/fleet_msgs/msg/detail/resource_claim__rosidl_typesupport_introspection_cpp.hpp
[1.284s] -- Up-to-date: /home/aditi/amr_ws/install/fleet_msgs/include/fleet_msgs/fleet_msgs/msg/detail/task_announcement__rosidl_typesupport_introspection_cpp.hpp
[1.284s] -- Up-to-date: /home/aditi/amr_ws/install/fleet_msgs/include/fleet_msgs/fleet_msgs/msg/detail/robot_intent__type_support.cpp
[1.284s] -- Up-to-date: /home/aditi/amr_ws/install/fleet_msgs/lib/libfleet_msgs__rosidl_typesupport_introspection_cpp.so
[1.284s] -- Up-to-date: /home/aditi/amr_ws/install/fleet_msgs/lib/libfleet_msgs__rosidl_typesupport_cpp.so
[1.284s] -- Up-to-date: /home/aditi/amr_ws/install/fleet_msgs/share/fleet_msgs/environment/pythonpath.sh
[1.285s] -- Up-to-date: /home/aditi/amr_ws/install/fleet_msgs/share/fleet_msgs/environment/pythonpath.dsv
[1.285s] -- Up-to-date: /home/aditi/amr_ws/install/fleet_msgs/lib/python3.14/site-packages/fleet_msgs/fleet_msgs_s__rosidl_typesupport_fastrtps_c.so
[1.285s] -- Up-to-date: /home/aditi/amr_ws/install/fleet_msgs/lib/python3.14/site-packages/fleet_msgs/fleet_msgs_s__rosidl_typesupport_introspection_c.so
[1.285s] -- Up-to-date: /home/aditi/amr_ws/install/fleet_msgs/lib/python3.14/site-packages/fleet_msgs/fleet_msgs_s__rosidl_typesupport_c.so
[1.285s] -- Up-to-date: /home/aditi/amr_ws/install/fleet_msgs/lib/libfleet_msgs__rosidl_generator_py.so
[1.286s] -- Up-to-date: /home/aditi/amr_ws/install/fleet_msgs/share/fleet_msgs/rust
[1.286s] -- Up-to-date: /home/aditi/amr_ws/install/fleet_msgs/share/fleet_msgs/rust/src
[1.286s] -- Up-to-date: /home/aditi/amr_ws/install/fleet_msgs/share/fleet_msgs/rust/src/lib.rs
[1.287s] -- Up-to-date: /home/aditi/amr_ws/install/fleet_msgs/share/fleet_msgs/rust/src/msg.rs
[1.287s] -- Up-to-date: /home/aditi/amr_ws/install/fleet_msgs/share/fleet_msgs/rust/src/msg
[1.288s] -- Up-to-date: /home/aditi/amr_ws/install/fleet_msgs/share/fleet_msgs/rust/src/msg/rmw.rs
[1.288s] -- Up-to-date: /home/aditi/amr_ws/install/fleet_msgs/share/fleet_msgs/rust/Cargo.toml
[1.288s] -- Up-to-date: /home/aditi/amr_ws/install/fleet_msgs/share/fleet_msgs/rust/build.rs
[1.289s] -- Up-to-date: /home/aditi/amr_ws/install/fleet_msgs/share/fleet_msgs/msg/RobotState.idl
[1.289s] -- Up-to-date: /home/aditi/amr_ws/install/fleet_msgs/share/fleet_msgs/msg/RobotIntent.idl
[1.289s] -- Up-to-date: /home/aditi/amr_ws/install/fleet_msgs/share/fleet_msgs/msg/ResourceClaim.idl
[1.289s] -- Up-to-date: /home/aditi/amr_ws/install/fleet_msgs/share/fleet_msgs/msg/TaskAnnouncement.idl
[1.290s] -- Up-to-date: /home/aditi/amr_ws/install/fleet_msgs/share/fleet_msgs/msg/TaskBid.idl
[1.290s] -- Up-to-date: /home/aditi/amr_ws/install/fleet_msgs/share/fleet_msgs/msg/Heartbeat.idl
[1.291s] -- Up-to-date: /home/aditi/amr_ws/install/fleet_msgs/share/fleet_msgs/msg/RobotState.msg
[1.291s] -- Up-to-date: /home/aditi/amr_ws/install/fleet_msgs/share/fleet_msgs/msg/RobotIntent.msg
[1.291s] -- Up-to-date: /home/aditi/amr_ws/install/fleet_msgs/share/fleet_msgs/msg/ResourceClaim.msg
[1.292s] -- Up-to-date: /home/aditi/amr_ws/install/fleet_msgs/share/fleet_msgs/msg/TaskAnnouncement.msg
[1.293s] -- Up-to-date: /home/aditi/amr_ws/install/fleet_msgs/share/fleet_msgs/msg/TaskBid.msg
[1.293s] -- Up-to-date: /home/aditi/amr_ws/install/fleet_msgs/share/fleet_msgs/msg/Heartbeat.msg
[1.294s] -- Up-to-date: /home/aditi/amr_ws/install/fleet_msgs/share/ament_index/resource_index/package_run_dependencies/fleet_msgs
[1.294s] -- Up-to-date: /home/aditi/amr_ws/install/fleet_msgs/share/ament_index/resource_index/parent_prefix_path/fleet_msgs
[1.294s] -- Up-to-date: /home/aditi/amr_ws/install/fleet_msgs/share/fleet_msgs/environment/ament_prefix_path.sh
[1.295s] -- Up-to-date: /home/aditi/amr_ws/install/fleet_msgs/share/fleet_msgs/environment/ament_prefix_path.dsv
[1.295s] -- Up-to-date: /home/aditi/amr_ws/install/fleet_msgs/share/fleet_msgs/environment/path.sh
[1.296s] -- Up-to-date: /home/aditi/amr_ws/install/fleet_msgs/share/fleet_msgs/environment/path.dsv
[1.296s] -- Up-to-date: /home/aditi/amr_ws/install/fleet_msgs/share/fleet_msgs/local_setup.bash
[1.297s] -- Up-to-date: /home/aditi/amr_ws/install/fleet_msgs/share/fleet_msgs/local_setup.fish
[1.297s] -- Up-to-date: /home/aditi/amr_ws/install/fleet_msgs/share/fleet_msgs/local_setup.sh
[1.298s] -- Up-to-date: /home/aditi/amr_ws/install/fleet_msgs/share/fleet_msgs/local_setup.zsh
[1.298s] -- Up-to-date: /home/aditi/amr_ws/install/fleet_msgs/share/fleet_msgs/local_setup.dsv
[1.299s] -- Installing: /home/aditi/amr_ws/install/fleet_msgs/share/fleet_msgs/package.dsv
[1.299s] -- Up-to-date: /home/aditi/amr_ws/install/fleet_msgs/share/ament_index/resource_index/packages/fleet_msgs
[1.299s] -- Up-to-date: /home/aditi/amr_ws/install/fleet_msgs/share/fleet_msgs/cmake/export_fleet_msgs__rosidl_generator_cExport.cmake
[1.300s] -- Up-to-date: /home/aditi/amr_ws/install/fleet_msgs/share/fleet_msgs/cmake/export_fleet_msgs__rosidl_generator_cExport-noconfig.cmake
[1.301s] -- Up-to-date: /home/aditi/amr_ws/install/fleet_msgs/share/fleet_msgs/cmake/export_fleet_msgs__rosidl_typesupport_fastrtps_cExport.cmake
[1.301s] -- Up-to-date: /home/aditi/amr_ws/install/fleet_msgs/share/fleet_msgs/cmake/export_fleet_msgs__rosidl_typesupport_fastrtps_cExport-noconfig.cmake
[1.302s] -- Up-to-date: /home/aditi/amr_ws/install/fleet_msgs/share/fleet_msgs/cmake/fleet_msgs__rosidl_typesupport_introspection_cExport.cmake
[1.302s] -- Up-to-date: /home/aditi/amr_ws/install/fleet_msgs/share/fleet_msgs/cmake/fleet_msgs__rosidl_typesupport_introspection_cExport-noconfig.cmake
[1.303s] -- Up-to-date: /home/aditi/amr_ws/install/fleet_msgs/share/fleet_msgs/cmake/fleet_msgs__rosidl_typesupport_cExport.cmake
[1.303s] -- Up-to-date: /home/aditi/amr_ws/install/fleet_msgs/share/fleet_msgs/cmake/fleet_msgs__rosidl_typesupport_cExport-noconfig.cmake
[1.304s] -- Up-to-date: /home/aditi/amr_ws/install/fleet_msgs/share/fleet_msgs/cmake/export_fleet_msgs__rosidl_generator_cppExport.cmake
[1.304s] -- Up-to-date: /home/aditi/amr_ws/install/fleet_msgs/share/fleet_msgs/cmake/export_fleet_msgs__rosidl_typesupport_fastrtps_cppExport.cmake
[1.305s] -- Up-to-date: /home/aditi/amr_ws/install/fleet_msgs/share/fleet_msgs/cmake/export_fleet_msgs__rosidl_typesupport_fastrtps_cppExport-noconfig.cmake
[1.305s] -- Up-to-date: /home/aditi/amr_ws/install/fleet_msgs/share/fleet_msgs/cmake/fleet_msgs__rosidl_typesupport_introspection_cppExport.cmake
[1.306s] -- Up-to-date: /home/aditi/amr_ws/install/fleet_msgs/share/fleet_msgs/cmake/fleet_msgs__rosidl_typesupport_introspection_cppExport-noconfig.cmake
[1.306s] -- Up-to-date: /home/aditi/amr_ws/install/fleet_msgs/share/fleet_msgs/cmake/fleet_msgs__rosidl_typesupport_cppExport.cmake
[1.307s] -- Up-to-date: /home/aditi/amr_ws/install/fleet_msgs/share/fleet_msgs/cmake/fleet_msgs__rosidl_typesupport_cppExport-noconfig.cmake
[1.307s] -- Up-to-date: /home/aditi/amr_ws/install/fleet_msgs/share/fleet_msgs/cmake/export_fleet_msgs__rosidl_generator_pyExport.cmake
[1.307s] -- Up-to-date: /home/aditi/amr_ws/install/fleet_msgs/share/fleet_msgs/cmake/export_fleet_msgs__rosidl_generator_pyExport-noconfig.cmake
[1.308s] -- Up-to-date: /home/aditi/amr_ws/install/fleet_msgs/lib/python3.14/site-packages/fleet_msgs-0.0.0-py3.14.egg-info
[1.308s] -- Installing: /home/aditi/amr_ws/install/fleet_msgs/lib/python3.14/site-packages/fleet_msgs-0.0.0-py3.14.egg-info/top_level.txt
[1.309s] -- Installing: /home/aditi/amr_ws/install/fleet_msgs/lib/python3.14/site-packages/fleet_msgs-0.0.0-py3.14.egg-info/dependency_links.txt
[1.309s] -- Installing: /home/aditi/amr_ws/install/fleet_msgs/lib/python3.14/site-packages/fleet_msgs-0.0.0-py3.14.egg-info/PKG-INFO
[1.310s] -- Installing: /home/aditi/amr_ws/install/fleet_msgs/lib/python3.14/site-packages/fleet_msgs-0.0.0-py3.14.egg-info/SOURCES.txt
[1.310s] -- Up-to-date: /home/aditi/amr_ws/install/fleet_msgs/lib/python3.14/site-packages/fleet_msgs
[1.310s] -- Up-to-date: /home/aditi/amr_ws/install/fleet_msgs/lib/python3.14/site-packages/fleet_msgs/fleet_msgs_s__rosidl_typesupport_introspection_c.so
[1.311s] -- Up-to-date: /home/aditi/amr_ws/install/fleet_msgs/lib/python3.14/site-packages/fleet_msgs/fleet_msgs_s__rosidl_typesupport_c.so
[1.311s] -- Up-to-date: /home/aditi/amr_ws/install/fleet_msgs/lib/python3.14/site-packages/fleet_msgs/__init__.py
[1.311s] -- Up-to-date: /home/aditi/amr_ws/install/fleet_msgs/lib/python3.14/site-packages/fleet_msgs/py.typed
[1.311s] -- Up-to-date: /home/aditi/amr_ws/install/fleet_msgs/lib/python3.14/site-packages/fleet_msgs/fleet_msgs_s__rosidl_typesupport_fastrtps_c.so
[1.312s] -- Up-to-date: /home/aditi/amr_ws/install/fleet_msgs/lib/python3.14/site-packages/fleet_msgs/_fleet_msgs_s.ep.rosidl_typesupport_fastrtps_c.c
[1.312s] -- Up-to-date: /home/aditi/amr_ws/install/fleet_msgs/lib/python3.14/site-packages/fleet_msgs/_fleet_msgs_s.ep.rosidl_typesupport_introspection_c.c
[1.312s] -- Up-to-date: /home/aditi/amr_ws/install/fleet_msgs/lib/python3.14/site-packages/fleet_msgs/msg
[1.313s] -- Up-to-date: /home/aditi/amr_ws/install/fleet_msgs/lib/python3.14/site-packages/fleet_msgs/msg/_robot_state_s.c
[1.313s] -- Up-to-date: /home/aditi/amr_ws/install/fleet_msgs/lib/python3.14/site-packages/fleet_msgs/msg/_task_bid.py
[1.314s] -- Up-to-date: /home/aditi/amr_ws/install/fleet_msgs/lib/python3.14/site-packages/fleet_msgs/msg/_robot_state.py
[1.314s] -- Up-to-date: /home/aditi/amr_ws/install/fleet_msgs/lib/python3.14/site-packages/fleet_msgs/msg/_robot_intent.py
[1.314s] -- Up-to-date: /home/aditi/amr_ws/install/fleet_msgs/lib/python3.14/site-packages/fleet_msgs/msg/__init__.py
[1.315s] -- Up-to-date: /home/aditi/amr_ws/install/fleet_msgs/lib/python3.14/site-packages/fleet_msgs/msg/_heartbeat_s.c
[1.315s] -- Up-to-date: /home/aditi/amr_ws/install/fleet_msgs/lib/python3.14/site-packages/fleet_msgs/msg/_resource_claim_s.c
[1.316s] -- Up-to-date: /home/aditi/amr_ws/install/fleet_msgs/lib/python3.14/site-packages/fleet_msgs/msg/_task_announcement.py
[1.316s] -- Up-to-date: /home/aditi/amr_ws/install/fleet_msgs/lib/python3.14/site-packages/fleet_msgs/msg/_task_announcement_s.c
[1.316s] -- Up-to-date: /home/aditi/amr_ws/install/fleet_msgs/lib/python3.14/site-packages/fleet_msgs/msg/_robot_intent_s.c
[1.316s] -- Up-to-date: /home/aditi/amr_ws/install/fleet_msgs/lib/python3.14/site-packages/fleet_msgs/msg/_task_bid_s.c
[1.317s] -- Up-to-date: /home/aditi/amr_ws/install/fleet_msgs/lib/python3.14/site-packages/fleet_msgs/msg/_resource_claim.py
[1.317s] -- Up-to-date: /home/aditi/amr_ws/install/fleet_msgs/lib/python3.14/site-packages/fleet_msgs/msg/_heartbeat.py
[1.317s] -- Up-to-date: /home/aditi/amr_ws/install/fleet_msgs/lib/python3.14/site-packages/fleet_msgs/_fleet_msgs_s.ep.rosidl_typesupport_c.c
[1.386s] Listing '/home/aditi/amr_ws/install/fleet_msgs/lib/python3.14/site-packages/fleet_msgs'...
[1.387s] Listing '/home/aditi/amr_ws/install/fleet_msgs/lib/python3.14/site-packages/fleet_msgs/msg'...
[1.397s] -- Up-to-date: /home/aditi/amr_ws/install/fleet_msgs/share/fleet_msgs/cmake/rosidl_cmake-extras.cmake
[1.398s] -- Up-to-date: /home/aditi/amr_ws/install/fleet_msgs/share/fleet_msgs/cmake/ament_cmake_export_include_directories-extras.cmake
[1.398s] -- Up-to-date: /home/aditi/amr_ws/install/fleet_msgs/share/fleet_msgs/cmake/ament_cmake_export_libraries-extras.cmake
[1.398s] -- Up-to-date: /home/aditi/amr_ws/install/fleet_msgs/share/fleet_msgs/cmake/ament_cmake_export_targets-extras.cmake
[1.399s] -- Up-to-date: /home/aditi/amr_ws/install/fleet_msgs/share/fleet_msgs/cmake/rosidl_cmake_export_typesupport_targets-extras.cmake
[1.399s] -- Up-to-date: /home/aditi/amr_ws/install/fleet_msgs/share/fleet_msgs/cmake/ament_cmake_export_dependencies-extras.cmake
[1.399s] -- Up-to-date: /home/aditi/amr_ws/install/fleet_msgs/share/fleet_msgs/cmake/rosidl_cmake_export_typesupport_libraries-extras.cmake
[1.399s] -- Up-to-date: /home/aditi/amr_ws/install/fleet_msgs/share/fleet_msgs/cmake/rosidl_cmake_aggregate_target-extras.cmake
[1.399s] -- Up-to-date: /home/aditi/amr_ws/install/fleet_msgs/share/fleet_msgs/cmake/fleet_msgsConfig.cmake
[1.400s] -- Up-to-date: /home/aditi/amr_ws/install/fleet_msgs/share/fleet_msgs/cmake/fleet_msgsConfig-version.cmake
[1.400s] -- Up-to-date: /home/aditi/amr_ws/install/fleet_msgs/share/fleet_msgs/package.xml
[1.403s] Invoked command in '/home/aditi/amr_ws/build/fleet_msgs' returned '0': CMAKE_PREFIX_PATH=${CMAKE_PREFIX_PATH}:/home/aditi/amr_ws/install/task_allocator:/home/aditi/amr_ws/install/robot_bringup:/home/aditi/amr_ws/install/fleet_coordination:/home/aditi/amr_ws/install/dashboard_bridge:/opt/ros/lyrical /usr/bin/cmake --install /home/aditi/amr_ws/build/fleet_msgs
