[1.785s] Invoking command in '/home/aditi/amr_ws/src/fleet_coordination': PYTHONPATH=/home/aditi/amr_ws/build/fleet_coordination/prefix_override:/usr/lib/python3/dist-packages/colcon_core/task/python/colcon_distutils_commands:/home/aditi/amr_ws/install/fleet_coordination/lib/python3.14/site-packages:/home/aditi/amr_ws/install/fleet_msgs/lib/python3.14/site-packages:/home/aditi/amr_ws/install/task_allocator/lib/python3.14/site-packages:/home/aditi/amr_ws/install/robot_bringup/lib/python3.14/site-packages:/home/aditi/amr_ws/install/fleet_coordination/lib/python3.14/site-packages:/home/aditi/amr_ws/install/dashboard_bridge/lib/python3.14/site-packages:/opt/ros/lyrical/opt/gz_math_vendor/lib/python:/opt/ros/lyrical/lib/python3.14/site-packages /usr/bin/python3 -W ignore:setup.py install is deprecated -W ignore:easy_install command is deprecated setup.py egg_info --egg-base ../../build/fleet_coordination build --build-base /home/aditi/amr_ws/build/fleet_coordination/build install --record /home/aditi/amr_ws/build/fleet_coordination/install.log --install-scripts $base/lib/fleet_coordination --single-version-externally-managed install_data
[2.279s] running egg_info
[2.308s] writing ../../build/fleet_coordination/fleet_coordination.egg-info/PKG-INFO
[2.309s] writing dependency_links to ../../build/fleet_coordination/fleet_coordination.egg-info/dependency_links.txt
[2.309s] writing entry points to ../../build/fleet_coordination/fleet_coordination.egg-info/entry_points.txt
[2.310s] writing requirements to ../../build/fleet_coordination/fleet_coordination.egg-info/requires.txt
[2.310s] writing top-level names to ../../build/fleet_coordination/fleet_coordination.egg-info/top_level.txt
[2.382s] reading manifest file '../../build/fleet_coordination/fleet_coordination.egg-info/SOURCES.txt'
[2.384s] writing manifest file '../../build/fleet_coordination/fleet_coordination.egg-info/SOURCES.txt'
[2.384s] running build
[2.384s] running build_py
[2.384s] copying fleet_coordination/fleet_agent_node.py -> /home/aditi/amr_ws/build/fleet_coordination/build/lib/fleet_coordination
[2.385s] copying fleet_coordination/__init__.py -> /home/aditi/amr_ws/build/fleet_coordination/build/lib/fleet_coordination
[2.386s] running install
[2.393s] running install_lib
[2.431s] running install_data
[2.431s] copying resource/fleet_coordination -> /home/aditi/amr_ws/install/fleet_coordination/share/ament_index/resource_index/packages
[2.432s] copying package.xml -> /home/aditi/amr_ws/install/fleet_coordination/share/fleet_coordination
[2.432s] running install_egg_info
[2.467s] removing '/home/aditi/amr_ws/install/fleet_coordination/lib/python3.14/site-packages/fleet_coordination-0.0.0-py3.14.egg-info' (and everything under it)
[2.468s] Copying ../../build/fleet_coordination/fleet_coordination.egg-info to /home/aditi/amr_ws/install/fleet_coordination/lib/python3.14/site-packages/fleet_coordination-0.0.0-py3.14.egg-info
[2.470s] running install_scripts
[2.711s] Installing fleet_agent_node script to /home/aditi/amr_ws/install/fleet_coordination/lib/fleet_coordination
[2.712s] writing list of installed files to '/home/aditi/amr_ws/build/fleet_coordination/install.log'
[2.776s] Invoked command in '/home/aditi/amr_ws/src/fleet_coordination' returned '0': PYTHONPATH=/home/aditi/amr_ws/build/fleet_coordination/prefix_override:/usr/lib/python3/dist-packages/colcon_core/task/python/colcon_distutils_commands:/home/aditi/amr_ws/install/fleet_coordination/lib/python3.14/site-packages:/home/aditi/amr_ws/install/fleet_msgs/lib/python3.14/site-packages:/home/aditi/amr_ws/install/task_allocator/lib/python3.14/site-packages:/home/aditi/amr_ws/install/robot_bringup/lib/python3.14/site-packages:/home/aditi/amr_ws/install/fleet_coordination/lib/python3.14/site-packages:/home/aditi/amr_ws/install/dashboard_bridge/lib/python3.14/site-packages:/opt/ros/lyrical/opt/gz_math_vendor/lib/python:/opt/ros/lyrical/lib/python3.14/site-packages /usr/bin/python3 -W ignore:setup.py install is deprecated -W ignore:easy_install command is deprecated setup.py egg_info --egg-base ../../build/fleet_coordination build --build-base /home/aditi/amr_ws/build/fleet_coordination/build install --record /home/aditi/amr_ws/build/fleet_coordination/install.log --install-scripts $base/lib/fleet_coordination --single-version-externally-managed install_data
